******************************************************************************
                  TI ARM Linker PC v5.2.6                      
******************************************************************************
>> Linked Wed Nov 30 15:10:34 2016

OUTPUT FILE NAME:   <bim_extflash.out>
ENTRY POINT SYMBOL: "_c_int00"  address: 00000e61


MEMORY CONFIGURATION

         name            origin    length      used     unused   attr    fill
----------------------  --------  ---------  --------  --------  ----  --------
  FLASH_PAGE0           00000000   00001000  00000f62  0000009e  R  X
  FLASH_PAGE31          0001f000   00001000  000008ec  00000714  R  X
  SRAM                  20000000   00002cff  0000112c  00001bd3  RW X


SEGMENT ALLOCATION MAP

run origin  load origin   length   init length attrs members
----------  ----------- ---------- ----------- ----- -------
00000000    00000000    00000f68   00000f68    r-x
  00000000    00000000    000000c8   000000c8    r-- .intvecs
  000000c8    000000c8    00000b16   00000b16    r-x output_DRIVERS
  00000be0    00000be0    0000031e   0000031e    r-x .text
  00000f00    00000f00    0000002e   0000002e    r-- .const
  00000f30    00000f30    00000038   00000038    r-- .cinit
0001f000    0001f000    00000894   00000894    r-x
  0001f000    0001f000    00000018   00000018    r-x LoaderEntry
  0001f018    0001f018    0000087c   0000087c    r-x output_APP
0001ffa8    0001ffa8    00000058   00000058    r--
  0001ffa8    0001ffa8    00000058   00000058    r-- .ccfg
20000000    20000000    0000102c   00000000    rw-
  20000000    20000000    00001014   00000000    rw- .bss
  20001014    20001014    00000018   00000000    rw- .data
20002bfc    20002bfc    00000100   00000000    rw-
  20002bfc    20002bfc    00000100   00000000    rw- .stack


SECTION ALLOCATION MAP

 output                                  attributes/
section   page    origin      length       input sections
--------  ----  ----------  ----------   ----------------
.intvecs   0    00000000    000000c8     
                  00000000    000000c8     startup_ccs.obj (.intvecs)

output_DRIVERS 
*          0    000000c8    00000b16     
                  000000c8    000000d4     bsp_spi.obj (.text:bspSpiOpen)
                  0000019c    00000058     bsp_spi.obj (.text:bspSpiClose)
                  000001f4    00000054     bsp_spi.obj (.text:bspSpiRead)
                  00000248    00000048     bsp_spi.obj (.text:bspSpiWrite)
                  00000290    0000001c     bsp_spi.obj (.text:PRCMLoadGet)
                  000002ac    0000001c     bsp_spi.obj (.text:bspSpiFlush)
                  000002c8    00000018     bsp_spi.obj (.text:SSIIntDisable)
                  000002e0    00000016     bsp_spi.obj (.text:SSIEnable)
                  000002f6    00000012     bsp_spi.obj (.text:SSIIntClear)
                  00000308    0000000c     bsp_spi.obj (.text:PRCMLoadSet)
                  00000314    00000130     driverlib.lib : setup.obj (.text:NOROM_SetupAfterColdResetWakeupFromShutDownCfg3)
                  00000444    000000e4                   : setup.obj (.text:NOROM_SetupAfterColdResetWakeupFromShutDownCfg2)
                  00000528    000000cc                   : setup.obj (.text:TrimAfterColdResetWakeupFromShutDown)
                  000005f4    000000a4                   : setup.obj (.text:NOROM_SetupTrimDevice)
                  00000698    00000078                   : setup.obj (.text:NOROM_SetupAfterColdResetWakeupFromShutDownCfg1)
                  00000710    00000070                   : chipinfo.obj (.text:NOROM_ChipInfo_GetHwRevision)
                  00000780    0000006c                   : setup.obj (.text:NOROM_SetupGetTrimForAmpcompCtrl)
                  000007ec    00000068                   : setup.obj (.text:NOROM_SetupGetTrimForAnabypassValue1)
                  00000854    00000050                   : setup.obj (.text:NOROM_SetupSetCacheModeAccordingToCcfgSetting)
                  000008a4    0000004c                   : osc.obj (.text:NOROM_OSCClockSourceSet)
                  000008f0    00000048                   : chipinfo.obj (.text:NOROM_ChipInfo_GetChipFamily)
                  00000938    00000048                   : ddi.obj (.text:NOROM_DDI16BitfieldWrite)
                  00000980    00000040                   : ddi.obj (.text:NOROM_DDI16BitfieldRead)
                  000009c0    00000030                   : setup.obj (.text:NOROM_SetupSetAonRtcSubSecInc)
                  000009f0    0000002c                   : ddi.obj (.text:NOROM_DDI32RegWrite)
                  00000a1c    0000002c                   : setup.obj (.text:NOROM_SetupGetTrimForRadcExtCfg)
                  00000a48    00000020                   : setup.obj (.text:NOROM_SetupGetTrimForXoscHfCtl)
                  00000a68    0000001c                   : flash.obj (.text:NOROM_FlashProgram)
                  00000a84    0000001c                   : flash.obj (.text:NOROM_FlashSectorErase)
                  00000aa0    0000001c                   : osc.obj (.text:NOROM_OSCClockSourceGet)
                  00000abc    0000001c                   : setup.obj (.text:NOROM_SetupGetTrimForAmpcompTh2)
                  00000ad8    0000001c                   : setup.obj (.text:NOROM_SetupGetTrimForRcOscLfRtuneCtuneTrim)
                  00000af4    00000018                   : setup.obj (.text:NOROM_SetupGetTrimForAdcShModeEn)
                  00000b0c    00000018                   : setup.obj (.text:NOROM_SetupGetTrimForAdcShVbufEn)
                  00000b24    00000018                   : setup.obj (.text:NOROM_SetupGetTrimForAmpcompTh1)
                  00000b3c    00000018                   : setup.obj (.text:NOROM_SetupGetTrimForDblrLoopFilterResetVoltage)
                  00000b54    00000018                   : setup.obj (.text:NOROM_SetupGetTrimForRcOscLfIBiasTrim)
                  00000b6c    00000018                   : setup.obj (.text:NOROM_SetupGetTrimForXoscLfRegulatorAndCmirrwrRatio)
                  00000b84    00000014                   : chipinfo.obj (.text:NOROM_ThisCodeIsBuiltForCC26xxHwRev22AndLater_HaltIfViolated)
                  00000b98    00000010                   : setup.obj (.text:NOROM_SetupGetTrimForXoscHfFastStart)
                  00000ba8    00000010                   : setup.obj (.text:NOROM_SetupGetTrimForXoscHfIbiastherm)
                  00000bb8    0000000e                   : setup.obj (.text:NOROM_SetupSignExtendVddrTrimValue)
                  00000bc6    0000000c                   : cpu.obj (.text:NOROM_CPUcpsid)
                  00000bd2    0000000c                   : cpu.obj (.text:NOROM_CPUcpsie)

.text      0    00000be0    0000031e     
                  00000be0    0000009c     rtsv7M3_T_le_eabi.lib : memcpy_t2.obj (.text)
                  00000c7c    0000007a                           : memset_t2.obj (.text)
                  00000cf6    00000002     startup_ccs.obj (.text:FaultISR)
                  00000cf8    0000006c     rtsv7M3_T_le_eabi.lib : autoinit.obj (.text)
                  00000d64    0000006a                           : copy_decompress_rle.obj (.text)
                  00000dce    00000002     startup_ccs.obj (.text:IntDefaultHandler)
                  00000dd0    0000004c     rtsv7M3_T_le_eabi.lib : cpy_tbl.obj (.text)
                  00000e1c    00000044                           : exit.obj (.text)
                  00000e60    0000003c                           : boot.obj (.text)
                  00000e9c    00000018                           : args_main.obj (.text)
                  00000eb4    00000014                           : _lock.obj (.text)
                  00000ec8    00000010     startup_ccs.obj (.text:ResetISR)
                  00000ed8    0000000e     rtsv7M3_T_le_eabi.lib : copy_decompress_none.obj (.text:decompress:none)
                  00000ee6    0000000c                           : copy_zero_init.obj (.text:decompress:ZI)
                  00000ef2    00000006                           : copy_decompress_rle.obj (.text:decompress:rle24)
                  00000ef8    00000004                           : pre_init.obj (.text)
                  00000efc    00000002     startup_ccs.obj (.text:NmiSR)

.const     0    00000f00    0000002e     
                  00000f00    00000028     ext_flash.obj (.const:flashInfo)
                  00000f28    00000006     ext_flash.obj (.const:.string)

.cinit     0    00000f30    00000038     
                  00000f30    0000000f     (.cinit..data.load) [load image, compression = rle]
                  00000f3f    00000001     --HOLE-- [fill = 0]
                  00000f40    0000000c     (__TI_handler_table)
                  00000f4c    00000004     --HOLE-- [fill = 0]
                  00000f50    00000008     (.cinit..bss.load) [load image, compression = zero_init]
                  00000f58    00000010     (__TI_cinit_table)

LoaderEntry 
*          0    0001f000    00000018     
                  0001f000    00000018     baseloaderentry_ti.obj (LoaderEntry:CODE:ROOT)

output_APP 
*          0    0001f018    0000087c     
                  0001f018    00000130     bim_main.obj (.text:crcCalc)
                  0001f148    000000d8     bim_main.obj (.text:Bim_checkImages)
                  0001f220    000000d2     bim_main.obj (.text:Bim_copyImage)
                  0001f2f2    0000008a     bim_main.obj (.text:crc16)
                  0001f37c    00000040     bim_main.obj (.text:Bim_safeStart)
                  0001f3bc    00000030     bim_main.obj (.text:crcCheck)
                  0001f3ec    0000001c     bim_main.obj (.text:Bim_intErasePage)
                  0001f408    0000001c     bim_main.obj (.text:Bim_intWriteWord)
                  0001f424    00000014     bim_main.obj (.text:Bim_extReadBuf)
                  0001f438    00000014     bim_main.obj (.text:Bim_extWriteBuf)
                  0001f44c    00000014     bim_main.obj (.text:WatchdogReloadSet)
                  0001f460    00000014     bim_main.obj (.text:main)
                  0001f474    0000000c     bim_main.obj (.text:WatchdogEnable)
                  0001f480    0000000c     bim_main.obj (.text:WatchdogResetEnable)
                  0001f48c    0000001e     bls_bsp.obj (.text:BLS_read)
                  0001f4aa    0000001e     bls_bsp.obj (.text:BLS_write)
                  0001f4c8    00000012     bls_bsp.obj (.text:BLS_init)
                  0001f4da    00000008     bls_bsp.obj (.text:BLS_close)
                  0001f4e2    00000002     --HOLE-- [fill = 0]
                  0001f4e4    000000ba     ext_flash.obj (.text:extFlashWrite)
                  0001f59e    00000074     ext_flash.obj (.text:extFlashRead)
                  0001f612    00000002     --HOLE-- [fill = 0]
                  0001f614    00000068     ext_flash.obj (.text:extFlashVerifyPart)
                  0001f67c    00000054     ext_flash.obj (.text:extFlashPowerStandby)
                  0001f6d0    0000004c     ext_flash.obj (.text:extFlashWaitReady)
                  0001f71c    00000048     ext_flash.obj (.text:extFlashOpen)
                  0001f764    00000048     ext_flash.obj (.text:extFlashReadInfo)
                  0001f7ac    00000032     ext_flash.obj (.text:extFlashWaitPowerDown)
                  0001f7de    00000002     --HOLE-- [fill = 0]
                  0001f7e0    00000030     ext_flash.obj (.text:extFlashWriteEnable)
                  0001f810    0000002e     ext_flash.obj (.text:extFlashPowerDown)
                  0001f83e    00000002     --HOLE-- [fill = 0]
                  0001f840    00000018     ext_flash.obj (.text:GPIO_clearDio)
                  0001f858    00000018     ext_flash.obj (.text:GPIO_setDio)
                  0001f870    00000010     ext_flash.obj (.text:extFlashClose)
                  0001f880    0000000a     ext_flash.obj (.text:extFlashDeselect)
                  0001f88a    0000000a     ext_flash.obj (.text:extFlashSelect)

.init_array 
*          0    00000000    00000000     UNINITIALIZED

.ccfg      0    0001ffa8    00000058     
                  0001ffa8    00000058     ccfg_app_ble.obj (.ccfg:retain)

.bss       0    20000000    00001014     UNINITIALIZED
                  20000000    00001000     bim_main.obj (.bss:pgBuf)
                  20001000    00000010     (.common:imgInfo)
                  20001010    00000004     (.common:infoBuf)

.TI.noinit 
*          0    20000000    00000000     UNINITIALIZED

.data      0    20001014    00000018     UNINITIALIZED
                  20001014    00000008     rtsv7M3_T_le_eabi.lib : _lock.obj (.data)
                  2000101c    00000008                           : exit.obj (.data)
                  20001024    00000004     ext_flash.obj (.data)
                  20001028    00000004     rtsv7M3_T_le_eabi.lib : stkdepth_vars.obj (.data)

.TI.persistent 
*          0    20001014    00000000     UNINITIALIZED

.stack     0    20002bfc    00000100     UNINITIALIZED
                  20002bfc    00000100     --HOLE--


LINKER GENERATED COPY TABLES

__TI_cinit_table @ 00000f58 records: 2, size/record: 8, table size: 16
	.data: load addr=00000f30, load size=0000000f bytes, run addr=20001014, run size=00000018 bytes, compression=rle
	.bss: load addr=00000f50, load size=00000008 bytes, run addr=20000000, run size=00001014 bytes, compression=zero_init


LINKER GENERATED HANDLER TABLE

__TI_handler_table @ 00000f40 records: 3, size/record: 4, table size: 12
	index: 0, handler: __TI_decompress_rle24
	index: 1, handler: __TI_decompress_none
	index: 2, handler: __TI_zero_init


GLOBAL SYMBOLS: SORTED ALPHABETICALLY BY Name 

address   name                                                        
-------   ----                                                        
0001f4db  BLS_close                                                   
0001f4c9  BLS_init                                                    
0001f48d  BLS_read                                                    
0001f4ab  BLS_write                                                   
0001f001  BaseLoader_start                                            
0001f149  Bim_checkImages                                             
0001f37d  Bim_safeStart                                               
00000e1d  C$$EXIT                                                     
00000bc7  NOROM_CPUcpsid                                              
00000bd3  NOROM_CPUcpsie                                              
000008f1  NOROM_ChipInfo_GetChipFamily                                
00000711  NOROM_ChipInfo_GetHwRevision                                
00000981  NOROM_DDI16BitfieldRead                                     
00000939  NOROM_DDI16BitfieldWrite                                    
000009f1  NOROM_DDI32RegWrite                                         
00000a69  NOROM_FlashProgram                                          
00000a85  NOROM_FlashSectorErase                                      
00000aa1  NOROM_OSCClockSourceGet                                     
000008a5  NOROM_OSCClockSourceSet                                     
00000699  NOROM_SetupAfterColdResetWakeupFromShutDownCfg1             
00000445  NOROM_SetupAfterColdResetWakeupFromShutDownCfg2             
00000315  NOROM_SetupAfterColdResetWakeupFromShutDownCfg3             
00000af5  NOROM_SetupGetTrimForAdcShModeEn                            
00000b0d  NOROM_SetupGetTrimForAdcShVbufEn                            
00000781  NOROM_SetupGetTrimForAmpcompCtrl                            
00000b25  NOROM_SetupGetTrimForAmpcompTh1                             
00000abd  NOROM_SetupGetTrimForAmpcompTh2                             
000007ed  NOROM_SetupGetTrimForAnabypassValue1                        
00000b3d  NOROM_SetupGetTrimForDblrLoopFilterResetVoltage             
00000a1d  NOROM_SetupGetTrimForRadcExtCfg                             
00000b55  NOROM_SetupGetTrimForRcOscLfIBiasTrim                       
00000ad9  NOROM_SetupGetTrimForRcOscLfRtuneCtuneTrim                  
00000a49  NOROM_SetupGetTrimForXoscHfCtl                              
00000b99  NOROM_SetupGetTrimForXoscHfFastStart                        
00000ba9  NOROM_SetupGetTrimForXoscHfIbiastherm                       
00000b6d  NOROM_SetupGetTrimForXoscLfRegulatorAndCmirrwrRatio         
000009c1  NOROM_SetupSetAonRtcSubSecInc                               
00000855  NOROM_SetupSetCacheModeAccordingToCcfgSetting               
00000bb9  NOROM_SetupSignExtendVddrTrimValue                          
000005f5  NOROM_SetupTrimDevice                                       
00000b85  NOROM_ThisCodeIsBuiltForCC26xxHwRev22AndLater_HaltIfViolated
00000ec9  ResetISR                                                    
UNDEFED   SHT$$INIT_ARRAY$$Base                                       
UNDEFED   SHT$$INIT_ARRAY$$Limit                                      
20002cfc  __STACK_END                                                 
00000100  __STACK_SIZE                                                
20002cfc  __STACK_TOP                                                 
00000f58  __TI_CINIT_Base                                             
00000f68  __TI_CINIT_Limit                                            
00000f40  __TI_Handler_Table_Base                                     
00000f4c  __TI_Handler_Table_Limit                                    
00000cf9  __TI_auto_init                                              
2000101c  __TI_cleanup_ptr                                            
00000ed9  __TI_decompress_none                                        
00000ef3  __TI_decompress_rle24                                       
20001020  __TI_dtors_ptr                                              
00000000  __TI_static_base__                                          
00000ee7  __TI_zero_init                                              
00000c7d  __aeabi_memclr                                              
00000c7d  __aeabi_memclr4                                             
00000c7d  __aeabi_memclr8                                             
00000be1  __aeabi_memcpy                                              
00000be1  __aeabi_memcpy4                                             
00000be1  __aeabi_memcpy8                                             
00000c7f  __aeabi_memset                                              
00000c7f  __aeabi_memset4                                             
00000c7f  __aeabi_memset8                                             
ffffffff  __binit__                                                   
ffffffff  __c_args__                                                  
0001ffa8  __ccfg                                                      
20002bfc  __stack                                                     
00000e9d  _args_main                                                  
00000e61  _c_int00                                                    
20001014  _lock                                                       
00000ec3  _nop                                                        
00000ebb  _register_lock                                              
00000eb5  _register_unlock                                            
00000ef9  _system_pre_init                                            
20001018  _unlock                                                     
00000e21  abort                                                       
ffffffff  binit                                                       
0000019d  bspSpiClose                                                 
000002ad  bspSpiFlush                                                 
000000c9  bspSpiOpen                                                  
000001f5  bspSpiRead                                                  
00000249  bspSpiWrite                                                 
00000dd1  copy_in                                                     
00000e29  exit                                                        
0001f871  extFlashClose                                               
0001f71d  extFlashOpen                                                
0001f59f  extFlashRead                                                
0001f4e5  extFlashWrite                                               
00000000  g_pfnVectors                                                
20001000  imgInfo                                                     
0001f461  main                                                        
20001028  main_func_sp                                                
00000be1  memcpy                                                      
00000c85  memset                                                      
20000000  pgBuf                                                       


GLOBAL SYMBOLS: SORTED BY Symbol Address 

address   name                                                        
-------   ----                                                        
00000000  __TI_static_base__                                          
00000000  g_pfnVectors                                                
000000c9  bspSpiOpen                                                  
00000100  __STACK_SIZE                                                
0000019d  bspSpiClose                                                 
000001f5  bspSpiRead                                                  
00000249  bspSpiWrite                                                 
000002ad  bspSpiFlush                                                 
00000315  NOROM_SetupAfterColdResetWakeupFromShutDownCfg3             
00000445  NOROM_SetupAfterColdResetWakeupFromShutDownCfg2             
000005f5  NOROM_SetupTrimDevice                                       
00000699  NOROM_SetupAfterColdResetWakeupFromShutDownCfg1             
00000711  NOROM_ChipInfo_GetHwRevision                                
00000781  NOROM_SetupGetTrimForAmpcompCtrl                            
000007ed  NOROM_SetupGetTrimForAnabypassValue1                        
00000855  NOROM_SetupSetCacheModeAccordingToCcfgSetting               
000008a5  NOROM_OSCClockSourceSet                                     
000008f1  NOROM_ChipInfo_GetChipFamily                                
00000939  NOROM_DDI16BitfieldWrite                                    
00000981  NOROM_DDI16BitfieldRead                                     
000009c1  NOROM_SetupSetAonRtcSubSecInc                               
000009f1  NOROM_DDI32RegWrite                                         
00000a1d  NOROM_SetupGetTrimForRadcExtCfg                             
00000a49  NOROM_SetupGetTrimForXoscHfCtl                              
00000a69  NOROM_FlashProgram                                          
00000a85  NOROM_FlashSectorErase                                      
00000aa1  NOROM_OSCClockSourceGet                                     
00000abd  NOROM_SetupGetTrimForAmpcompTh2                             
00000ad9  NOROM_SetupGetTrimForRcOscLfRtuneCtuneTrim                  
00000af5  NOROM_SetupGetTrimForAdcShModeEn                            
00000b0d  NOROM_SetupGetTrimForAdcShVbufEn                            
00000b25  NOROM_SetupGetTrimForAmpcompTh1                             
00000b3d  NOROM_SetupGetTrimForDblrLoopFilterResetVoltage             
00000b55  NOROM_SetupGetTrimForRcOscLfIBiasTrim                       
00000b6d  NOROM_SetupGetTrimForXoscLfRegulatorAndCmirrwrRatio         
00000b85  NOROM_ThisCodeIsBuiltForCC26xxHwRev22AndLater_HaltIfViolated
00000b99  NOROM_SetupGetTrimForXoscHfFastStart                        
00000ba9  NOROM_SetupGetTrimForXoscHfIbiastherm                       
00000bb9  NOROM_SetupSignExtendVddrTrimValue                          
00000bc7  NOROM_CPUcpsid                                              
00000bd3  NOROM_CPUcpsie                                              
00000be1  __aeabi_memcpy                                              
00000be1  __aeabi_memcpy4                                             
00000be1  __aeabi_memcpy8                                             
00000be1  memcpy                                                      
00000c7d  __aeabi_memclr                                              
00000c7d  __aeabi_memclr4                                             
00000c7d  __aeabi_memclr8                                             
00000c7f  __aeabi_memset                                              
00000c7f  __aeabi_memset4                                             
00000c7f  __aeabi_memset8                                             
00000c85  memset                                                      
00000cf9  __TI_auto_init                                              
00000dd1  copy_in                                                     
00000e1d  C$$EXIT                                                     
00000e21  abort                                                       
00000e29  exit                                                        
00000e61  _c_int00                                                    
00000e9d  _args_main                                                  
00000eb5  _register_unlock                                            
00000ebb  _register_lock                                              
00000ec3  _nop                                                        
00000ec9  ResetISR                                                    
00000ed9  __TI_decompress_none                                        
00000ee7  __TI_zero_init                                              
00000ef3  __TI_decompress_rle24                                       
00000ef9  _system_pre_init                                            
00000f40  __TI_Handler_Table_Base                                     
00000f4c  __TI_Handler_Table_Limit                                    
00000f58  __TI_CINIT_Base                                             
00000f68  __TI_CINIT_Limit                                            
0001f001  BaseLoader_start                                            
0001f149  Bim_checkImages                                             
0001f37d  Bim_safeStart                                               
0001f461  main                                                        
0001f48d  BLS_read                                                    
0001f4ab  BLS_write                                                   
0001f4c9  BLS_init                                                    
0001f4db  BLS_close                                                   
0001f4e5  extFlashWrite                                               
0001f59f  extFlashRead                                                
0001f71d  extFlashOpen                                                
0001f871  extFlashClose                                               
0001ffa8  __ccfg                                                      
20000000  pgBuf                                                       
20001000  imgInfo                                                     
20001014  _lock                                                       
20001018  _unlock                                                     
2000101c  __TI_cleanup_ptr                                            
20001020  __TI_dtors_ptr                                              
20001028  main_func_sp                                                
20002bfc  __stack                                                     
20002cfc  __STACK_END                                                 
20002cfc  __STACK_TOP                                                 
ffffffff  __binit__                                                   
ffffffff  __c_args__                                                  
ffffffff  binit                                                       
UNDEFED   SHT$$INIT_ARRAY$$Base                                       
UNDEFED   SHT$$INIT_ARRAY$$Limit                                      

[99 symbols]
