<?xml version="1.0"?>
<link_info>
   <banner>TI ARM Linker PC v5.2.6</banner>
   <copyright>Copyright (c) 1996-2015 Texas Instruments Incorporated</copyright>
   <link_time>0x583eddda</link_time>
   <link_errors>0x0</link_errors>
   <output_file>bim_extflash.out</output_file>
   <entry_point>
      <name>_c_int00</name>
      <address>0xe61</address>
   </entry_point>
   <input_file_list>
      <input_file id="fl-2">
         <path>.\Application\</path>
         <kind>object</kind>
         <file>baseloaderentry_ti.obj</file>
         <name>baseloaderentry_ti.obj</name>
      </input_file>
      <input_file id="fl-3">
         <path>.\Application\</path>
         <kind>object</kind>
         <file>bim_main.obj</file>
         <name>bim_main.obj</name>
      </input_file>
      <input_file id="fl-4">
         <path>.\Application\</path>
         <kind>object</kind>
         <file>bls_bsp.obj</file>
         <name>bls_bsp.obj</name>
      </input_file>
      <input_file id="fl-5">
         <path>.\Application\</path>
         <kind>object</kind>
         <file>ccfg_app_ble.obj</file>
         <name>ccfg_app_ble.obj</name>
      </input_file>
      <input_file id="fl-6">
         <path>.\Application\</path>
         <kind>object</kind>
         <file>startup_ccs.obj</file>
         <name>startup_ccs.obj</name>
      </input_file>
      <input_file id="fl-7">
         <path>.\ExternalFlash\</path>
         <kind>object</kind>
         <file>ext_flash.obj</file>
         <name>ext_flash.obj</name>
      </input_file>
      <input_file id="fl-8">
         <path>.\SPI\</path>
         <kind>object</kind>
         <file>bsp_spi.obj</file>
         <name>bsp_spi.obj</name>
      </input_file>
      <input_file id="fl-f">
         <path>C:\ti\tirtos_cc13xx_cc26xx_2_20_01_08\products\cc26xxware_2_24_02_17393\driverlib\bin\ccs\</path>
         <kind>archive</kind>
         <file>driverlib.lib</file>
         <name>cpu.obj</name>
      </input_file>
      <input_file id="fl-10">
         <path>C:\ti\tirtos_cc13xx_cc26xx_2_20_01_08\products\cc26xxware_2_24_02_17393\driverlib\bin\ccs\</path>
         <kind>archive</kind>
         <file>driverlib.lib</file>
         <name>flash.obj</name>
      </input_file>
      <input_file id="fl-11">
         <path>C:\ti\tirtos_cc13xx_cc26xx_2_20_01_08\products\cc26xxware_2_24_02_17393\driverlib\bin\ccs\</path>
         <kind>archive</kind>
         <file>driverlib.lib</file>
         <name>setup.obj</name>
      </input_file>
      <input_file id="fl-12">
         <path>C:\ti\tirtos_cc13xx_cc26xx_2_20_01_08\products\cc26xxware_2_24_02_17393\driverlib\bin\ccs\</path>
         <kind>archive</kind>
         <file>driverlib.lib</file>
         <name>chipinfo.obj</name>
      </input_file>
      <input_file id="fl-13">
         <path>C:\ti\tirtos_cc13xx_cc26xx_2_20_01_08\products\cc26xxware_2_24_02_17393\driverlib\bin\ccs\</path>
         <kind>archive</kind>
         <file>driverlib.lib</file>
         <name>ddi.obj</name>
      </input_file>
      <input_file id="fl-14">
         <path>C:\ti\tirtos_cc13xx_cc26xx_2_20_01_08\products\cc26xxware_2_24_02_17393\driverlib\bin\ccs\</path>
         <kind>archive</kind>
         <file>driverlib.lib</file>
         <name>osc.obj</name>
      </input_file>
      <input_file id="fl-15">
         <path>C:\ti\tirtos_cc13xx_cc26xx_2_20_01_08\products\cc26xxware_2_24_02_17393\driverlib\bin\ccs\</path>
         <kind>archive</kind>
         <file>driverlib.lib</file>
         <name>adi.obj</name>
      </input_file>
      <input_file id="fl-16">
         <path>C:\ti\tirtos_cc13xx_cc26xx_2_20_01_08\products\cc26xxware_2_24_02_17393\driverlib\bin\ccs\</path>
         <kind>archive</kind>
         <file>driverlib.lib</file>
         <name>aon_batmon.obj</name>
      </input_file>
      <input_file id="fl-17">
         <path>C:\ti\tirtos_cc13xx_cc26xx_2_20_01_08\products\cc26xxware_2_24_02_17393\driverlib\bin\ccs\</path>
         <kind>archive</kind>
         <file>driverlib.lib</file>
         <name>aon_rtc.obj</name>
      </input_file>
      <input_file id="fl-139">
         <path>C:\ti\ccsv6\tools\compiler\ti-cgt-arm_5.2.6\lib\</path>
         <kind>archive</kind>
         <file>rtsv7M3_T_le_eabi.lib</file>
         <name>boot.obj</name>
      </input_file>
      <input_file id="fl-13a">
         <path>C:\ti\ccsv6\tools\compiler\ti-cgt-arm_5.2.6\lib\</path>
         <kind>archive</kind>
         <file>rtsv7M3_T_le_eabi.lib</file>
         <name>copy_decompress_none.obj</name>
      </input_file>
      <input_file id="fl-13b">
         <path>C:\ti\ccsv6\tools\compiler\ti-cgt-arm_5.2.6\lib\</path>
         <kind>archive</kind>
         <file>rtsv7M3_T_le_eabi.lib</file>
         <name>copy_decompress_rle.obj</name>
      </input_file>
      <input_file id="fl-13c">
         <path>C:\ti\ccsv6\tools\compiler\ti-cgt-arm_5.2.6\lib\</path>
         <kind>archive</kind>
         <file>rtsv7M3_T_le_eabi.lib</file>
         <name>copy_zero_init.obj</name>
      </input_file>
      <input_file id="fl-13d">
         <path>C:\ti\ccsv6\tools\compiler\ti-cgt-arm_5.2.6\lib\</path>
         <kind>archive</kind>
         <file>rtsv7M3_T_le_eabi.lib</file>
         <name>exit.obj</name>
      </input_file>
      <input_file id="fl-13e">
         <path>C:\ti\ccsv6\tools\compiler\ti-cgt-arm_5.2.6\lib\</path>
         <kind>archive</kind>
         <file>rtsv7M3_T_le_eabi.lib</file>
         <name>memcpy_t2.obj</name>
      </input_file>
      <input_file id="fl-13f">
         <path>C:\ti\ccsv6\tools\compiler\ti-cgt-arm_5.2.6\lib\</path>
         <kind>archive</kind>
         <file>rtsv7M3_T_le_eabi.lib</file>
         <name>memset_t2.obj</name>
      </input_file>
      <input_file id="fl-140">
         <path>C:\ti\ccsv6\tools\compiler\ti-cgt-arm_5.2.6\lib\</path>
         <kind>archive</kind>
         <file>rtsv7M3_T_le_eabi.lib</file>
         <name>pre_init.obj</name>
      </input_file>
      <input_file id="fl-141">
         <path>C:\ti\ccsv6\tools\compiler\ti-cgt-arm_5.2.6\lib\</path>
         <kind>archive</kind>
         <file>rtsv7M3_T_le_eabi.lib</file>
         <name>stkdepth_vars.obj</name>
      </input_file>
      <input_file id="fl-142">
         <path>C:\ti\ccsv6\tools\compiler\ti-cgt-arm_5.2.6\lib\</path>
         <kind>archive</kind>
         <file>rtsv7M3_T_le_eabi.lib</file>
         <name>_lock.obj</name>
      </input_file>
      <input_file id="fl-143">
         <path>C:\ti\ccsv6\tools\compiler\ti-cgt-arm_5.2.6\lib\</path>
         <kind>archive</kind>
         <file>rtsv7M3_T_le_eabi.lib</file>
         <name>args_main.obj</name>
      </input_file>
      <input_file id="fl-144">
         <path>C:\ti\ccsv6\tools\compiler\ti-cgt-arm_5.2.6\lib\</path>
         <kind>archive</kind>
         <file>rtsv7M3_T_le_eabi.lib</file>
         <name>autoinit.obj</name>
      </input_file>
      <input_file id="fl-145">
         <path>C:\ti\ccsv6\tools\compiler\ti-cgt-arm_5.2.6\lib\</path>
         <kind>archive</kind>
         <file>rtsv7M3_T_le_eabi.lib</file>
         <name>cpy_tbl.obj</name>
      </input_file>
   </input_file_list>
   <object_component_list>
      <object_component id="oc-2f0">
         <name>.text:crcCalc</name>
         <load_address>0x1f018</load_address>
         <run_address>0x1f018</run_address>
         <size>0x130</size>
         <input_file_ref idref="fl-3"/>
      </object_component>
      <object_component id="oc-16b">
         <name>.text:Bim_checkImages</name>
         <load_address>0x1f148</load_address>
         <run_address>0x1f148</run_address>
         <size>0xd8</size>
         <input_file_ref idref="fl-3"/>
      </object_component>
      <object_component id="oc-af">
         <name>.text:Bim_copyImage</name>
         <load_address>0x1f220</load_address>
         <run_address>0x1f220</run_address>
         <size>0xd2</size>
         <input_file_ref idref="fl-3"/>
      </object_component>
      <object_component id="oc-350">
         <name>.text:crc16</name>
         <load_address>0x1f2f2</load_address>
         <run_address>0x1f2f2</run_address>
         <size>0x8a</size>
         <input_file_ref idref="fl-3"/>
      </object_component>
      <object_component id="oc-43">
         <name>.text:Bim_safeStart</name>
         <load_address>0x1f37c</load_address>
         <run_address>0x1f37c</run_address>
         <size>0x40</size>
         <input_file_ref idref="fl-3"/>
      </object_component>
      <object_component id="oc-1f3">
         <name>.text:crcCheck</name>
         <load_address>0x1f3bc</load_address>
         <run_address>0x1f3bc</run_address>
         <size>0x30</size>
         <input_file_ref idref="fl-3"/>
      </object_component>
      <object_component id="oc-12c">
         <name>.text:Bim_intErasePage</name>
         <load_address>0x1f3ec</load_address>
         <run_address>0x1f3ec</run_address>
         <size>0x1c</size>
         <input_file_ref idref="fl-3"/>
      </object_component>
      <object_component id="oc-138">
         <name>.text:Bim_intWriteWord</name>
         <load_address>0x1f408</load_address>
         <run_address>0x1f408</run_address>
         <size>0x1c</size>
         <input_file_ref idref="fl-3"/>
      </object_component>
      <object_component id="oc-132">
         <name>.text:Bim_extReadBuf</name>
         <load_address>0x1f424</load_address>
         <run_address>0x1f424</run_address>
         <size>0x14</size>
         <input_file_ref idref="fl-3"/>
      </object_component>
      <object_component id="oc-1f9">
         <name>.text:Bim_extWriteBuf</name>
         <load_address>0x1f438</load_address>
         <run_address>0x1f438</run_address>
         <size>0x14</size>
         <input_file_ref idref="fl-3"/>
      </object_component>
      <object_component id="oc-c7">
         <name>.text:WatchdogReloadSet</name>
         <load_address>0x1f44c</load_address>
         <run_address>0x1f44c</run_address>
         <size>0x14</size>
         <input_file_ref idref="fl-3"/>
      </object_component>
      <object_component id="oc-106">
         <name>.text:main</name>
         <load_address>0x1f460</load_address>
         <run_address>0x1f460</run_address>
         <size>0x14</size>
         <input_file_ref idref="fl-3"/>
      </object_component>
      <object_component id="oc-c1">
         <name>.text:WatchdogEnable</name>
         <load_address>0x1f474</load_address>
         <run_address>0x1f474</run_address>
         <size>0xc</size>
         <input_file_ref idref="fl-3"/>
      </object_component>
      <object_component id="oc-bb">
         <name>.text:WatchdogResetEnable</name>
         <load_address>0x1f480</load_address>
         <run_address>0x1f480</run_address>
         <size>0xc</size>
         <input_file_ref idref="fl-3"/>
      </object_component>
      <object_component id="oc-1a7">
         <name>.text:BLS_read</name>
         <load_address>0x1f48c</load_address>
         <run_address>0x1f48c</run_address>
         <size>0x1e</size>
         <input_file_ref idref="fl-4"/>
      </object_component>
      <object_component id="oc-2f7">
         <name>.text:BLS_write</name>
         <load_address>0x1f4aa</load_address>
         <run_address>0x1f4aa</run_address>
         <size>0x1e</size>
         <input_file_ref idref="fl-4"/>
      </object_component>
      <object_component id="oc-a9">
         <name>.text:BLS_init</name>
         <load_address>0x1f4c8</load_address>
         <run_address>0x1f4c8</run_address>
         <size>0x12</size>
         <input_file_ref idref="fl-4"/>
      </object_component>
      <object_component id="oc-b5">
         <name>.text:BLS_close</name>
         <load_address>0x1f4da</load_address>
         <run_address>0x1f4da</run_address>
         <size>0x8</size>
         <input_file_ref idref="fl-4"/>
      </object_component>
      <object_component id="oc-35a">
         <name>.text:extFlashWrite</name>
         <load_address>0x1f4e4</load_address>
         <run_address>0x1f4e4</run_address>
         <size>0xba</size>
         <input_file_ref idref="fl-7"/>
      </object_component>
      <object_component id="oc-24e">
         <name>.text:extFlashRead</name>
         <load_address>0x1f59e</load_address>
         <run_address>0x1f59e</run_address>
         <size>0x74</size>
         <input_file_ref idref="fl-7"/>
      </object_component>
      <object_component id="oc-199">
         <name>.text:extFlashVerifyPart</name>
         <load_address>0x1f614</load_address>
         <run_address>0x1f614</run_address>
         <size>0x68</size>
         <input_file_ref idref="fl-7"/>
      </object_component>
      <object_component id="oc-193">
         <name>.text:extFlashPowerStandby</name>
         <load_address>0x1f67c</load_address>
         <run_address>0x1f67c</run_address>
         <size>0x54</size>
         <input_file_ref idref="fl-7"/>
      </object_component>
      <object_component id="oc-236">
         <name>.text:extFlashWaitReady</name>
         <load_address>0x1f6d0</load_address>
         <run_address>0x1f6d0</run_address>
         <size>0x4c</size>
         <input_file_ref idref="fl-7"/>
      </object_component>
      <object_component id="oc-120">
         <name>.text:extFlashOpen</name>
         <load_address>0x1f71c</load_address>
         <run_address>0x1f71c</run_address>
         <size>0x48</size>
         <input_file_ref idref="fl-7"/>
      </object_component>
      <object_component id="oc-23d">
         <name>.text:extFlashReadInfo</name>
         <load_address>0x1f764</load_address>
         <run_address>0x1f764</run_address>
         <size>0x48</size>
         <input_file_ref idref="fl-7"/>
      </object_component>
      <object_component id="oc-1bd">
         <name>.text:extFlashWaitPowerDown</name>
         <load_address>0x1f7ac</load_address>
         <run_address>0x1f7ac</run_address>
         <size>0x32</size>
         <input_file_ref idref="fl-7"/>
      </object_component>
      <object_component id="oc-376">
         <name>.text:extFlashWriteEnable</name>
         <load_address>0x1f7e0</load_address>
         <run_address>0x1f7e0</run_address>
         <size>0x30</size>
         <input_file_ref idref="fl-7"/>
      </object_component>
      <object_component id="oc-1b7">
         <name>.text:extFlashPowerDown</name>
         <load_address>0x1f810</load_address>
         <run_address>0x1f810</run_address>
         <size>0x2e</size>
         <input_file_ref idref="fl-7"/>
      </object_component>
      <object_component id="oc-304">
         <name>.text:GPIO_clearDio</name>
         <load_address>0x1f840</load_address>
         <run_address>0x1f840</run_address>
         <size>0x18</size>
         <input_file_ref idref="fl-7"/>
      </object_component>
      <object_component id="oc-223">
         <name>.text:GPIO_setDio</name>
         <load_address>0x1f858</load_address>
         <run_address>0x1f858</run_address>
         <size>0x18</size>
         <input_file_ref idref="fl-7"/>
      </object_component>
      <object_component id="oc-13f">
         <name>.text:extFlashClose</name>
         <load_address>0x1f870</load_address>
         <run_address>0x1f870</run_address>
         <size>0x10</size>
         <input_file_ref idref="fl-7"/>
      </object_component>
      <object_component id="oc-18d">
         <name>.text:extFlashDeselect</name>
         <load_address>0x1f880</load_address>
         <run_address>0x1f880</run_address>
         <size>0xa</size>
         <input_file_ref idref="fl-7"/>
      </object_component>
      <object_component id="oc-22a">
         <name>.text:extFlashSelect</name>
         <load_address>0x1f88a</load_address>
         <run_address>0x1f88a</run_address>
         <size>0xa</size>
         <input_file_ref idref="fl-7"/>
      </object_component>
      <object_component id="oc-187">
         <name>.text:bspSpiOpen</name>
         <load_address>0xc8</load_address>
         <run_address>0xc8</run_address>
         <size>0xd4</size>
         <input_file_ref idref="fl-8"/>
      </object_component>
      <object_component id="oc-1c3">
         <name>.text:bspSpiClose</name>
         <load_address>0x19c</load_address>
         <run_address>0x19c</run_address>
         <size>0x58</size>
         <input_file_ref idref="fl-8"/>
      </object_component>
      <object_component id="oc-313">
         <name>.text:bspSpiRead</name>
         <load_address>0x1f4</load_address>
         <run_address>0x1f4</run_address>
         <size>0x54</size>
         <input_file_ref idref="fl-8"/>
      </object_component>
      <object_component id="oc-230">
         <name>.text:bspSpiWrite</name>
         <load_address>0x248</load_address>
         <run_address>0x248</run_address>
         <size>0x48</size>
         <input_file_ref idref="fl-8"/>
      </object_component>
      <object_component id="oc-20a">
         <name>.text:PRCMLoadGet</name>
         <load_address>0x290</load_address>
         <run_address>0x290</run_address>
         <size>0x1c</size>
         <input_file_ref idref="fl-8"/>
      </object_component>
      <object_component id="oc-30d">
         <name>.text:bspSpiFlush</name>
         <load_address>0x2ac</load_address>
         <run_address>0x2ac</run_address>
         <size>0x1c</size>
         <input_file_ref idref="fl-8"/>
      </object_component>
      <object_component id="oc-210">
         <name>.text:SSIIntDisable</name>
         <load_address>0x2c8</load_address>
         <run_address>0x2c8</run_address>
         <size>0x18</size>
         <input_file_ref idref="fl-8"/>
      </object_component>
      <object_component id="oc-21c">
         <name>.text:SSIEnable</name>
         <load_address>0x2e0</load_address>
         <run_address>0x2e0</run_address>
         <size>0x16</size>
         <input_file_ref idref="fl-8"/>
      </object_component>
      <object_component id="oc-216">
         <name>.text:SSIIntClear</name>
         <load_address>0x2f6</load_address>
         <run_address>0x2f6</run_address>
         <size>0x12</size>
         <input_file_ref idref="fl-8"/>
      </object_component>
      <object_component id="oc-204">
         <name>.text:PRCMLoadSet</name>
         <load_address>0x308</load_address>
         <run_address>0x308</run_address>
         <size>0xc</size>
         <input_file_ref idref="fl-8"/>
      </object_component>
      <object_component id="oc-1e4">
         <name>.text:NOROM_SetupAfterColdResetWakeupFromShutDownCfg3</name>
         <load_address>0x314</load_address>
         <run_address>0x314</run_address>
         <size>0x130</size>
         <input_file_ref idref="fl-11"/>
      </object_component>
      <object_component id="oc-1de">
         <name>.text:NOROM_SetupAfterColdResetWakeupFromShutDownCfg2</name>
         <load_address>0x444</load_address>
         <run_address>0x444</run_address>
         <size>0xe4</size>
         <input_file_ref idref="fl-11"/>
      </object_component>
      <object_component id="oc-156">
         <name>.text:TrimAfterColdResetWakeupFromShutDown</name>
         <load_address>0x528</load_address>
         <run_address>0x528</run_address>
         <size>0xcc</size>
         <input_file_ref idref="fl-11"/>
      </object_component>
      <object_component id="oc-d9">
         <name>.text:NOROM_SetupTrimDevice</name>
         <load_address>0x5f4</load_address>
         <run_address>0x5f4</run_address>
         <size>0xa4</size>
         <input_file_ref idref="fl-11"/>
      </object_component>
      <object_component id="oc-1d8">
         <name>.text:NOROM_SetupAfterColdResetWakeupFromShutDownCfg1</name>
         <load_address>0x698</load_address>
         <run_address>0x698</run_address>
         <size>0x78</size>
         <input_file_ref idref="fl-11"/>
      </object_component>
      <object_component id="oc-1d0">
         <name>.text:NOROM_ChipInfo_GetHwRevision</name>
         <load_address>0x710</load_address>
         <run_address>0x710</run_address>
         <size>0x70</size>
         <input_file_ref idref="fl-12"/>
      </object_component>
      <object_component id="oc-2a4">
         <name>.text:NOROM_SetupGetTrimForAmpcompCtrl</name>
         <load_address>0x780</load_address>
         <run_address>0x780</run_address>
         <size>0x6c</size>
         <input_file_ref idref="fl-11"/>
      </object_component>
      <object_component id="oc-27a">
         <name>.text:NOROM_SetupGetTrimForAnabypassValue1</name>
         <load_address>0x7ec</load_address>
         <run_address>0x7ec</run_address>
         <size>0x68</size>
         <input_file_ref idref="fl-11"/>
      </object_component>
      <object_component id="oc-150">
         <name>.text:NOROM_SetupSetCacheModeAccordingToCcfgSetting</name>
         <load_address>0x854</load_address>
         <run_address>0x854</run_address>
         <size>0x50</size>
         <input_file_ref idref="fl-11"/>
      </object_component>
      <object_component id="oc-2e1">
         <name>.text:NOROM_OSCClockSourceSet</name>
         <load_address>0x8a4</load_address>
         <run_address>0x8a4</run_address>
         <size>0x4c</size>
         <input_file_ref idref="fl-14"/>
      </object_component>
      <object_component id="oc-1ca">
         <name>.text:NOROM_ChipInfo_GetChipFamily</name>
         <load_address>0x8f0</load_address>
         <run_address>0x8f0</run_address>
         <size>0x48</size>
         <input_file_ref idref="fl-12"/>
      </object_component>
      <object_component id="oc-28c">
         <name>.text:NOROM_DDI16BitfieldWrite</name>
         <load_address>0x938</load_address>
         <run_address>0x938</run_address>
         <size>0x48</size>
         <input_file_ref idref="fl-13"/>
      </object_component>
      <object_component id="oc-346">
         <name>.text:NOROM_DDI16BitfieldRead</name>
         <load_address>0x980</load_address>
         <run_address>0x980</run_address>
         <size>0x40</size>
         <input_file_ref idref="fl-13"/>
      </object_component>
      <object_component id="oc-2e7">
         <name>.text:NOROM_SetupSetAonRtcSubSecInc</name>
         <load_address>0x9c0</load_address>
         <run_address>0x9c0</run_address>
         <size>0x30</size>
         <input_file_ref idref="fl-11"/>
      </object_component>
      <object_component id="oc-280">
         <name>.text:NOROM_DDI32RegWrite</name>
         <load_address>0x9f0</load_address>
         <run_address>0x9f0</run_address>
         <size>0x2c</size>
         <input_file_ref idref="fl-13"/>
      </object_component>
      <object_component id="oc-2ce">
         <name>.text:NOROM_SetupGetTrimForRadcExtCfg</name>
         <load_address>0xa1c</load_address>
         <run_address>0xa1c</run_address>
         <size>0x2c</size>
         <input_file_ref idref="fl-11"/>
      </object_component>
      <object_component id="oc-2b6">
         <name>.text:NOROM_SetupGetTrimForXoscHfCtl</name>
         <load_address>0xa48</load_address>
         <run_address>0xa48</run_address>
         <size>0x20</size>
         <input_file_ref idref="fl-11"/>
      </object_component>
      <object_component id="oc-1b0">
         <name>.text:NOROM_FlashProgram</name>
         <load_address>0xa68</load_address>
         <run_address>0xa68</run_address>
         <size>0x1c</size>
         <input_file_ref idref="fl-10"/>
      </object_component>
      <object_component id="oc-1a0">
         <name>.text:NOROM_FlashSectorErase</name>
         <load_address>0xa84</load_address>
         <run_address>0xa84</run_address>
         <size>0x1c</size>
         <input_file_ref idref="fl-10"/>
      </object_component>
      <object_component id="oc-2db">
         <name>.text:NOROM_OSCClockSourceGet</name>
         <load_address>0xaa0</load_address>
         <run_address>0xaa0</run_address>
         <size>0x1c</size>
         <input_file_ref idref="fl-14"/>
      </object_component>
      <object_component id="oc-298">
         <name>.text:NOROM_SetupGetTrimForAmpcompTh2</name>
         <load_address>0xabc</load_address>
         <run_address>0xabc</run_address>
         <size>0x1c</size>
         <input_file_ref idref="fl-11"/>
      </object_component>
      <object_component id="oc-286">
         <name>.text:NOROM_SetupGetTrimForRcOscLfRtuneCtuneTrim</name>
         <load_address>0xad8</load_address>
         <run_address>0xad8</run_address>
         <size>0x1c</size>
         <input_file_ref idref="fl-11"/>
      </object_component>
      <object_component id="oc-2aa">
         <name>.text:NOROM_SetupGetTrimForAdcShModeEn</name>
         <load_address>0xaf4</load_address>
         <run_address>0xaf4</run_address>
         <size>0x18</size>
         <input_file_ref idref="fl-11"/>
      </object_component>
      <object_component id="oc-2b0">
         <name>.text:NOROM_SetupGetTrimForAdcShVbufEn</name>
         <load_address>0xb0c</load_address>
         <run_address>0xb0c</run_address>
         <size>0x18</size>
         <input_file_ref idref="fl-11"/>
      </object_component>
      <object_component id="oc-29e">
         <name>.text:NOROM_SetupGetTrimForAmpcompTh1</name>
         <load_address>0xb24</load_address>
         <run_address>0xb24</run_address>
         <size>0x18</size>
         <input_file_ref idref="fl-11"/>
      </object_component>
      <object_component id="oc-2bc">
         <name>.text:NOROM_SetupGetTrimForDblrLoopFilterResetVoltage</name>
         <load_address>0xb3c</load_address>
         <run_address>0xb3c</run_address>
         <size>0x18</size>
         <input_file_ref idref="fl-11"/>
      </object_component>
      <object_component id="oc-2c2">
         <name>.text:NOROM_SetupGetTrimForRcOscLfIBiasTrim</name>
         <load_address>0xb54</load_address>
         <run_address>0xb54</run_address>
         <size>0x18</size>
         <input_file_ref idref="fl-11"/>
      </object_component>
      <object_component id="oc-2c8">
         <name>.text:NOROM_SetupGetTrimForXoscLfRegulatorAndCmirrwrRatio</name>
         <load_address>0xb6c</load_address>
         <run_address>0xb6c</run_address>
         <size>0x18</size>
         <input_file_ref idref="fl-11"/>
      </object_component>
      <object_component id="oc-14a">
         <name>.text:NOROM_ThisCodeIsBuiltForCC26xxHwRev22AndLater_HaltIfViolated</name>
         <load_address>0xb84</load_address>
         <run_address>0xb84</run_address>
         <size>0x14</size>
         <input_file_ref idref="fl-12"/>
      </object_component>
      <object_component id="oc-2d5">
         <name>.text:NOROM_SetupGetTrimForXoscHfFastStart</name>
         <load_address>0xb98</load_address>
         <run_address>0xb98</run_address>
         <size>0x10</size>
         <input_file_ref idref="fl-11"/>
      </object_component>
      <object_component id="oc-292">
         <name>.text:NOROM_SetupGetTrimForXoscHfIbiastherm</name>
         <load_address>0xba8</load_address>
         <run_address>0xba8</run_address>
         <size>0x10</size>
         <input_file_ref idref="fl-11"/>
      </object_component>
      <object_component id="oc-273">
         <name>.text:NOROM_SetupSignExtendVddrTrimValue</name>
         <load_address>0xbb8</load_address>
         <run_address>0xbb8</run_address>
         <size>0xe</size>
         <input_file_ref idref="fl-11"/>
      </object_component>
      <object_component id="oc-330">
         <name>.text:NOROM_CPUcpsid</name>
         <load_address>0xbc6</load_address>
         <run_address>0xbc6</run_address>
         <size>0xc</size>
         <input_file_ref idref="fl-f"/>
      </object_component>
      <object_component id="oc-cd">
         <name>.text:NOROM_CPUcpsie</name>
         <load_address>0xbd2</load_address>
         <run_address>0xbd2</run_address>
         <size>0xc</size>
         <input_file_ref idref="fl-f"/>
      </object_component>
      <object_component id="oc-25">
         <name>.intvecs</name>
         <load_address>0x0</load_address>
         <run_address>0x0</run_address>
         <size>0xc8</size>
         <input_file_ref idref="fl-6"/>
      </object_component>
      <object_component id="oc-20">
         <name>LoaderEntry:CODE:ROOT</name>
         <load_address>0x1f000</load_address>
         <run_address>0x1f000</run_address>
         <size>0x18</size>
         <input_file_ref idref="fl-2"/>
      </object_component>
      <object_component id="oc-65">
         <name>.text</name>
         <load_address>0xbe0</load_address>
         <run_address>0xbe0</run_address>
         <size>0x9c</size>
         <input_file_ref idref="fl-13e"/>
      </object_component>
      <object_component id="oc-7e">
         <name>.text</name>
         <load_address>0xc7c</load_address>
         <run_address>0xc7c</run_address>
         <size>0x7a</size>
         <input_file_ref idref="fl-13f"/>
      </object_component>
      <object_component id="oc-56">
         <name>.text:FaultISR</name>
         <load_address>0xcf6</load_address>
         <run_address>0xcf6</run_address>
         <size>0x2</size>
         <input_file_ref idref="fl-6"/>
      </object_component>
      <object_component id="oc-90">
         <name>.text</name>
         <load_address>0xcf8</load_address>
         <run_address>0xcf8</run_address>
         <size>0x6c</size>
         <input_file_ref idref="fl-144"/>
      </object_component>
      <object_component id="oc-71">
         <name>.text</name>
         <load_address>0xd64</load_address>
         <run_address>0xd64</run_address>
         <size>0x6a</size>
         <input_file_ref idref="fl-13b"/>
      </object_component>
      <object_component id="oc-5c">
         <name>.text:IntDefaultHandler</name>
         <load_address>0xdce</load_address>
         <run_address>0xdce</run_address>
         <size>0x2</size>
         <input_file_ref idref="fl-6"/>
      </object_component>
      <object_component id="oc-fe">
         <name>.text</name>
         <load_address>0xdd0</load_address>
         <run_address>0xdd0</run_address>
         <size>0x4c</size>
         <input_file_ref idref="fl-145"/>
      </object_component>
      <object_component id="oc-9c">
         <name>.text</name>
         <load_address>0xe1c</load_address>
         <run_address>0xe1c</run_address>
         <size>0x44</size>
         <input_file_ref idref="fl-13d"/>
      </object_component>
      <object_component id="oc-3a">
         <name>.text</name>
         <load_address>0xe60</load_address>
         <run_address>0xe60</run_address>
         <size>0x3c</size>
         <input_file_ref idref="fl-139"/>
      </object_component>
      <object_component id="oc-96">
         <name>.text</name>
         <load_address>0xe9c</load_address>
         <run_address>0xe9c</run_address>
         <size>0x18</size>
         <input_file_ref idref="fl-143"/>
      </object_component>
      <object_component id="oc-179">
         <name>.text</name>
         <load_address>0xeb4</load_address>
         <run_address>0xeb4</run_address>
         <size>0x14</size>
         <input_file_ref idref="fl-142"/>
      </object_component>
      <object_component id="oc-4a">
         <name>.text:ResetISR</name>
         <load_address>0xec8</load_address>
         <run_address>0xec8</run_address>
         <size>0x10</size>
         <input_file_ref idref="fl-6"/>
      </object_component>
      <object_component id="oc-28">
         <name>.text:decompress:none</name>
         <load_address>0xed8</load_address>
         <run_address>0xed8</run_address>
         <size>0xe</size>
         <input_file_ref idref="fl-13a"/>
      </object_component>
      <object_component id="oc-34">
         <name>.text:decompress:ZI</name>
         <load_address>0xee6</load_address>
         <run_address>0xee6</run_address>
         <size>0xc</size>
         <input_file_ref idref="fl-13c"/>
      </object_component>
      <object_component id="oc-2e">
         <name>.text:decompress:rle24</name>
         <load_address>0xef2</load_address>
         <run_address>0xef2</run_address>
         <size>0x6</size>
         <input_file_ref idref="fl-13b"/>
      </object_component>
      <object_component id="oc-8a">
         <name>.text</name>
         <load_address>0xef8</load_address>
         <run_address>0xef8</run_address>
         <size>0x4</size>
         <input_file_ref idref="fl-140"/>
      </object_component>
      <object_component id="oc-50">
         <name>.text:NmiSR</name>
         <load_address>0xefc</load_address>
         <run_address>0xefc</run_address>
         <size>0x2</size>
         <input_file_ref idref="fl-6"/>
      </object_component>
      <object_component id="oc-246">
         <name>.const:flashInfo</name>
         <load_address>0xf00</load_address>
         <run_address>0xf00</run_address>
         <size>0x28</size>
         <input_file_ref idref="fl-7"/>
      </object_component>
      <object_component id="oc-319">
         <name>.const:.string</name>
         <load_address>0xf28</load_address>
         <run_address>0xf28</run_address>
         <size>0x6</size>
         <input_file_ref idref="fl-7"/>
      </object_component>
      <object_component id="oc-3ab">
         <name>.cinit..data.load</name>
         <load_address>0xf30</load_address>
         <run_address>0xf30</run_address>
         <size>0xf</size>
      </object_component>
      <object_component id="oc-3a9">
         <name>__TI_handler_table</name>
         <load_address>0xf40</load_address>
         <run_address>0xf40</run_address>
         <size>0xc</size>
      </object_component>
      <object_component id="oc-3ac">
         <name>.cinit..bss.load</name>
         <load_address>0xf50</load_address>
         <run_address>0xf50</run_address>
         <size>0x8</size>
      </object_component>
      <object_component id="oc-3aa">
         <name>__TI_cinit_table</name>
         <load_address>0xf58</load_address>
         <run_address>0xf58</run_address>
         <size>0x10</size>
      </object_component>
      <object_component id="oc-3f">
         <name>.ccfg:retain</name>
         <load_address>0x1ffa8</load_address>
         <run_address>0x1ffa8</run_address>
         <size>0x58</size>
         <input_file_ref idref="fl-5"/>
      </object_component>
      <object_component id="oc-42">
         <name>.stack</name>
         <uninitialized>true</uninitialized>
         <run_address>0x20002bfc</run_address>
         <size>0x0</size>
         <input_file_ref idref="fl-139"/>
      </object_component>
      <object_component id="oc-3ad">
         <name>.stack</name>
         <uninitialized>true</uninitialized>
         <run_address>0x20002bfc</run_address>
         <size>0x0</size>
      </object_component>
      <object_component id="oc-356">
         <name>.bss:pgBuf</name>
         <uninitialized>true</uninitialized>
         <run_address>0x20000000</run_address>
         <size>0x1000</size>
         <input_file_ref idref="fl-3"/>
      </object_component>
      <object_component id="oc-1ff">
         <name>.common:imgInfo</name>
         <uninitialized>true</uninitialized>
         <run_address>0x20001000</run_address>
         <size>0x10</size>
      </object_component>
      <object_component id="oc-249">
         <name>.common:infoBuf</name>
         <uninitialized>true</uninitialized>
         <run_address>0x20001010</run_address>
         <size>0x4</size>
      </object_component>
      <object_component id="oc-243">
         <name>.data</name>
         <load_address>0x20001024</load_address>
         <run_address>0x20001024</run_address>
         <size>0x4</size>
         <input_file_ref idref="fl-7"/>
      </object_component>
      <object_component id="oc-111">
         <name>.data</name>
         <load_address>0x2000101c</load_address>
         <run_address>0x2000101c</run_address>
         <size>0x8</size>
         <input_file_ref idref="fl-13d"/>
      </object_component>
      <object_component id="oc-a2">
         <name>.data</name>
         <load_address>0x20001028</load_address>
         <run_address>0x20001028</run_address>
         <size>0x4</size>
         <input_file_ref idref="fl-141"/>
      </object_component>
      <object_component id="oc-10e">
         <name>.data</name>
         <load_address>0x20001014</load_address>
         <run_address>0x20001014</run_address>
         <size>0x8</size>
         <input_file_ref idref="fl-142"/>
      </object_component>
      <object_component id="oc-21">
         <name>.debug_info</name>
         <load_address>0x0</load_address>
         <run_address>0x0</run_address>
         <size>0x182</size>
         <input_file_ref idref="fl-2"/>
      </object_component>
      <object_component id="oc-1ae">
         <name>.debug_info</name>
         <load_address>0x182</load_address>
         <run_address>0x182</run_address>
         <size>0x3db</size>
         <input_file_ref idref="fl-3"/>
      </object_component>
      <object_component id="oc-357">
         <name>.debug_info</name>
         <load_address>0x55d</load_address>
         <run_address>0x55d</run_address>
         <size>0x11e</size>
         <input_file_ref idref="fl-3"/>
      </object_component>
      <object_component id="oc-c2">
         <name>.debug_info</name>
         <load_address>0x67b</load_address>
         <run_address>0x67b</run_address>
         <size>0x1ff</size>
         <input_file_ref idref="fl-3"/>
      </object_component>
      <object_component id="oc-bc">
         <name>.debug_info</name>
         <load_address>0x87a</load_address>
         <run_address>0x87a</run_address>
         <size>0x209</size>
         <input_file_ref idref="fl-3"/>
      </object_component>
      <object_component id="oc-c8">
         <name>.debug_info</name>
         <load_address>0xa83</load_address>
         <run_address>0xa83</run_address>
         <size>0x247</size>
         <input_file_ref idref="fl-3"/>
      </object_component>
      <object_component id="oc-12d">
         <name>.debug_info</name>
         <load_address>0xcca</load_address>
         <run_address>0xcca</run_address>
         <size>0x237</size>
         <input_file_ref idref="fl-3"/>
      </object_component>
      <object_component id="oc-139">
         <name>.debug_info</name>
         <load_address>0xf01</load_address>
         <run_address>0xf01</run_address>
         <size>0x256</size>
         <input_file_ref idref="fl-3"/>
      </object_component>
      <object_component id="oc-133">
         <name>.debug_info</name>
         <load_address>0x1157</load_address>
         <run_address>0x1157</run_address>
         <size>0x263</size>
         <input_file_ref idref="fl-3"/>
      </object_component>
      <object_component id="oc-1fa">
         <name>.debug_info</name>
         <load_address>0x13ba</load_address>
         <run_address>0x13ba</run_address>
         <size>0x26a</size>
         <input_file_ref idref="fl-3"/>
      </object_component>
      <object_component id="oc-b0">
         <name>.debug_info</name>
         <load_address>0x1624</load_address>
         <run_address>0x1624</run_address>
         <size>0x320</size>
         <input_file_ref idref="fl-3"/>
      </object_component>
      <object_component id="oc-2f1">
         <name>.debug_info</name>
         <load_address>0x1944</load_address>
         <run_address>0x1944</run_address>
         <size>0x304</size>
         <input_file_ref idref="fl-3"/>
      </object_component>
      <object_component id="oc-1f4">
         <name>.debug_info</name>
         <load_address>0x1c48</load_address>
         <run_address>0x1c48</run_address>
         <size>0x265</size>
         <input_file_ref idref="fl-3"/>
      </object_component>
      <object_component id="oc-351">
         <name>.debug_info</name>
         <load_address>0x1ead</load_address>
         <run_address>0x1ead</run_address>
         <size>0x262</size>
         <input_file_ref idref="fl-3"/>
      </object_component>
      <object_component id="oc-44">
         <name>.debug_info</name>
         <load_address>0x210f</load_address>
         <run_address>0x210f</run_address>
         <size>0x2f5</size>
         <input_file_ref idref="fl-3"/>
      </object_component>
      <object_component id="oc-16c">
         <name>.debug_info</name>
         <load_address>0x2404</load_address>
         <run_address>0x2404</run_address>
         <size>0x2ca</size>
         <input_file_ref idref="fl-3"/>
      </object_component>
      <object_component id="oc-107">
         <name>.debug_info</name>
         <load_address>0x26ce</load_address>
         <run_address>0x26ce</run_address>
         <size>0x1f5</size>
         <input_file_ref idref="fl-3"/>
      </object_component>
      <object_component id="oc-262">
         <name>.debug_info</name>
         <load_address>0x28c3</load_address>
         <run_address>0x28c3</run_address>
         <size>0xc2</size>
         <input_file_ref idref="fl-3"/>
      </object_component>
      <object_component id="oc-127">
         <name>.debug_info</name>
         <load_address>0x2985</load_address>
         <run_address>0x2985</run_address>
         <size>0x8b</size>
         <input_file_ref idref="fl-3"/>
      </object_component>
      <object_component id="oc-36e">
         <name>.debug_info</name>
         <load_address>0x2a10</load_address>
         <run_address>0x2a10</run_address>
         <size>0x46</size>
         <input_file_ref idref="fl-3"/>
      </object_component>
      <object_component id="oc-25d">
         <name>.debug_info</name>
         <load_address>0x2a56</load_address>
         <run_address>0x2a56</run_address>
         <size>0x7a</size>
         <input_file_ref idref="fl-3"/>
      </object_component>
      <object_component id="oc-d4">
         <name>.debug_info</name>
         <load_address>0x2ad0</load_address>
         <run_address>0x2ad0</run_address>
         <size>0x18b</size>
         <input_file_ref idref="fl-3"/>
      </object_component>
      <object_component id="oc-f5">
         <name>.debug_info</name>
         <load_address>0x2c5b</load_address>
         <run_address>0x2c5b</run_address>
         <size>0x2c</size>
         <input_file_ref idref="fl-3"/>
      </object_component>
      <object_component id="oc-25a">
         <name>.debug_info</name>
         <load_address>0x2c87</load_address>
         <run_address>0x2c87</run_address>
         <size>0x23a</size>
         <input_file_ref idref="fl-4"/>
      </object_component>
      <object_component id="oc-aa">
         <name>.debug_info</name>
         <load_address>0x2ec1</load_address>
         <run_address>0x2ec1</run_address>
         <size>0x1f8</size>
         <input_file_ref idref="fl-4"/>
      </object_component>
      <object_component id="oc-b6">
         <name>.debug_info</name>
         <load_address>0x30b9</load_address>
         <run_address>0x30b9</run_address>
         <size>0x1f7</size>
         <input_file_ref idref="fl-4"/>
      </object_component>
      <object_component id="oc-1a8">
         <name>.debug_info</name>
         <load_address>0x32b0</load_address>
         <run_address>0x32b0</run_address>
         <size>0x26d</size>
         <input_file_ref idref="fl-4"/>
      </object_component>
      <object_component id="oc-2f8">
         <name>.debug_info</name>
         <load_address>0x351d</load_address>
         <run_address>0x351d</run_address>
         <size>0x270</size>
         <input_file_ref idref="fl-4"/>
      </object_component>
      <object_component id="oc-255">
         <name>.debug_info</name>
         <load_address>0x378d</load_address>
         <run_address>0x378d</run_address>
         <size>0x110</size>
         <input_file_ref idref="fl-4"/>
      </object_component>
      <object_component id="oc-324">
         <name>.debug_info</name>
         <load_address>0x389d</load_address>
         <run_address>0x389d</run_address>
         <size>0x72</size>
         <input_file_ref idref="fl-4"/>
      </object_component>
      <object_component id="oc-a8">
         <name>.debug_info</name>
         <load_address>0x390f</load_address>
         <run_address>0x390f</run_address>
         <size>0x132</size>
         <input_file_ref idref="fl-5"/>
      </object_component>
      <object_component id="oc-40">
         <name>.debug_info</name>
         <load_address>0x3a41</load_address>
         <run_address>0x3a41</run_address>
         <size>0x125</size>
         <input_file_ref idref="fl-5"/>
      </object_component>
      <object_component id="oc-11b">
         <name>.debug_info</name>
         <load_address>0x3b66</load_address>
         <run_address>0x3b66</run_address>
         <size>0x1ee</size>
         <input_file_ref idref="fl-5"/>
      </object_component>
      <object_component id="oc-e5">
         <name>.debug_info</name>
         <load_address>0x3d54</load_address>
         <run_address>0x3d54</run_address>
         <size>0x84</size>
         <input_file_ref idref="fl-5"/>
      </object_component>
      <object_component id="oc-64">
         <name>.debug_info</name>
         <load_address>0x3dd8</load_address>
         <run_address>0x3dd8</run_address>
         <size>0x240</size>
         <input_file_ref idref="fl-6"/>
      </object_component>
      <object_component id="oc-26">
         <name>.debug_info</name>
         <load_address>0x4018</load_address>
         <run_address>0x4018</run_address>
         <size>0x13b</size>
         <input_file_ref idref="fl-6"/>
      </object_component>
      <object_component id="oc-4b">
         <name>.debug_info</name>
         <load_address>0x4153</load_address>
         <run_address>0x4153</run_address>
         <size>0x23c</size>
         <input_file_ref idref="fl-6"/>
      </object_component>
      <object_component id="oc-51">
         <name>.debug_info</name>
         <load_address>0x438f</load_address>
         <run_address>0x438f</run_address>
         <size>0x1ff</size>
         <input_file_ref idref="fl-6"/>
      </object_component>
      <object_component id="oc-57">
         <name>.debug_info</name>
         <load_address>0x458e</load_address>
         <run_address>0x458e</run_address>
         <size>0x205</size>
         <input_file_ref idref="fl-6"/>
      </object_component>
      <object_component id="oc-5d">
         <name>.debug_info</name>
         <load_address>0x4793</load_address>
         <run_address>0x4793</run_address>
         <size>0x217</size>
         <input_file_ref idref="fl-6"/>
      </object_component>
      <object_component id="oc-26d">
         <name>.debug_info</name>
         <load_address>0x49aa</load_address>
         <run_address>0x49aa</run_address>
         <size>0x1c4</size>
         <input_file_ref idref="fl-6"/>
      </object_component>
      <object_component id="oc-24a">
         <name>.debug_info</name>
         <load_address>0x4b6e</load_address>
         <run_address>0x4b6e</run_address>
         <size>0x338</size>
         <input_file_ref idref="fl-7"/>
      </object_component>
      <object_component id="oc-247">
         <name>.debug_info</name>
         <load_address>0x4ea6</load_address>
         <run_address>0x4ea6</run_address>
         <size>0x12c</size>
         <input_file_ref idref="fl-7"/>
      </object_component>
      <object_component id="oc-244">
         <name>.debug_info</name>
         <load_address>0x4fd2</load_address>
         <run_address>0x4fd2</run_address>
         <size>0x12e</size>
         <input_file_ref idref="fl-7"/>
      </object_component>
      <object_component id="oc-31a">
         <name>.debug_info</name>
         <load_address>0x5100</load_address>
         <run_address>0x5100</run_address>
         <size>0x167</size>
         <input_file_ref idref="fl-7"/>
      </object_component>
      <object_component id="oc-224">
         <name>.debug_info</name>
         <load_address>0x5267</load_address>
         <run_address>0x5267</run_address>
         <size>0x232</size>
         <input_file_ref idref="fl-7"/>
      </object_component>
      <object_component id="oc-305">
         <name>.debug_info</name>
         <load_address>0x5499</load_address>
         <run_address>0x5499</run_address>
         <size>0x236</size>
         <input_file_ref idref="fl-7"/>
      </object_component>
      <object_component id="oc-22b">
         <name>.debug_info</name>
         <load_address>0x56cf</load_address>
         <run_address>0x56cf</run_address>
         <size>0x218</size>
         <input_file_ref idref="fl-7"/>
      </object_component>
      <object_component id="oc-18e">
         <name>.debug_info</name>
         <load_address>0x58e7</load_address>
         <run_address>0x58e7</run_address>
         <size>0x21a</size>
         <input_file_ref idref="fl-7"/>
      </object_component>
      <object_component id="oc-1b8">
         <name>.debug_info</name>
         <load_address>0x5b01</load_address>
         <run_address>0x5b01</run_address>
         <size>0x274</size>
         <input_file_ref idref="fl-7"/>
      </object_component>
      <object_component id="oc-194">
         <name>.debug_info</name>
         <load_address>0x5d75</load_address>
         <run_address>0x5d75</run_address>
         <size>0x2ac</size>
         <input_file_ref idref="fl-7"/>
      </object_component>
      <object_component id="oc-23e">
         <name>.debug_info</name>
         <load_address>0x6021</load_address>
         <run_address>0x6021</run_address>
         <size>0x295</size>
         <input_file_ref idref="fl-7"/>
      </object_component>
      <object_component id="oc-19a">
         <name>.debug_info</name>
         <load_address>0x62b6</load_address>
         <run_address>0x62b6</run_address>
         <size>0x22a</size>
         <input_file_ref idref="fl-7"/>
      </object_component>
      <object_component id="oc-237">
         <name>.debug_info</name>
         <load_address>0x64e0</load_address>
         <run_address>0x64e0</run_address>
         <size>0x2de</size>
         <input_file_ref idref="fl-7"/>
      </object_component>
      <object_component id="oc-1be">
         <name>.debug_info</name>
         <load_address>0x67be</load_address>
         <run_address>0x67be</run_address>
         <size>0x23e</size>
         <input_file_ref idref="fl-7"/>
      </object_component>
      <object_component id="oc-377">
         <name>.debug_info</name>
         <load_address>0x69fc</load_address>
         <run_address>0x69fc</run_address>
         <size>0x275</size>
         <input_file_ref idref="fl-7"/>
      </object_component>
      <object_component id="oc-121">
         <name>.debug_info</name>
         <load_address>0x6c71</load_address>
         <run_address>0x6c71</run_address>
         <size>0x28b</size>
         <input_file_ref idref="fl-7"/>
      </object_component>
      <object_component id="oc-140">
         <name>.debug_info</name>
         <load_address>0x6efc</load_address>
         <run_address>0x6efc</run_address>
         <size>0x24c</size>
         <input_file_ref idref="fl-7"/>
      </object_component>
      <object_component id="oc-24f">
         <name>.debug_info</name>
         <load_address>0x7148</load_address>
         <run_address>0x7148</run_address>
         <size>0x31d</size>
         <input_file_ref idref="fl-7"/>
      </object_component>
      <object_component id="oc-35b">
         <name>.debug_info</name>
         <load_address>0x7465</load_address>
         <run_address>0x7465</run_address>
         <size>0x371</size>
         <input_file_ref idref="fl-7"/>
      </object_component>
      <object_component id="oc-30c">
         <name>.debug_info</name>
         <load_address>0x77d6</load_address>
         <run_address>0x77d6</run_address>
         <size>0x200</size>
         <input_file_ref idref="fl-8"/>
      </object_component>
      <object_component id="oc-21d">
         <name>.debug_info</name>
         <load_address>0x79d6</load_address>
         <run_address>0x79d6</run_address>
         <size>0x223</size>
         <input_file_ref idref="fl-8"/>
      </object_component>
      <object_component id="oc-211">
         <name>.debug_info</name>
         <load_address>0x7bf9</load_address>
         <run_address>0x7bf9</run_address>
         <size>0x271</size>
         <input_file_ref idref="fl-8"/>
      </object_component>
      <object_component id="oc-217">
         <name>.debug_info</name>
         <load_address>0x7e6a</load_address>
         <run_address>0x7e6a</run_address>
         <size>0x26d</size>
         <input_file_ref idref="fl-8"/>
      </object_component>
      <object_component id="oc-205">
         <name>.debug_info</name>
         <load_address>0x80d7</load_address>
         <run_address>0x80d7</run_address>
         <size>0x1f9</size>
         <input_file_ref idref="fl-8"/>
      </object_component>
      <object_component id="oc-20b">
         <name>.debug_info</name>
         <load_address>0x82d0</load_address>
         <run_address>0x82d0</run_address>
         <size>0x1fd</size>
         <input_file_ref idref="fl-8"/>
      </object_component>
      <object_component id="oc-231">
         <name>.debug_info</name>
         <load_address>0x84cd</load_address>
         <run_address>0x84cd</run_address>
         <size>0x265</size>
         <input_file_ref idref="fl-8"/>
      </object_component>
      <object_component id="oc-314">
         <name>.debug_info</name>
         <load_address>0x8732</load_address>
         <run_address>0x8732</run_address>
         <size>0x263</size>
         <input_file_ref idref="fl-8"/>
      </object_component>
      <object_component id="oc-30e">
         <name>.debug_info</name>
         <load_address>0x8995</load_address>
         <run_address>0x8995</run_address>
         <size>0x20e</size>
         <input_file_ref idref="fl-8"/>
      </object_component>
      <object_component id="oc-188">
         <name>.debug_info</name>
         <load_address>0x8ba3</load_address>
         <run_address>0x8ba3</run_address>
         <size>0x31e</size>
         <input_file_ref idref="fl-8"/>
      </object_component>
      <object_component id="oc-1c4">
         <name>.debug_info</name>
         <load_address>0x8ec1</load_address>
         <run_address>0x8ec1</run_address>
         <size>0x25d</size>
         <input_file_ref idref="fl-8"/>
      </object_component>
      <object_component id="oc-ce">
         <name>.debug_info</name>
         <load_address>0x911e</load_address>
         <run_address>0x911e</run_address>
         <size>0x16b</size>
         <input_file_ref idref="fl-f"/>
      </object_component>
      <object_component id="oc-331">
         <name>.debug_info</name>
         <load_address>0x9289</load_address>
         <run_address>0x9289</run_address>
         <size>0x16a</size>
         <input_file_ref idref="fl-f"/>
      </object_component>
      <object_component id="oc-268">
         <name>.debug_info</name>
         <load_address>0x93f3</load_address>
         <run_address>0x93f3</run_address>
         <size>0x1cc</size>
         <input_file_ref idref="fl-10"/>
      </object_component>
      <object_component id="oc-1a3">
         <name>.debug_info</name>
         <load_address>0x95bf</load_address>
         <run_address>0x95bf</run_address>
         <size>0x1b5</size>
         <input_file_ref idref="fl-10"/>
      </object_component>
      <object_component id="oc-1b3">
         <name>.debug_info</name>
         <load_address>0x9774</load_address>
         <run_address>0x9774</run_address>
         <size>0x1e1</size>
         <input_file_ref idref="fl-10"/>
      </object_component>
      <object_component id="oc-1eb">
         <name>.debug_info</name>
         <load_address>0x9955</load_address>
         <run_address>0x9955</run_address>
         <size>0x354</size>
         <input_file_ref idref="fl-11"/>
      </object_component>
      <object_component id="oc-151">
         <name>.debug_info</name>
         <load_address>0x9ca9</load_address>
         <run_address>0x9ca9</run_address>
         <size>0x1ce</size>
         <input_file_ref idref="fl-11"/>
      </object_component>
      <object_component id="oc-274">
         <name>.debug_info</name>
         <load_address>0x9e77</load_address>
         <run_address>0x9e77</run_address>
         <size>0x212</size>
         <input_file_ref idref="fl-11"/>
      </object_component>
      <object_component id="oc-1d9">
         <name>.debug_info</name>
         <load_address>0xa089</load_address>
         <run_address>0xa089</run_address>
         <size>0x255</size>
         <input_file_ref idref="fl-11"/>
      </object_component>
      <object_component id="oc-27b">
         <name>.debug_info</name>
         <load_address>0xa2de</load_address>
         <run_address>0xa2de</run_address>
         <size>0x291</size>
         <input_file_ref idref="fl-11"/>
      </object_component>
      <object_component id="oc-287">
         <name>.debug_info</name>
         <load_address>0xa56f</load_address>
         <run_address>0xa56f</run_address>
         <size>0x1ce</size>
         <input_file_ref idref="fl-11"/>
      </object_component>
      <object_component id="oc-293">
         <name>.debug_info</name>
         <load_address>0xa73d</load_address>
         <run_address>0xa73d</run_address>
         <size>0x1c4</size>
         <input_file_ref idref="fl-11"/>
      </object_component>
      <object_component id="oc-29a">
         <name>.debug_info</name>
         <load_address>0xa901</load_address>
         <run_address>0xa901</run_address>
         <size>0x1ba</size>
         <input_file_ref idref="fl-11"/>
      </object_component>
      <object_component id="oc-2a0">
         <name>.debug_info</name>
         <load_address>0xaabb</load_address>
         <run_address>0xaabb</run_address>
         <size>0x1ba</size>
         <input_file_ref idref="fl-11"/>
      </object_component>
      <object_component id="oc-2a6">
         <name>.debug_info</name>
         <load_address>0xac75</load_address>
         <run_address>0xac75</run_address>
         <size>0x2c8</size>
         <input_file_ref idref="fl-11"/>
      </object_component>
      <object_component id="oc-2ac">
         <name>.debug_info</name>
         <load_address>0xaf3d</load_address>
         <run_address>0xaf3d</run_address>
         <size>0x230</size>
         <input_file_ref idref="fl-11"/>
      </object_component>
      <object_component id="oc-2b2">
         <name>.debug_info</name>
         <load_address>0xb16d</load_address>
         <run_address>0xb16d</run_address>
         <size>0x230</size>
         <input_file_ref idref="fl-11"/>
      </object_component>
      <object_component id="oc-2b8">
         <name>.debug_info</name>
         <load_address>0xb39d</load_address>
         <run_address>0xb39d</run_address>
         <size>0x23d</size>
         <input_file_ref idref="fl-11"/>
      </object_component>
      <object_component id="oc-2be">
         <name>.debug_info</name>
         <load_address>0xb5da</load_address>
         <run_address>0xb5da</run_address>
         <size>0x258</size>
         <input_file_ref idref="fl-11"/>
      </object_component>
      <object_component id="oc-2c4">
         <name>.debug_info</name>
         <load_address>0xb832</load_address>
         <run_address>0xb832</run_address>
         <size>0x23e</size>
         <input_file_ref idref="fl-11"/>
      </object_component>
      <object_component id="oc-2c9">
         <name>.debug_info</name>
         <load_address>0xba70</load_address>
         <run_address>0xba70</run_address>
         <size>0x276</size>
         <input_file_ref idref="fl-11"/>
      </object_component>
      <object_component id="oc-2cf">
         <name>.debug_info</name>
         <load_address>0xbce6</load_address>
         <run_address>0xbce6</run_address>
         <size>0x241</size>
         <input_file_ref idref="fl-11"/>
      </object_component>
      <object_component id="oc-1df">
         <name>.debug_info</name>
         <load_address>0xbf27</load_address>
         <run_address>0xbf27</run_address>
         <size>0x577</size>
         <input_file_ref idref="fl-11"/>
      </object_component>
      <object_component id="oc-2d6">
         <name>.debug_info</name>
         <load_address>0xc49e</load_address>
         <run_address>0xc49e</run_address>
         <size>0x1d8</size>
         <input_file_ref idref="fl-11"/>
      </object_component>
      <object_component id="oc-2e9">
         <name>.debug_info</name>
         <load_address>0xc676</load_address>
         <run_address>0xc676</run_address>
         <size>0x1c3</size>
         <input_file_ref idref="fl-11"/>
      </object_component>
      <object_component id="oc-1e6">
         <name>.debug_info</name>
         <load_address>0xc839</load_address>
         <run_address>0xc839</run_address>
         <size>0x393</size>
         <input_file_ref idref="fl-11"/>
      </object_component>
      <object_component id="oc-157">
         <name>.debug_info</name>
         <load_address>0xcbcc</load_address>
         <run_address>0xcbcc</run_address>
         <size>0x2fa</size>
         <input_file_ref idref="fl-11"/>
      </object_component>
      <object_component id="oc-da">
         <name>.debug_info</name>
         <load_address>0xcec6</load_address>
         <run_address>0xcec6</run_address>
         <size>0x275</size>
         <input_file_ref idref="fl-11"/>
      </object_component>
      <object_component id="oc-1cd">
         <name>.debug_info</name>
         <load_address>0xd13b</load_address>
         <run_address>0xd13b</run_address>
         <size>0x1c9</size>
         <input_file_ref idref="fl-12"/>
      </object_component>
      <object_component id="oc-1d3">
         <name>.debug_info</name>
         <load_address>0xd304</load_address>
         <run_address>0xd304</run_address>
         <size>0x21a</size>
         <input_file_ref idref="fl-12"/>
      </object_component>
      <object_component id="oc-14d">
         <name>.debug_info</name>
         <load_address>0xd51e</load_address>
         <run_address>0xd51e</run_address>
         <size>0x217</size>
         <input_file_ref idref="fl-12"/>
      </object_component>
      <object_component id="oc-337">
         <name>.debug_info</name>
         <load_address>0xd735</load_address>
         <run_address>0xd735</run_address>
         <size>0x1fd</size>
         <input_file_ref idref="fl-13"/>
      </object_component>
      <object_component id="oc-281">
         <name>.debug_info</name>
         <load_address>0xd932</load_address>
         <run_address>0xd932</run_address>
         <size>0x25a</size>
         <input_file_ref idref="fl-13"/>
      </object_component>
      <object_component id="oc-28e">
         <name>.debug_info</name>
         <load_address>0xdb8c</load_address>
         <run_address>0xdb8c</run_address>
         <size>0x2ea</size>
         <input_file_ref idref="fl-13"/>
      </object_component>
      <object_component id="oc-347">
         <name>.debug_info</name>
         <load_address>0xde76</load_address>
         <run_address>0xde76</run_address>
         <size>0x2d1</size>
         <input_file_ref idref="fl-13"/>
      </object_component>
      <object_component id="oc-34d">
         <name>.debug_info</name>
         <load_address>0xe147</load_address>
         <run_address>0xe147</run_address>
         <size>0x326</size>
         <input_file_ref idref="fl-14"/>
      </object_component>
      <object_component id="oc-2e3">
         <name>.debug_info</name>
         <load_address>0xe46d</load_address>
         <run_address>0xe46d</run_address>
         <size>0x23d</size>
         <input_file_ref idref="fl-14"/>
      </object_component>
      <object_component id="oc-2dd">
         <name>.debug_info</name>
         <load_address>0xe6aa</load_address>
         <run_address>0xe6aa</run_address>
         <size>0x1cf</size>
         <input_file_ref idref="fl-14"/>
      </object_component>
      <object_component id="oc-3b">
         <name>.debug_info</name>
         <load_address>0xe879</load_address>
         <run_address>0xe879</run_address>
         <size>0x134</size>
         <input_file_ref idref="fl-139"/>
      </object_component>
      <object_component id="oc-70">
         <name>.debug_info</name>
         <load_address>0xe9ad</load_address>
         <run_address>0xe9ad</run_address>
         <size>0x121</size>
         <input_file_ref idref="fl-13a"/>
      </object_component>
      <object_component id="oc-29">
         <name>.debug_info</name>
         <load_address>0xeace</load_address>
         <run_address>0xeace</run_address>
         <size>0x1c0</size>
         <input_file_ref idref="fl-13a"/>
      </object_component>
      <object_component id="oc-6b">
         <name>.debug_info</name>
         <load_address>0xec8e</load_address>
         <run_address>0xec8e</run_address>
         <size>0x46</size>
         <input_file_ref idref="fl-13a"/>
      </object_component>
      <object_component id="oc-eb">
         <name>.debug_info</name>
         <load_address>0xecd4</load_address>
         <run_address>0xecd4</run_address>
         <size>0x2c</size>
         <input_file_ref idref="fl-13a"/>
      </object_component>
      <object_component id="oc-78">
         <name>.debug_info</name>
         <load_address>0xed00</load_address>
         <run_address>0xed00</run_address>
         <size>0x115</size>
         <input_file_ref idref="fl-13b"/>
      </object_component>
      <object_component id="oc-72">
         <name>.debug_info</name>
         <load_address>0xee15</load_address>
         <run_address>0xee15</run_address>
         <size>0x228</size>
         <input_file_ref idref="fl-13b"/>
      </object_component>
      <object_component id="oc-2f">
         <name>.debug_info</name>
         <load_address>0xf03d</load_address>
         <run_address>0xf03d</run_address>
         <size>0x192</size>
         <input_file_ref idref="fl-13b"/>
      </object_component>
      <object_component id="oc-79">
         <name>.debug_info</name>
         <load_address>0xf1cf</load_address>
         <run_address>0xf1cf</run_address>
         <size>0x39</size>
         <input_file_ref idref="fl-13b"/>
      </object_component>
      <object_component id="oc-89">
         <name>.debug_info</name>
         <load_address>0xf208</load_address>
         <run_address>0xf208</run_address>
         <size>0x110</size>
         <input_file_ref idref="fl-13c"/>
      </object_component>
      <object_component id="oc-35">
         <name>.debug_info</name>
         <load_address>0xf318</load_address>
         <run_address>0xf318</run_address>
         <size>0x18b</size>
         <input_file_ref idref="fl-13c"/>
      </object_component>
      <object_component id="oc-84">
         <name>.debug_info</name>
         <load_address>0xf4a3</load_address>
         <run_address>0xf4a3</run_address>
         <size>0x46</size>
         <input_file_ref idref="fl-13c"/>
      </object_component>
      <object_component id="oc-115">
         <name>.debug_info</name>
         <load_address>0xf4e9</load_address>
         <run_address>0xf4e9</run_address>
         <size>0x172</size>
         <input_file_ref idref="fl-13d"/>
      </object_component>
      <object_component id="oc-112">
         <name>.debug_info</name>
         <load_address>0xf65b</load_address>
         <run_address>0xf65b</run_address>
         <size>0x117</size>
         <input_file_ref idref="fl-13d"/>
      </object_component>
      <object_component id="oc-9f">
         <name>.debug_info</name>
         <load_address>0xf772</load_address>
         <run_address>0xf772</run_address>
         <size>0x1ee</size>
         <input_file_ref idref="fl-13d"/>
      </object_component>
      <object_component id="oc-68">
         <name>.debug_info</name>
         <load_address>0xf960</load_address>
         <run_address>0xf960</run_address>
         <size>0xf6</size>
         <input_file_ref idref="fl-13e"/>
      </object_component>
      <object_component id="oc-7f">
         <name>.debug_info</name>
         <load_address>0xfa56</load_address>
         <run_address>0xfa56</run_address>
         <size>0x124</size>
         <input_file_ref idref="fl-13f"/>
      </object_component>
      <object_component id="oc-8b">
         <name>.debug_info</name>
         <load_address>0xfb7a</load_address>
         <run_address>0xfb7a</run_address>
         <size>0x129</size>
         <input_file_ref idref="fl-140"/>
      </object_component>
      <object_component id="oc-a3">
         <name>.debug_info</name>
         <load_address>0xfca3</load_address>
         <run_address>0xfca3</run_address>
         <size>0xea</size>
         <input_file_ref idref="fl-141"/>
      </object_component>
      <object_component id="oc-181">
         <name>.debug_info</name>
         <load_address>0xfd8d</load_address>
         <run_address>0xfd8d</run_address>
         <size>0x105</size>
         <input_file_ref idref="fl-142"/>
      </object_component>
      <object_component id="oc-10f">
         <name>.debug_info</name>
         <load_address>0xfe92</load_address>
         <run_address>0xfe92</run_address>
         <size>0xf4</size>
         <input_file_ref idref="fl-142"/>
      </object_component>
      <object_component id="oc-17a">
         <name>.debug_info</name>
         <load_address>0xff86</load_address>
         <run_address>0xff86</run_address>
         <size>0x200</size>
         <input_file_ref idref="fl-142"/>
      </object_component>
      <object_component id="oc-10d">
         <name>.debug_info</name>
         <load_address>0x10186</load_address>
         <run_address>0x10186</run_address>
         <size>0x147</size>
         <input_file_ref idref="fl-143"/>
      </object_component>
      <object_component id="oc-97">
         <name>.debug_info</name>
         <load_address>0x102cd</load_address>
         <run_address>0x102cd</run_address>
         <size>0x148</size>
         <input_file_ref idref="fl-143"/>
      </object_component>
      <object_component id="oc-174">
         <name>.debug_info</name>
         <load_address>0x10415</load_address>
         <run_address>0x10415</run_address>
         <size>0x5e</size>
         <input_file_ref idref="fl-143"/>
      </object_component>
      <object_component id="oc-105">
         <name>.debug_info</name>
         <load_address>0x10473</load_address>
         <run_address>0x10473</run_address>
         <size>0x29e</size>
         <input_file_ref idref="fl-144"/>
      </object_component>
      <object_component id="oc-91">
         <name>.debug_info</name>
         <load_address>0x10711</load_address>
         <run_address>0x10711</run_address>
         <size>0x192</size>
         <input_file_ref idref="fl-144"/>
      </object_component>
      <object_component id="oc-161">
         <name>.debug_info</name>
         <load_address>0x108a3</load_address>
         <run_address>0x108a3</run_address>
         <size>0x39</size>
         <input_file_ref idref="fl-144"/>
      </object_component>
      <object_component id="oc-166">
         <name>.debug_info</name>
         <load_address>0x108dc</load_address>
         <run_address>0x108dc</run_address>
         <size>0xcd</size>
         <input_file_ref idref="fl-144"/>
      </object_component>
      <object_component id="oc-15e">
         <name>.debug_info</name>
         <load_address>0x109a9</load_address>
         <run_address>0x109a9</run_address>
         <size>0x1c1</size>
         <input_file_ref idref="fl-145"/>
      </object_component>
      <object_component id="oc-ff">
         <name>.debug_info</name>
         <load_address>0x10b6a</load_address>
         <run_address>0x10b6a</run_address>
         <size>0x164</size>
         <input_file_ref idref="fl-145"/>
      </object_component>
      <object_component id="oc-1ee">
         <name>.debug_info</name>
         <load_address>0x10cce</load_address>
         <run_address>0x10cce</run_address>
         <size>0x2c</size>
         <input_file_ref idref="fl-145"/>
      </object_component>
      <object_component id="oc-3ae">
         <name>.debug_info</name>
         <load_address>0x10cfa</load_address>
         <run_address>0x10cfa</run_address>
         <size>0xaf</size>
      </object_component>
      <object_component id="oc-24">
         <name>.debug_line</name>
         <load_address>0x0</load_address>
         <run_address>0x0</run_address>
         <size>0x94</size>
         <input_file_ref idref="fl-2"/>
      </object_component>
      <object_component id="oc-25c">
         <name>.debug_line</name>
         <load_address>0x94</load_address>
         <run_address>0x94</run_address>
         <size>0x1c3</size>
         <input_file_ref idref="fl-3"/>
      </object_component>
      <object_component id="oc-375">
         <name>.debug_line</name>
         <load_address>0x257</load_address>
         <run_address>0x257</run_address>
         <size>0x78</size>
         <input_file_ref idref="fl-3"/>
      </object_component>
      <object_component id="oc-c5">
         <name>.debug_line</name>
         <load_address>0x2cf</load_address>
         <run_address>0x2cf</run_address>
         <size>0x98</size>
         <input_file_ref idref="fl-3"/>
      </object_component>
      <object_component id="oc-bf">
         <name>.debug_line</name>
         <load_address>0x367</load_address>
         <run_address>0x367</run_address>
         <size>0x98</size>
         <input_file_ref idref="fl-3"/>
      </object_component>
      <object_component id="oc-cb">
         <name>.debug_line</name>
         <load_address>0x3ff</load_address>
         <run_address>0x3ff</run_address>
         <size>0x98</size>
         <input_file_ref idref="fl-3"/>
      </object_component>
      <object_component id="oc-130">
         <name>.debug_line</name>
         <load_address>0x497</load_address>
         <run_address>0x497</run_address>
         <size>0x96</size>
         <input_file_ref idref="fl-3"/>
      </object_component>
      <object_component id="oc-13c">
         <name>.debug_line</name>
         <load_address>0x52d</load_address>
         <run_address>0x52d</run_address>
         <size>0x96</size>
         <input_file_ref idref="fl-3"/>
      </object_component>
      <object_component id="oc-136">
         <name>.debug_line</name>
         <load_address>0x5c3</load_address>
         <run_address>0x5c3</run_address>
         <size>0x90</size>
         <input_file_ref idref="fl-3"/>
      </object_component>
      <object_component id="oc-1fd">
         <name>.debug_line</name>
         <load_address>0x653</load_address>
         <run_address>0x653</run_address>
         <size>0x90</size>
         <input_file_ref idref="fl-3"/>
      </object_component>
      <object_component id="oc-b3">
         <name>.debug_line</name>
         <load_address>0x6e3</load_address>
         <run_address>0x6e3</run_address>
         <size>0xda</size>
         <input_file_ref idref="fl-3"/>
      </object_component>
      <object_component id="oc-2f4">
         <name>.debug_line</name>
         <load_address>0x7bd</load_address>
         <run_address>0x7bd</run_address>
         <size>0xcb</size>
         <input_file_ref idref="fl-3"/>
      </object_component>
      <object_component id="oc-1f7">
         <name>.debug_line</name>
         <load_address>0x888</load_address>
         <run_address>0x888</run_address>
         <size>0x97</size>
         <input_file_ref idref="fl-3"/>
      </object_component>
      <object_component id="oc-354">
         <name>.debug_line</name>
         <load_address>0x91f</load_address>
         <run_address>0x91f</run_address>
         <size>0xb3</size>
         <input_file_ref idref="fl-3"/>
      </object_component>
      <object_component id="oc-47">
         <name>.debug_line</name>
         <load_address>0x9d2</load_address>
         <run_address>0x9d2</run_address>
         <size>0x9d</size>
         <input_file_ref idref="fl-3"/>
      </object_component>
      <object_component id="oc-16f">
         <name>.debug_line</name>
         <load_address>0xa6f</load_address>
         <run_address>0xa6f</run_address>
         <size>0xd3</size>
         <input_file_ref idref="fl-3"/>
      </object_component>
      <object_component id="oc-10a">
         <name>.debug_line</name>
         <load_address>0xb42</load_address>
         <run_address>0xb42</run_address>
         <size>0x94</size>
         <input_file_ref idref="fl-3"/>
      </object_component>
      <object_component id="oc-265">
         <name>.debug_line</name>
         <load_address>0xbd6</load_address>
         <run_address>0xbd6</run_address>
         <size>0x6c</size>
         <input_file_ref idref="fl-3"/>
      </object_component>
      <object_component id="oc-12a">
         <name>.debug_line</name>
         <load_address>0xc42</load_address>
         <run_address>0xc42</run_address>
         <size>0x20</size>
         <input_file_ref idref="fl-3"/>
      </object_component>
      <object_component id="oc-371">
         <name>.debug_line</name>
         <load_address>0xc62</load_address>
         <run_address>0xc62</run_address>
         <size>0x7a</size>
         <input_file_ref idref="fl-3"/>
      </object_component>
      <object_component id="oc-260">
         <name>.debug_line</name>
         <load_address>0xcdc</load_address>
         <run_address>0xcdc</run_address>
         <size>0x8c</size>
         <input_file_ref idref="fl-3"/>
      </object_component>
      <object_component id="oc-d7">
         <name>.debug_line</name>
         <load_address>0xd68</load_address>
         <run_address>0xd68</run_address>
         <size>0x60</size>
         <input_file_ref idref="fl-3"/>
      </object_component>
      <object_component id="oc-f8">
         <name>.debug_line</name>
         <load_address>0xdc8</load_address>
         <run_address>0xdc8</run_address>
         <size>0x60</size>
         <input_file_ref idref="fl-3"/>
      </object_component>
      <object_component id="oc-32b">
         <name>.debug_line</name>
         <load_address>0xe28</load_address>
         <run_address>0xe28</run_address>
         <size>0x7f</size>
         <input_file_ref idref="fl-4"/>
      </object_component>
      <object_component id="oc-ad">
         <name>.debug_line</name>
         <load_address>0xea7</load_address>
         <run_address>0xea7</run_address>
         <size>0x92</size>
         <input_file_ref idref="fl-4"/>
      </object_component>
      <object_component id="oc-b9">
         <name>.debug_line</name>
         <load_address>0xf39</load_address>
         <run_address>0xf39</run_address>
         <size>0x8c</size>
         <input_file_ref idref="fl-4"/>
      </object_component>
      <object_component id="oc-1ab">
         <name>.debug_line</name>
         <load_address>0xfc5</load_address>
         <run_address>0xfc5</run_address>
         <size>0x95</size>
         <input_file_ref idref="fl-4"/>
      </object_component>
      <object_component id="oc-2fb">
         <name>.debug_line</name>
         <load_address>0x105a</load_address>
         <run_address>0x105a</run_address>
         <size>0x95</size>
         <input_file_ref idref="fl-4"/>
      </object_component>
      <object_component id="oc-258">
         <name>.debug_line</name>
         <load_address>0x10ef</load_address>
         <run_address>0x10ef</run_address>
         <size>0x60</size>
         <input_file_ref idref="fl-4"/>
      </object_component>
      <object_component id="oc-327">
         <name>.debug_line</name>
         <load_address>0x114f</load_address>
         <run_address>0x114f</run_address>
         <size>0x7f</size>
         <input_file_ref idref="fl-4"/>
      </object_component>
      <object_component id="oc-11a">
         <name>.debug_line</name>
         <load_address>0x11ce</load_address>
         <run_address>0x11ce</run_address>
         <size>0x20</size>
         <input_file_ref idref="fl-5"/>
[...]
            </allocated_space>
            <available_space>
               <start_address>0xefe</start_address>
               <size>0x2</size>
            </available_space>
            <allocated_space>
               <start_address>0xf00</start_address>
               <size>0x2e</size>
               <logical_group_ref idref="lg-f"/>
            </allocated_space>
            <available_space>
               <start_address>0xf2e</start_address>
               <size>0x2</size>
            </available_space>
            <allocated_space>
               <start_address>0xf30</start_address>
               <size>0x38</size>
               <logical_group_ref idref="lg-12"/>
            </allocated_space>
            <available_space>
               <start_address>0xf68</start_address>
               <size>0x98</size>
            </available_space>
         </usage_details>
      </memory_area>
      <memory_area display="yes" color="green">
         <name>FLASH_PAGE31</name>
         <page_id>0x0</page_id>
         <origin>0x1f000</origin>
         <length>0x1000</length>
         <used_space>0x8ec</used_space>
         <unused_space>0x714</unused_space>
         <attributes>RX</attributes>
         <usage_details>
            <allocated_space>
               <start_address>0x1f000</start_address>
               <size>0x18</size>
               <logical_group_ref idref="lg-d"/>
            </allocated_space>
            <allocated_space>
               <start_address>0x1f018</start_address>
               <size>0x87c</size>
               <logical_group_ref idref="lg-5"/>
            </allocated_space>
            <available_space>
               <start_address>0x1f894</start_address>
               <size>0x714</size>
            </available_space>
            <allocated_space>
               <start_address>0x1ffa8</start_address>
               <size>0x58</size>
               <logical_group_ref idref="lg-16"/>
            </allocated_space>
         </usage_details>
      </memory_area>
      <memory_area display="yes" color="green">
         <name>SRAM</name>
         <page_id>0x0</page_id>
         <origin>0x20000000</origin>
         <length>0x2cff</length>
         <used_space>0x112c</used_space>
         <unused_space>0x1bd3</unused_space>
         <attributes>RWX</attributes>
         <usage_details>
            <allocated_space>
               <start_address>0x20000000</start_address>
               <size>0x1014</size>
               <logical_group_ref idref="lg-37e"/>
            </allocated_space>
            <allocated_space>
               <start_address>0x20001014</start_address>
               <size>0x18</size>
               <logical_group_ref idref="lg-380"/>
            </allocated_space>
            <available_space>
               <start_address>0x2000102c</start_address>
               <size>0x1bd0</size>
            </available_space>
            <allocated_space>
               <start_address>0x20002bfc</start_address>
               <size>0x100</size>
               <logical_group_ref idref="lg-1d"/>
            </allocated_space>
            <available_space>
               <start_address>0x20002cfc</start_address>
               <size>0x3</size>
            </available_space>
         </usage_details>
      </memory_area>
   </placement_map>
   <cptbl_list>
      <cptbl>
         <name>__TI_cinit_table</name>
         <cprec>
            <name>.data</name>
            <load_address>0xf30</load_address>
            <load_size>0xf</load_size>
            <run_address>0x20001014</run_address>
            <run_size>0x18</run_size>
            <compression>rle</compression>
         </cprec>
         <cprec>
            <name>.bss</name>
            <load_address>0xf50</load_address>
            <load_size>0x8</load_size>
            <run_address>0x20000000</run_address>
            <run_size>0x1014</run_size>
            <compression>zero_init</compression>
         </cprec>
      </cptbl>
   </cptbl_list>
   <handler_table>
      <handler_table_name>__TI_handler_table</handler_table_name>
      <handler>
         <index>0x0</index>
         <name>__TI_decompress_rle24</name>
      </handler>
      <handler>
         <index>0x1</index>
         <name>__TI_decompress_none</name>
      </handler>
      <handler>
         <index>0x2</index>
         <name>__TI_zero_init</name>
      </handler>
   </handler_table>
   <symbol_table>
      <symbol id="sm-1">
         <name>__STACK_TOP</name>
         <value>0x20002cfc</value>
      </symbol>
      <symbol id="sm-2">
         <name>__TI_CINIT_Base</name>
         <value>0xf58</value>
      </symbol>
      <symbol id="sm-3">
         <name>__TI_CINIT_Limit</name>
         <value>0xf68</value>
      </symbol>
      <symbol id="sm-4">
         <name>__TI_Handler_Table_Base</name>
         <value>0xf40</value>
      </symbol>
      <symbol id="sm-5">
         <name>__TI_Handler_Table_Limit</name>
         <value>0xf4c</value>
      </symbol>
      <symbol id="sm-6">
         <name>binit</name>
         <value>0xffffffff</value>
      </symbol>
      <symbol id="sm-7">
         <name>__binit__</name>
         <value>0xffffffff</value>
      </symbol>
      <symbol id="sm-8">
         <name>__STACK_SIZE</name>
         <value>0x100</value>
      </symbol>
      <symbol id="sm-9">
         <name>__STACK_END</name>
         <value>0x20002cfc</value>
      </symbol>
      <symbol id="sm-a">
         <name>__c_args__</name>
         <value>0xffffffff</value>
      </symbol>
      <symbol id="sm-34">
         <name>BaseLoader_start</name>
         <value>0x1f001</value>
         <object_component_ref idref="oc-20"/>
      </symbol>
      <symbol id="sm-112">
         <name>imgInfo</name>
         <value>0x20001000</value>
      </symbol>
      <symbol id="sm-113">
         <name>main</name>
         <value>0x1f461</value>
         <object_component_ref idref="oc-106"/>
      </symbol>
      <symbol id="sm-114">
         <name>Bim_checkImages</name>
         <value>0x1f149</value>
         <object_component_ref idref="oc-16b"/>
      </symbol>
      <symbol id="sm-115">
         <name>pgBuf</name>
         <value>0x20000000</value>
         <object_component_ref idref="oc-356"/>
      </symbol>
      <symbol id="sm-116">
         <name>Bim_safeStart</name>
         <value>0x1f37d</value>
         <object_component_ref idref="oc-43"/>
      </symbol>
      <symbol id="sm-14b">
         <name>BLS_close</name>
         <value>0x1f4db</value>
         <object_component_ref idref="oc-b5"/>
      </symbol>
      <symbol id="sm-14c">
         <name>BLS_write</name>
         <value>0x1f4ab</value>
         <object_component_ref idref="oc-2f7"/>
      </symbol>
      <symbol id="sm-14d">
         <name>BLS_init</name>
         <value>0x1f4c9</value>
         <object_component_ref idref="oc-a9"/>
      </symbol>
      <symbol id="sm-14e">
         <name>BLS_read</name>
         <value>0x1f48d</value>
         <object_component_ref idref="oc-1a7"/>
      </symbol>
      <symbol id="sm-163">
         <name>__ccfg</name>
         <value>0x1ffa8</value>
         <object_component_ref idref="oc-3f"/>
      </symbol>
      <symbol id="sm-199">
         <name>ResetISR</name>
         <value>0xec9</value>
         <object_component_ref idref="oc-4a"/>
      </symbol>
      <symbol id="sm-19a">
         <name>g_pfnVectors</name>
         <value>0x0</value>
         <object_component_ref idref="oc-25"/>
      </symbol>
      <symbol id="sm-278">
         <name>extFlashOpen</name>
         <value>0x1f71d</value>
         <object_component_ref idref="oc-120"/>
      </symbol>
      <symbol id="sm-279">
         <name>extFlashWrite</name>
         <value>0x1f4e5</value>
         <object_component_ref idref="oc-35a"/>
      </symbol>
      <symbol id="sm-27a">
         <name>extFlashRead</name>
         <value>0x1f59f</value>
         <object_component_ref idref="oc-24e"/>
      </symbol>
      <symbol id="sm-27b">
         <name>extFlashClose</name>
         <value>0x1f871</value>
         <object_component_ref idref="oc-13f"/>
      </symbol>
      <symbol id="sm-2f7">
         <name>bspSpiOpen</name>
         <value>0xc9</value>
         <object_component_ref idref="oc-187"/>
      </symbol>
      <symbol id="sm-2f8">
         <name>bspSpiClose</name>
         <value>0x19d</value>
         <object_component_ref idref="oc-1c3"/>
      </symbol>
      <symbol id="sm-2f9">
         <name>bspSpiRead</name>
         <value>0x1f5</value>
         <object_component_ref idref="oc-313"/>
      </symbol>
      <symbol id="sm-2fa">
         <name>bspSpiFlush</name>
         <value>0x2ad</value>
         <object_component_ref idref="oc-30d"/>
      </symbol>
      <symbol id="sm-2fb">
         <name>bspSpiWrite</name>
         <value>0x249</value>
         <object_component_ref idref="oc-230"/>
      </symbol>
      <symbol id="sm-30d">
         <name>NOROM_CPUcpsie</name>
         <value>0xbd3</value>
         <object_component_ref idref="oc-cd"/>
      </symbol>
      <symbol id="sm-30e">
         <name>NOROM_CPUcpsid</name>
         <value>0xbc7</value>
         <object_component_ref idref="oc-330"/>
      </symbol>
      <symbol id="sm-329">
         <name>NOROM_FlashProgram</name>
         <value>0xa69</value>
         <object_component_ref idref="oc-1b0"/>
      </symbol>
      <symbol id="sm-32a">
         <name>NOROM_FlashSectorErase</name>
         <value>0xa85</value>
         <object_component_ref idref="oc-1a0"/>
      </symbol>
      <symbol id="sm-45f">
         <name>NOROM_SetupGetTrimForRadcExtCfg</name>
         <value>0xa1d</value>
         <object_component_ref idref="oc-2ce"/>
      </symbol>
      <symbol id="sm-460">
         <name>NOROM_SetupGetTrimForAmpcompCtrl</name>
         <value>0x781</value>
         <object_component_ref idref="oc-2a4"/>
      </symbol>
      <symbol id="sm-461">
         <name>NOROM_SetupSetAonRtcSubSecInc</name>
         <value>0x9c1</value>
         <object_component_ref idref="oc-2e7"/>
      </symbol>
      <symbol id="sm-462">
         <name>NOROM_SetupGetTrimForAnabypassValue1</name>
         <value>0x7ed</value>
         <object_component_ref idref="oc-27a"/>
      </symbol>
      <symbol id="sm-463">
         <name>NOROM_SetupGetTrimForXoscHfIbiastherm</name>
         <value>0xba9</value>
         <object_component_ref idref="oc-292"/>
      </symbol>
      <symbol id="sm-464">
         <name>NOROM_SetupGetTrimForRcOscLfIBiasTrim</name>
         <value>0xb55</value>
         <object_component_ref idref="oc-2c2"/>
      </symbol>
      <symbol id="sm-465">
         <name>NOROM_SetupTrimDevice</name>
         <value>0x5f5</value>
         <object_component_ref idref="oc-d9"/>
      </symbol>
      <symbol id="sm-466">
         <name>NOROM_SetupSetCacheModeAccordingToCcfgSetting</name>
         <value>0x855</value>
         <object_component_ref idref="oc-150"/>
      </symbol>
      <symbol id="sm-467">
         <name>NOROM_SetupAfterColdResetWakeupFromShutDownCfg1</name>
         <value>0x699</value>
         <object_component_ref idref="oc-1d8"/>
      </symbol>
      <symbol id="sm-468">
         <name>NOROM_SetupAfterColdResetWakeupFromShutDownCfg3</name>
         <value>0x315</value>
         <object_component_ref idref="oc-1e4"/>
      </symbol>
      <symbol id="sm-469">
         <name>NOROM_SetupAfterColdResetWakeupFromShutDownCfg2</name>
         <value>0x445</value>
         <object_component_ref idref="oc-1de"/>
      </symbol>
      <symbol id="sm-46a">
         <name>NOROM_SetupGetTrimForRcOscLfRtuneCtuneTrim</name>
         <value>0xad9</value>
         <object_component_ref idref="oc-286"/>
      </symbol>
      <symbol id="sm-46b">
         <name>NOROM_SetupGetTrimForXoscHfFastStart</name>
         <value>0xb99</value>
         <object_component_ref idref="oc-2d5"/>
      </symbol>
      <symbol id="sm-46c">
         <name>NOROM_SetupSignExtendVddrTrimValue</name>
         <value>0xbb9</value>
         <object_component_ref idref="oc-273"/>
      </symbol>
      <symbol id="sm-46d">
         <name>NOROM_SetupGetTrimForXoscLfRegulatorAndCmirrwrRatio</name>
         <value>0xb6d</value>
         <object_component_ref idref="oc-2c8"/>
      </symbol>
      <symbol id="sm-46e">
         <name>NOROM_SetupGetTrimForXoscHfCtl</name>
         <value>0xa49</value>
         <object_component_ref idref="oc-2b6"/>
      </symbol>
      <symbol id="sm-46f">
         <name>NOROM_SetupGetTrimForDblrLoopFilterResetVoltage</name>
         <value>0xb3d</value>
         <object_component_ref idref="oc-2bc"/>
      </symbol>
      <symbol id="sm-470">
         <name>NOROM_SetupGetTrimForAdcShModeEn</name>
         <value>0xaf5</value>
         <object_component_ref idref="oc-2aa"/>
      </symbol>
      <symbol id="sm-471">
         <name>NOROM_SetupGetTrimForAdcShVbufEn</name>
         <value>0xb0d</value>
         <object_component_ref idref="oc-2b0"/>
      </symbol>
      <symbol id="sm-472">
         <name>NOROM_SetupGetTrimForAmpcompTh1</name>
         <value>0xb25</value>
         <object_component_ref idref="oc-29e"/>
      </symbol>
      <symbol id="sm-473">
         <name>NOROM_SetupGetTrimForAmpcompTh2</name>
         <value>0xabd</value>
         <object_component_ref idref="oc-298"/>
      </symbol>
      <symbol id="sm-49e">
         <name>NOROM_ChipInfo_GetHwRevision</name>
         <value>0x711</value>
         <object_component_ref idref="oc-1d0"/>
      </symbol>
      <symbol id="sm-49f">
         <name>NOROM_ChipInfo_GetChipFamily</name>
         <value>0x8f1</value>
         <object_component_ref idref="oc-1ca"/>
      </symbol>
      <symbol id="sm-4a0">
         <name>NOROM_ThisCodeIsBuiltForCC26xxHwRev22AndLater_HaltIfViolated</name>
         <value>0xb85</value>
         <object_component_ref idref="oc-14a"/>
      </symbol>
      <symbol id="sm-4ce">
         <name>NOROM_DDI16BitfieldRead</name>
         <value>0x981</value>
         <object_component_ref idref="oc-346"/>
      </symbol>
      <symbol id="sm-4cf">
         <name>NOROM_DDI16BitfieldWrite</name>
         <value>0x939</value>
         <object_component_ref idref="oc-28c"/>
      </symbol>
      <symbol id="sm-4d0">
         <name>NOROM_DDI32RegWrite</name>
         <value>0x9f1</value>
         <object_component_ref idref="oc-280"/>
      </symbol>
      <symbol id="sm-4ec">
         <name>NOROM_OSCClockSourceSet</name>
         <value>0x8a5</value>
         <object_component_ref idref="oc-2e1"/>
      </symbol>
      <symbol id="sm-4ed">
         <name>NOROM_OSCClockSourceGet</name>
         <value>0xaa1</value>
         <object_component_ref idref="oc-2db"/>
      </symbol>
      <symbol id="sm-500">
         <name>_c_int00</name>
         <value>0xe61</value>
         <object_component_ref idref="oc-3a"/>
      </symbol>
      <symbol id="sm-501">
         <name>__stack</name>
         <value>0x20002bfc</value>
         <object_component_ref idref="oc-42"/>
      </symbol>
      <symbol id="sm-518">
         <name>__TI_decompress_none</name>
         <value>0xed9</value>
         <object_component_ref idref="oc-28"/>
      </symbol>
      <symbol id="sm-53b">
         <name>__TI_decompress_rle24</name>
         <value>0xef3</value>
         <object_component_ref idref="oc-2e"/>
      </symbol>
      <symbol id="sm-54d">
         <name>__TI_zero_init</name>
         <value>0xee7</value>
         <object_component_ref idref="oc-34"/>
      </symbol>
      <symbol id="sm-56c">
         <name>C$$EXIT</name>
         <value>0xe1d</value>
         <object_component_ref idref="oc-9c"/>
      </symbol>
      <symbol id="sm-56d">
         <name>abort</name>
         <value>0xe21</value>
         <object_component_ref idref="oc-9c"/>
      </symbol>
      <symbol id="sm-56e">
         <name>exit</name>
         <value>0xe29</value>
         <object_component_ref idref="oc-9c"/>
      </symbol>
      <symbol id="sm-56f">
         <name>__TI_dtors_ptr</name>
         <value>0x20001020</value>
         <object_component_ref idref="oc-111"/>
      </symbol>
      <symbol id="sm-570">
         <name>__TI_cleanup_ptr</name>
         <value>0x2000101c</value>
         <object_component_ref idref="oc-111"/>
      </symbol>
      <symbol id="sm-58b">
         <name>memcpy</name>
         <value>0xbe1</value>
         <object_component_ref idref="oc-65"/>
      </symbol>
      <symbol id="sm-58c">
         <name>__aeabi_memcpy</name>
         <value>0xbe1</value>
         <object_component_ref idref="oc-65"/>
      </symbol>
      <symbol id="sm-58d">
         <name>__aeabi_memcpy8</name>
         <value>0xbe1</value>
         <object_component_ref idref="oc-65"/>
      </symbol>
      <symbol id="sm-58e">
         <name>__aeabi_memcpy4</name>
         <value>0xbe1</value>
         <object_component_ref idref="oc-65"/>
      </symbol>
      <symbol id="sm-59d">
         <name>__aeabi_memset</name>
         <value>0xc7f</value>
         <object_component_ref idref="oc-7e"/>
      </symbol>
      <symbol id="sm-59e">
         <name>memset</name>
         <value>0xc85</value>
         <object_component_ref idref="oc-7e"/>
      </symbol>
      <symbol id="sm-59f">
         <name>__aeabi_memset8</name>
         <value>0xc7f</value>
         <object_component_ref idref="oc-7e"/>
      </symbol>
      <symbol id="sm-5a0">
         <name>__aeabi_memset4</name>
         <value>0xc7f</value>
         <object_component_ref idref="oc-7e"/>
      </symbol>
      <symbol id="sm-5a1">
         <name>__aeabi_memclr8</name>
         <value>0xc7d</value>
         <object_component_ref idref="oc-7e"/>
      </symbol>
      <symbol id="sm-5a2">
         <name>__aeabi_memclr4</name>
         <value>0xc7d</value>
         <object_component_ref idref="oc-7e"/>
      </symbol>
      <symbol id="sm-5a3">
         <name>__aeabi_memclr</name>
         <value>0xc7d</value>
         <object_component_ref idref="oc-7e"/>
      </symbol>
      <symbol id="sm-5ad">
         <name>_system_pre_init</name>
         <value>0xef9</value>
         <object_component_ref idref="oc-8a"/>
      </symbol>
      <symbol id="sm-5b5">
         <name>main_func_sp</name>
         <value>0x20001028</value>
         <object_component_ref idref="oc-a2"/>
      </symbol>
      <symbol id="sm-5ce">
         <name>_nop</name>
         <value>0xec3</value>
         <object_component_ref idref="oc-179"/>
      </symbol>
      <symbol id="sm-5cf">
         <name>_lock</name>
         <value>0x20001014</value>
         <object_component_ref idref="oc-10e"/>
      </symbol>
      <symbol id="sm-5d0">
         <name>_unlock</name>
         <value>0x20001018</value>
         <object_component_ref idref="oc-10e"/>
      </symbol>
      <symbol id="sm-5d1">
         <name>_register_lock</name>
         <value>0xebb</value>
         <object_component_ref idref="oc-179"/>
      </symbol>
      <symbol id="sm-5d2">
         <name>_register_unlock</name>
         <value>0xeb5</value>
         <object_component_ref idref="oc-179"/>
      </symbol>
      <symbol id="sm-5e7">
         <name>_args_main</name>
         <value>0xe9d</value>
         <object_component_ref idref="oc-96"/>
      </symbol>
      <symbol id="sm-60d">
         <name>__TI_auto_init</name>
         <value>0xcf9</value>
         <object_component_ref idref="oc-90"/>
      </symbol>
      <symbol id="sm-627">
         <name>copy_in</name>
         <value>0xdd1</value>
         <object_component_ref idref="oc-fe"/>
      </symbol>
      <symbol id="sm-628">
         <name>__TI_static_base__</name>
         <value>0x0</value>
      </symbol>
      <symbol id="sm-62b">
         <name>SHT$$INIT_ARRAY$$Limit</name>
         <value>0x0</value>
      </symbol>
      <symbol id="sm-62c">
         <name>SHT$$INIT_ARRAY$$Base</name>
         <value>0x0</value>
      </symbol>
   </symbol_table>
   <title>Link successful</title>
</link_info>
