******************************************************************************
                  TI ARM Linker PC v5.2.6                      
******************************************************************************
>> Linked Wed Nov 30 15:37:31 2016

OUTPUT FILE NAME:   <sensortag_cc2650stk_app.out>
ENTRY POINT SYMBOL: "ResetISR"  address: 00009cd9


MEMORY CONFIGURATION

         name            origin    length      used     unused   attr    fill
----------------------  --------  ---------  --------  --------  ----  --------
  IMAGE_HEADER          00001000   00000010  00000010  00000000  R  X
  FLASH                 00001010   00010010  0000eeed  00001123  R  X
  SRAM                  20000000   00004428  00003327  00001101  RW X


SEGMENT ALLOCATION MAP

run origin  load origin   length   init length attrs members
----------  ----------- ---------- ----------- ----- -------
00001000    00001000    0000ef00   0000ef00    r-x
  00001000    00001000    00000010   00000010    r-- .imgHdr
  00001010    00001010    0000003c   0000003c    r-- .resetVecs
  0000104c    0000104c    0000d740   0000d740    r-x .text
  0000e78c    0000e78c    00000b89   00000b89    r-- .const
  0000f318    0000f318    00000be8   00000be8    r-- .cinit
20000430    20000430    00000010   00000000    rw-
  20000430    20000430    00000010   00000000    rw- .TI.bound:dmaSpi0RxControlTableEntry$21
20000440    20000440    00000010   00000000    rw-
  20000440    20000440    00000010   00000000    rw- .TI.bound:dmaSpi0TxControlTableEntry$21
20000500    20000500    00000010   00000000    rw-
  20000500    20000500    00000010   00000000    rw- .TI.bound:dmaSpi1RxControlTableEntry$21
20000510    20000510    0000302f   00000000    rw-
  20000510    20000510    00000010   00000000    rw- .TI.bound:dmaSpi1TxControlTableEntry$21
  20000520    20000520    00002129   00000000    rw- .data
  20002650    20002650    00000eef   00000000    rw- .bss
20004228    20004228    00000200   00000000    rw-
  20004228    20004228    00000200   00000000    rw- .stack


SECTION ALLOCATION MAP

 output                                  attributes/
section   page    origin      length       input sections
--------  ----  ----------  ----------   ----------------
.imgHdr    0    00001000    00000010     
                  00001000    00000010     oad_target_external_flash.obj (.imgHdr:retain)

.text      0    0000104c    0000d740     
                  0000104c    00000310     RFCC26XX_singleMode.obj (.text:fsmActiveState$19)
                  0000135c    000002ec     peripheral.obj (.text:gapRole_processGAPMsg$50)
                  00001648    0000023c     peripheral.obj (.text:GAPRole_SetParameter)
                  00001884    00000228     drivers_cc26xxware.aem3 : PowerCC26XX.oem3 (.text:Power_sleep)
                  00001aac    00000204     driverlib.lib : sys_ctrl.obj (.text:NOROM_SysCtrlSetRechargeBeforePowerDown)
                  00001cb0    000001f4     rtsv7M3_T_le_eabi.lib : ull_div_t2.obj (.text)
                  00001ea4    000001f0     sensortag.obj (.text:SensorTag_init$0)
                  00002094    000001d0     drivers_cc26xxware.aem3 : PowerCC26XX_calibrateRCOSC.oem3 (.text:calibrateRcoscHf1)
                  00002264    000001a8     PINCC26XX.obj (.text:PIN_init)
                  0000240c    000001a8     RFCC26XX_singleMode.obj (.text:abortCmd$19)
                  000025b4    00000184     drivers_cc26xxware.aem3 : PowerCC26XX_calibrateRCOSC.oem3 (.text:PowerCC26XX_doCalibrate)
                  00002738    00000170     RFCC26XX_singleMode.obj (.text:RF_postCmd)
                  000028a8    00000158     SPICC26XXDMA.obj (.text:SPICC26XXDMA_initIO$21)
                  00002a00    0000014c     SPICC26XXDMA.obj (.text:SPICC26XXDMA_open)
                  00002b4c    00000138     sensortag_factoryreset.obj (.text:SensorTagFactoryReset_storeCurrentImage)
                  00002c84    00000130     driverlib.lib : setup.obj (.text:NOROM_SetupAfterColdResetWakeupFromShutDownCfg3)
                  00002db4    00000128     RFCC26XX_singleMode.obj (.text:fsmSetupState$19)
                  00002edc    00000120     peripheral.obj (.text:GAPRole_GetParameter)
                  00002ffc    0000011c     drivers_cc26xxware.aem3 : PowerCC26XX.oem3 (.text:Power_init)
                  00003118    00000110     sensortag_mov.obj (.text:SensorTagMov_processSensorEvent)
                  00003228    00000110     RFCC26XX_singleMode.obj (.text:hwiFxnCpe0Active$19)
                  00003338    000000fc     I2CCC26XX.obj (.text:I2CCC26XX_open)
                  00003434    000000fc     SensorMpu9250.obj (.text:SensorMpu9250_magRead)
                  00003530    000000fc     peripheral.obj (.text:gapRole_taskFxn$50)
                  0000362c    000000f8     sysbios.aem3 : BIOS.obj (.text:xdc_runtime_Startup_startMods__I)
                  00003724    000000f4     SensorBmp280.obj (.text:SensorBmp280_convert)
                  00003818    000000f0     SPICC26XXDMA.obj (.text:SPICC26XXDMA_transferCancel)
                  00003908    000000ec     icall.obj (.text:ICall_primWaitMatch$24)
                  000039f4    000000ec     RFCC26XX_singleMode.obj (.text:rf_init$19)
                  00003ae0    000000ec     registerservice.obj (.text:sensor_WriteAttrCB$51)
                  00003bcc    000000e8     sensortag.obj (.text:SensorTag_processStateChangeEvt$0)
                  00003cb4    000000e4     driverlib.lib : setup.obj (.text:NOROM_SetupAfterColdResetWakeupFromShutDownCfg2)
                  00003d98    000000e0     I2CCC26XX.obj (.text:I2CCC26XX_hwiFxn$17)
                  00003e78    000000dc     SensorMpu9250.obj (.text:SensorMpu9250_enableWom)
                  00003f54    000000d4     drivers_cc26xxware.aem3 : PowerCC26XX.oem3 (.text:Power_releaseDependency)
                  00004028    000000d0                             : PowerCC26XX.oem3 (.text:Power_setDependency)
                  000040f8    000000cc     SPICC26XXDMA.obj (.text:SPICC26XXDMA_transfer)
                  000041c4    000000cc     driverlib.lib : setup.obj (.text:TrimAfterColdResetWakeupFromShutDown)
                  00004290    000000cc     sysbios.aem3 : BIOS.obj (.text:ti_sysbios_knl_Semaphore_pend__E)
                  0000435c    000000cc                  : BIOS.obj (.text:ti_sysbios_knl_Task_Instance_init__E)
                  00004428    000000c8     SPICC26XXDMA.obj (.text:SPICC26XXDMA_configDMA$21)
                  000044f0    000000c8     RFCC26XX_singleMode.obj (.text:fsmPowerUpState$19)
                  000045b8    000000c8     sysbios.aem3 : m3_Hwi_asm.obj (.text:ti_sysbios_family_arm_m3_Hwi_dispatch__I)
                  00004680    000000c4     I2CCC26XX.obj (.text:I2CCC26XX_transfer)
                  00004744    000000c4     barometerservice.obj (.text:sensor_WriteAttrCB$37)
                  00004808    000000c4     humidityservice.obj (.text:sensor_WriteAttrCB$43)
                  000048cc    000000c4     irtempservice.obj (.text:sensor_WriteAttrCB$45)
                  00004990    000000c4     movementservice.obj (.text:sensor_WriteAttrCB$46)
                  00004a54    000000c4     opticservice.obj (.text:sensor_WriteAttrCB$49)
                  00004b18    000000c4     RFCC26XX_singleMode.obj (.text:swiFxnHw$19)
                  00004bdc    000000c0     RFCC26XX_singleMode.obj (.text:RF_open)
                  00004c9c    000000c0     sensortag_mov.obj (.text:SensorTagMov_processCharChangeEvt)
                  00004d5c    000000c0     ioservice.obj (.text:io_WriteAttrCB$44)
                  00004e1c    000000bc     power_cc26xx_tirtos.aem3 : PowerCC26XX_tirtos.oem3 (.text:PowerCC26XX_standbyPolicy)
                  00004ed8    000000b8     sensortag_bar.obj (.text:sensorTaskFxn$1)
                  00004f90    000000b4     PINCC26XX.obj (.text:PINCC26XX_setIoCfg$18)
                  00005044    000000b4     sensortag_factoryreset.obj (.text:SensorTagFactoryReset_hasImage)
                  000050f8    000000b0     sensortag_io.obj (.text:SensorTagIO_processCharChangeEvt)
                  000051a8    000000b0     sensortag_keys.obj (.text:SensorTagKeys_processEvent)
                  00005258    000000b0     devinfoservice.obj (.text:devInfo_ReadAttrCB$40)
                  00005308    000000b0     peripheral.obj (.text:gapRole_init$50)
                  000053b8    000000ac     oad.obj (.text:OAD_imgBlockWrite)
                  00005464    000000a8     sensortag.obj (.text:SensorTag_taskFxn$0)
                  0000550c    000000a8     oad.obj (.text:oadWriteAttrCB$47)
                  000055b4    000000a4     driverlib.lib : setup.obj (.text:NOROM_SetupTrimDevice)
                  00005658    000000a4     ccservice.obj (.text:ccService_WriteAttrCB$39)
                  000056fc    000000a0     SPICC26XXDMA.obj (.text:SPICC26XXDMA_hwiFxn$21)
                  0000579c    000000a0     auto_init.aem3 : auto_init.oem3 (.text)
                  0000583c    000000a0     sysbios.aem3 : BIOS.obj (.text:ti_sysbios_knl_Task_setPri__E)
                  000058dc    0000009c     oad.obj (.text:OAD_imgIdentifyWrite)
                  00005978    0000009c     sensortag_keys.obj (.text:SensorTagKeys_clockHandler$8)
                  00005a14    0000009c     SensorTmp007.obj (.text:SensorTmp007_test)
                  00005ab0    0000009c     rtsv7M3_T_le_eabi.lib : memcpy_t2.obj (.text)
                  00005b4c    00000098     PINCC26XX.obj (.text:PIN_open)
                  00005be4    00000098     sysbios.aem3 : BIOS.obj (.text:ti_sysbios_knl_Clock_workFuncDynamic__E)
                  00005c7c    00000096     SensorBmp280.obj (.text:SensorBmp280_test)
                  00005d12    00000002     ble_user_config.obj (.text:DefaultAssertCback)
                  00005d14    00000094     gattservapp_util.obj (.text:GATTServApp_ProcessCharCfg)
                  00005da8    00000094     SPICC26XXDMA.obj (.text:SPICC26XXDMA_control)
                  00005e3c    00000094     sensortag_opt.obj (.text:SensorTagOpt_processCharChangeEvt)
                  00005ed0    00000094     sysbios.aem3 : BIOS.obj (.text:ti_sysbios_family_arm_m3_Hwi_Instance_init__E)
                  00005f64    00000090     I2CCC26XX.obj (.text:I2CCC26XX_primeTransfer$17)
                  00005ff4    00000090     oad.obj (.text:crcCalcDL$47)
                  00006084    00000090     drivers_cc26xxware.aem3 : PowerCC26XX.oem3 (.text:switchXOSCHFclockFunc)
                  00006114    0000008c     devinfoservice.obj (.text:DevInfo_SetParameter)
                  000061a0    0000008c     driverlib.lib : osc.obj (.text:NOROM_OSCHF_GetStartupTime)
                  0000622c    00000088     I2CCC26XX.obj (.text:I2CCC26XX_cancel)
                  000062b4    00000088     sensortag_bar.obj (.text:SensorTagBar_processCharChangeEvt)
                  0000633c    00000088     sensortag_register.obj (.text:SensorTagRegister_processCharChangeEvt)
                  000063c4    00000088     registerservice.obj (.text:sensor_ReadAttrCB$51)
                  0000644c    00000084     icall.obj (.text:ICall_heapMalloc)
                  000064d0    00000084     icall.obj (.text:ICall_primSetTimer$24)
                  00006554    00000084     TRNGCC26XX.obj (.text:TRNGCC26XX_getNumber)
                  000065d8    00000084     sensortag_register.obj (.text:readRegister$12)
                  0000665c    00000080     RFCC26XX_singleMode.obj (.text:RF_pendCmd)
                  000066dc    00000080     sensortag_tmp.obj (.text:SensorTagTmp_processCharChangeEvt)
                  0000675c    00000080     SensorMpu9250.obj (.text:sensorMagInit$32)
                  000067dc    00000080     sysbios.aem3 : BIOS.obj (.text:ti_sysbios_family_arm_m3_Hwi_initNVIC__E)
                  0000685c    00000080                  : BIOS.obj (.text:ti_sysbios_knl_Task_postInit__I)
                  000068dc    00000080                  : BIOS.obj (.text:xdc_runtime_Core_createObject__I)
                  0000695c    0000007c     icall.obj (.text:ICall_createRemoteTasks)
                  000069d8    0000007c     sensortag_hum.obj (.text:SensorTagHum_processCharChangeEvt)
                  00006a54    0000007c     drivers_cc26xxware.aem3 : PowerCC26XX.oem3 (.text:disableLFClockQualifiers)
                  00006ad0    0000007c     sensortag_tmp.obj (.text:sensorTaskFxn$13)
                  00006b4c    0000007a     rtsv7M3_T_le_eabi.lib : memset_t2.obj (.text)
                  00006bc6    00000002     driverlib.lib : rfc.obj (.text:NOROM_RFCAdi3VcoLdoVoltageMode)
                  00006bc8    00000078                   : setup.obj (.text:NOROM_SetupAfterColdResetWakeupFromShutDownCfg1)
                  00006c40    00000078     oad.obj (.text:OAD_rejectImage$47)
                  00006cb8    00000078     SensorTagTest.obj (.text:SensorTag_testExecute)
                  00006d30    00000078     sysbios.aem3 : BIOS.obj (.text:ti_sysbios_knl_Clock_walkQueueDynamic__E)
                  00006da8    00000074     icall_cc2650.obj (.text:ICallPlatform_pwrUpdActivityCounter)
                  00006e1c    00000074     icall.obj (.text:ICall_primSend$24)
                  00006e90    00000074     drivers_cc26xxware.aem3 : PowerCC26XX_calibrateRCOSC.oem3 (.text:PowerCC26XX_auxISR)
                  00006f04    00000074     sensortag_register.obj (.text:SensorTagRegister_reset)
                  00006f78    00000074     drivers_cc26xxware.aem3 : PowerCC26XX_calibrateRCOSC.oem3 (.text:calibrateRcoscHf2)
                  00006fec    00000074     peripheral.obj (.text:gapRole_startConnUpdate$50)
                  00007060    00000072     ExtFlash.obj (.text:ExtFlash_write)
                  000070d2    00000002     driverlib.lib : rfc.obj (.text:NOROM_RFCRTrim)
                  000070d4    00000070                   : chipinfo.obj (.text:NOROM_ChipInfo_GetHwRevision)
                  00007144    00000070     SensorI2C.obj (.text:SensorI2C_select)
                  000071b4    00000070     sensortag_hum.obj (.text:sensorTaskFxn$6)
                  00007224    00000070     sysbios.aem3 : BIOS.obj (.text:ti_sysbios_knl_Task_sleep__E)
                  00007294    0000006c     icall.obj (.text:ICall_heapInit)
                  00007300    0000006c     driverlib.lib : setup.obj (.text:NOROM_SetupGetTrimForAmpcompCtrl)
                  0000736c    0000006c     drivers_cc26xxware.aem3 : PowerCC26XX.oem3 (.text:PowerCC26XX_calibrate)
                  000073d8    0000006c     SensorMpu9250.obj (.text:SensorMpu9250_reset)
                  00007444    0000006c     RFCC26XX_singleMode.obj (.text:fsmPowerDownState$19)
                  000074b0    0000006c     gattservapp_util.obj (.text:gattServApp_SendNotiInd$42)
                  0000751c    0000006c     movementservice.obj (.text:sensor_ReadAttrCB$46)
                  00007588    0000006c     sysbios.aem3 : BIOS.obj (.text:xdc_runtime_Memory_alloc__E)
                  000075f4    0000006a     rtsv7M3_T_le_eabi.lib : copy_decompress_rle.obj (.text)
                  0000765e    00000002     SPICC26XXDMA.obj (.text:SPICC26XXDMA_serviceISR$21)
                  00007660    00000068     driverlib.lib : setup.obj (.text:NOROM_SetupGetTrimForAnabypassValue1)
                  000076c8    00000068                   : sys_ctrl.obj (.text:NOROM_SysCtrl_DCDC_VoltageConditionalControl)
                  00007730    00000068     oad_target_external_flash.obj (.text:OADTarget_getCurrentImageHeader)
                  00007798    00000068     sensortag_conn_ctrl.obj (.text:SensorTagConnectionControl_update)
                  00007800    00000068     sensortag_factoryreset.obj (.text:SensorTagFactoryReset_extFlashErase)
                  00007868    00000068     SensorTmp007.obj (.text:SensorTmp007_read)
                  000078d0    00000068     sysbios.aem3 : BIOS.obj (.text:ti_sysbios_knl_Clock_startI__E)
                  00007938    00000068                  : BIOS.obj (.text:ti_sysbios_knl_Swi_restoreHwi__E)
                  000079a0    00000066     SensorHdc1000.obj (.text:SensorHdc1000_test)
                  00007a06    00000002     RFCC26XX_singleMode.obj (.text:defaultErrCb$19)
                  00007a08    00000064     I2CCC26XX.obj (.text:I2CCC26XX_close)
                  00007a6c    00000064     PINCC26XX.obj (.text:PIN_add)
                  00007ad0    00000064     sysbios.aem3 : BIOS.obj (.text:ti_sysbios_family_arm_cc26xx_Timer_start__E)
                  00007b34    00000064                  : BIOS.obj (.text:ti_sysbios_knl_Semaphore_post__E)
                  00007b98    00000062     barometerservice.obj (.text:sensor_ReadAttrCB$37)
                  00007bfa    00000002     drivers_cc26xxware.aem3 : PowerCC26XX.oem3 (.text:emptyClockFunc)
                  00007bfc    00000060     I2CCC26XX.obj (.text:I2CCC26XX_initIO$17)
                  00007c5c    00000060     icall.obj (.text:ICall_primEnroll$24)
                  00007cbc    00000060     oad.obj (.text:OAD_sendStatus$47)
                  00007d1c    00000060     drivers_cc26xxware.aem3 : PowerCC26XX_calibrateRCOSC.oem3 (.text:PowerCC26XX_RCOSC_clockFunc)
                  00007d7c    00000060     RFCC26XX_singleMode.obj (.text:RF_getCurrentTime)
                  00007ddc    00000060     sensortag_mov.obj (.text:appStateSet$9)
                  00007e3c    00000060     battservice.obj (.text:battReadAttrCB$38)
                  00007e9c    00000060     drivers_cc26xxware.aem3 : PowerCC26XX_calibrateRCOSC.oem3 (.text:updateSubSecInc)
                  00007efc    0000005c     barometerservice.obj (.text:Barometer_setParameter)
                  00007f58    0000005c     ExtFlash.obj (.text:ExtFlash_erase)
                  00007fb4    0000005c     icall.obj (.text:ICall_primThreadServes$24)
                  00008010    0000005c     driverlib.lib : osc.obj (.text:NOROM_OSCHF_AttemptToSwitchToXosc)
                  0000806c    0000005c                   : sys_ctrl.obj (.text:NOROM_SysCtrlAdjustRechargeAfterPowerDown)
                  000080c8    0000005c     oad_target_external_flash.obj (.text:OADTarget_validateNewImage)
                  00008124    0000005c     oad.obj (.text:OAD_getNextBlockReq$47)
                  00008180    0000005c     SensorMpu9250.obj (.text:SensorMpu9250_magReset)
                  000081dc    0000005c     SensorMpu9250.obj (.text:SensorMpu9250_test)
                  00008238    0000005c     UDMACC26XX.obj (.text:UDMACC26XX_open)
                  00008294    0000005c     RFCC26XX_singleMode.obj (.text:applyRfCorePatch$19)
                  000082f0    0000005c     RFCC26XX_singleMode.obj (.text:decActiveClientCnt$19)
                  0000834c    0000005c     SensorMpu9250.obj (.text:sensorMpu9250WakeUp$32)
                  000083a8    0000005c     sysbios.aem3 : BIOS.obj (.text:ti_sysbios_knl_Task_Module_startup__E)
                  00008404    0000005c                  : BIOS.obj (.text:ti_sysbios_knl_Task_startCore__E)
                  00008460    0000005a     SPICC26XXDMA.obj (.text:SPICC26XXDMA_close)
                  000084ba    0000005a     humidityservice.obj (.text:sensor_ReadAttrCB$43)
                  00008514    0000005a     irtempservice.obj (.text:sensor_ReadAttrCB$45)
                  0000856e    0000005a     opticservice.obj (.text:sensor_ReadAttrCB$49)
                  000085c8    00000058     humidityservice.obj (.text:Humidity_setParameter)
                  00008620    00000058     irtempservice.obj (.text:IRTemp_setParameter)
                  00008678    00000058     movementservice.obj (.text:Movement_setParameter)
                  000086d0    00000058     oad.obj (.text:OAD_addService)
                  00008728    00000058     PINCC26XX.obj (.text:PIN_remove)
                  00008780    00000058     drivers_cc26xxware.aem3 : PowerCC26XX_calibrateRCOSC.oem3 (.text:PowerCC26XX_initiateCalibration)
                  000087d8    00000058     SPICC26XXDMA.obj (.text:SPICC26XXDMA_initHw$21)
                  00008830    00000058     sensortag_keys.obj (.text:processGapStateChange$8)
                  00008888    00000058     sysbios.aem3 : BIOS.obj (.text:ti_sysbios_family_arm_m3_Hwi_postInit__I)
                  000088e0    00000058                  : BIOS.obj (.text:ti_sysbios_knl_Swi_Instance_init__E)
                  00008938    00000058                  : BIOS.obj (.text:ti_sysbios_knl_Swi_run__I)
                  00008990    00000056     sensortag.obj (.text:SensorTag_processCharValueChangeEvt$0)
                  000089e6    00000054     I2CCC26XX.obj (.text:I2CCC26XX_swiFxn$17)
                  00008a3a    00000002     sysbios.aem3 : BIOS.obj (.text:ti_sysbios_BIOS_linkedWithIncorrectBootLibrary__E)
                  00008a3c    00000054     opticservice.obj (.text:Optic_setParameter)
                  00008a90    00000054     SensorI2C.obj (.text:SensorI2C_open)
                  00008ae4    00000054     sensortag_mov.obj (.text:SensorTagMov_init)
                  00008b38    00000054     util.obj (.text:Util_rescheduleClock)
                  00008b8c    00000054     sensortag_factoryreset.obj (.text:calcImageCRC$5)
                  00008be0    00000054     drivers_cc26xxware.aem3 : PowerCC26XX.oem3 (.text:configureXOSCHF)
                  00008c34    00000054     RFCC26XX_singleMode.obj (.text:fsmXOSCState$19)
                  00008c88    00000054     RFCC26XX_singleMode.obj (.text:hwiFxnHw$19)
                  00008cdc    00000054     RFCC26XX_singleMode.obj (.text:ratChanFree$19)
                  00008d30    00000054     sysbios.aem3 : BIOS.obj (.text:ti_sysbios_family_arm_m3_Hwi_dispatchC__I)
                  00008d84    00000054                  : BIOS.obj (.text:ti_sysbios_knl_Swi_schedule__I)
                  00008dd8    00000052     icall.obj (.text:ICall_primWait$24)
                  00008e2a    00000052     SPICC26XXDMA.obj (.text:SPICC26XXDMA_swiFxn$21)
                  00008e7c    00000052     sensortag_conn_ctrl.obj (.text:SensorTagConnControl_processCharChangeEvt)
                  00008ece    00000050     ExtFlash.obj (.text:ExtFlash_read)
                  00008f1e    00000002     app_ble_pem3.oem3 (.text:ti_sysbios_BIOS_nullFunc__I)
                  00008f20    00000050     icall_api.obj (.text:GAP_DeviceInit)
                  00008f70    00000050     icall_api.obj (.text:GAP_UpdateAdvertisingData)
                  00008fc0    00000050     icall.obj (.text:ICall_primRegisterApp$24)
                  00009010    00000050     driverlib.lib : setup.obj (.text:NOROM_SetupSetCacheModeAccordingToCcfgSetting)
                  00009060    00000050     RFCC26XX_singleMode.obj (.text:RF_getInfo)
                  000090b0    00000050     oad.obj (.text:checkDL$47)
                  00009100    00000050     RFCC26XX_singleMode.obj (.text:syncCb$19)
                  00009150    00000050     sysbios.aem3 : BIOS.obj (.text:ti_sysbios_knl_Swi_runLoop__I)
                  000091a0    00000050                  : BIOS.obj (.text:xdc_runtime_Startup_exec__E)
                  000091f0    0000004e     SensorOpt3001.obj (.text:SensorOpt3001_test)
                  0000923e    0000004e     ccservice.obj (.text:ccService_ReadAttrCB$39)
                  0000928c    0000004e     ioservice.obj (.text:io_ReadAttrCB$44)
                  000092da    00000002     sysbios.aem3 : BIOS.obj (.text:ti_sysbios_gates_GateHwi_Instance_init__E)
                  000092dc    0000004c     ExtFlash.obj (.text:ExtFlash_waitReady$28)
                  00009328    0000004c     icall_cc2650.obj (.text:ICallPlatform_pwrRegisterNotify)
                  00009374    0000004c     icall.obj (.text:ICall_newTask$24)
                  000093c0    0000004c     icall.obj (.text:ICall_primGetEntityId$24)
                  0000940c    0000004c     driverlib.lib : osc.obj (.text:NOROM_OSCClockSourceSet)
                  00009458    0000004c     sensortag_opt.obj (.text:SensorTagOpt_init)
                  000094a4    0000004c     sensortag.obj (.text:SensorTag_setDeviceInfo$0)
                  000094f0    0000004c     util.obj (.text:Util_constructClock)
                  0000953c    0000004c     battservice.obj (.text:battWriteAttrCB$38)
                  00009588    0000004c     RFCC26XX_singleMode.obj (.text:dispatchOpWhen$19)
                  000095d4    0000004c     peripheral.obj (.text:gapRole_processStackMsg$50)
                  00009620    0000004c     rtsv7M3_T_le_eabi.lib : cpy_tbl.obj (.text)
                  0000966c    0000004c     sysbios.aem3 : m3_TaskSupport_asm.obj (.text:ti_sysbios_family_arm_m3_TaskSupport_buildTaskStack)
                  000096b8    0000004c                  : BIOS.obj (.text:ti_sysbios_knl_Task_schedule__I)
                  00009704    0000004a     gattservapp_util.obj (.text:GATTServApp_ProcessCCCWriteReq)
                  0000974e    0000004a     SensorOpt3001.obj (.text:SensorOpt3001_read)
                  00009798    00000048     I2CCC26XX.obj (.text:I2CCC26XX_initHw$17)
                  000097e0    00000048     driverlib.lib : chipinfo.obj (.text:NOROM_ChipInfo_GetChipFamily)
                  00009828    00000048                   : ddi.obj (.text:NOROM_DDI16BitfieldWrite)
                  00009870    00000048     sensortag_oad.obj (.text:SensorTag_processOadWriteCB$10)
                  000098b8    00000048     battservice.obj (.text:battNotify$38)
                  00009900    00000048     icall_api.obj (.text:gattIndNoti$27)
                  00009948    00000048     drivers_cc26xxware.aem3 : PowerCC26XX.oem3 (.text:notify)
                  00009990    00000048     sysbios.aem3 : BIOS.obj (.text:ti_sysbios_family_arm_m3_Hwi_Module_startup__E)
                  000099d8    00000048                  : m3_Hwi_asm_switch.obj (.text:ti_sysbios_family_arm_m3_Hwi_initStacks__E)
                  00009a20    00000048     app_ble_pem3.oem3 (.text:ti_sysbios_hal_Hwi_create)
                  00009a68    00000048     sensortag_register.obj (.text:writeRegister$12)
                  00009ab0    00000048     sysbios.aem3 : BIOS.obj (.text:xdc_runtime_Core_assignParams__I)
                  00009af8    00000048                  : BIOS.obj (.text:xdc_runtime_Core_constructObject__I)
                  00009b40    00000044     icall_api.obj (.text:GAP_TerminateLinkReq)
                  00009b84    00000044     PINCC26XX.obj (.text:PIN_swi$18)
                  00009bc8    00000044     SensorHdc1000.obj (.text:SensorHdc1000_read)
                  00009c0c    00000044     SensorMpu9250.obj (.text:SensorMpu9250_accSetRange)
                  00009c50    00000044     sensortag_io.obj (.text:SensorTagIO_blinkLed)
                  00009c94    00000044     sensortag_io.obj (.text:SensorTagIO_reset)
                  00009cd8    00000044     boot.aem3 : boot.oem3 (.text)
                  00009d1c    00000044     icall_api.obj (.text:gapSendParamAndPtrCmd$27)
                  00009d60    00000044     rtsv7M3_T_le_eabi.lib : exit.obj (.text)
                  00009da4    00000044     SensorMpu9250.obj (.text:sensorMpu9250SetBypass$32)
                  00009de8    00000044     app_ble_pem3.oem3 (.text:ti_sysbios_family_arm_m3_Hwi_Object__create__S)
                  00009e2c    00000044     sysbios.aem3 : BIOS.obj (.text:ti_sysbios_family_arm_m3_Hwi_disableInterrupt__E)
                  00009e70    00000044                  : BIOS.obj (.text:ti_sysbios_family_arm_m3_Hwi_enableInterrupt__E)
                  00009eb4    00000044                  : BIOS.obj (.text:ti_sysbios_knl_Swi_post__E)
                  00009ef8    00000044                  : BIOS.obj (.text:ti_sysbios_knl_Task_allBlockedFunction__I)
                  00009f3c    00000044     app_ble_pem3.oem3 (.text:ti_sysbios_knl_Task_create)
                  00009f80    00000042     icall.obj (.text:ICall_primCreateTask$24)
                  00009fc2    00000002     sysbios.aem3 : BIOS.obj (.text:ti_sysbios_knl_Clock_logTick__E)
                  00009fc4    00000040     ExtFlash.obj (.text:ExtFlash_open)
                  0000a004    00000040     ExtFlash.obj (.text:ExtFlash_readInfo$28)
                  0000a044    00000040     peripheral.obj (.text:GAPRole_createTask)
                  0000a084    00000040     driverlib.lib : ddi.obj (.text:NOROM_DDI16BitfieldRead)
                  0000a0c4    00000040     oad_target_external_flash.obj (.text:OADTarget_storeImageHeader)
                  0000a104    00000040     RFCC26XX_singleMode.obj (.text:RF_getRssi)
                  0000a144    00000040     simplekeys.obj (.text:SK_readAttrCB$52)
                  0000a184    00000040     SensorI2C.obj (.text:SensorI2C_read)
                  0000a1c4    00000040     SensorMpu9250.obj (.text:SensorMpu9250_magTest)
                  0000a204    00000040     sensortag_factoryreset.obj (.text:SensorTagFactoryReset_applyFactoryImage)
                  0000a244    00000040     sensortag_oad.obj (.text:SensorTagOad_processEvent)
                  0000a284    00000040     SensorTmp007.obj (.text:SensorTmp007_enable)
                  0000a2c4    00000040     ExtFlash.obj (.text:extFlashVerifyPart$28)
                  0000a304    00000040     SensorMpu9250.obj (.text:sensorMagEnable$32)
                  0000a344    00000040     SensorMpu9250.obj (.text:sensorMpuSleep$32)
                  0000a384    00000040     sysbios.aem3 : BIOS.obj (.text:ti_sysbios_family_arm_m3_Hwi_getStackInfo__E)
                  0000a3c4    00000040                  : BIOS.obj (.text:xdc_runtime_HeapMin_alloc__E)
                  0000a404    0000003c     icall_api.obj (.text:GAP_GetParamValue)
                  0000a440    0000003c     icall_api.obj (.text:GATTServApp_RegisterService)
                  0000a47c    0000003c     icall_cc2650.obj (.text:ICallPlatform_pwrConfigACAction)
                  0000a4b8    0000003c     driverlib.lib : osc.obj (.text:NOROM_OSC_HPOSCRelativeFrequencyOffsetGet)
                  0000a4f4    0000003c                   : rfc.obj (.text:NOROM_RFCSynthPowerDown)
                  0000a530    0000003c     PINCC26XX.obj (.text:PINCC26XX_getConfig)
                  0000a56c    0000003c     RFCC26XX_singleMode.obj (.text:RF_runCmd)
                  0000a5a8    0000003c     registerservice.obj (.text:Register_setParameter)
                  0000a5e4    0000003c     SPICC26XXDMA.obj (.text:SPICC26XXDMA_csnCallback$21)
                  0000a620    0000003c     SensorBmp280.obj (.text:SensorBmp280_read)
                  0000a65c    0000003c     SensorI2C.obj (.text:SensorI2C_writeRead)
                  0000a698    0000003c     SensorMpu9250.obj (.text:SensorMpu9250_accRead)
                  0000a6d4    0000003c     SensorMpu9250.obj (.text:SensorMpu9250_accReadRange)
                  0000a710    0000003c     sensortag_bar.obj (.text:SensorTagBar_createTask)
                  0000a74c    0000003c     sensortag_buzzer.obj (.text:SensorTagBuzzer_open)
                  0000a788    0000003c     sensortag_buzzer.obj (.text:SensorTagBuzzer_setFrequency)
                  0000a7c4    0000003c     sensortag_hum.obj (.text:SensorTagHum_createTask)
                  0000a800    0000003c     sensortag_tmp.obj (.text:SensorTagTmp_createTask)
                  0000a83c    0000003c     sensortag.obj (.text:SensorTag_createTask)
                  0000a878    0000003c     oad.obj (.text:oadReadAttrCB$47)
                  0000a8b4    0000003c     RFCC26XX_singleMode.obj (.text:postDirImmCmd$19)
                  0000a8f0    0000003c     icall_api.obj (.text:profileSetParameter$27)
                  0000a92c    0000003c     icall_api.obj (.text:sendWaitMatchCS$27)
                  0000a968    0000003c     icall_api.obj (.text:sendWaitMatchValueCS$27)
                  0000a9a4    0000003c     app_ble_pem3.oem3 (.text:ti_sysbios_family_arm_m3_Hwi_construct)
                  0000a9e0    0000003a     SensorMpu9250.obj (.text:SensorMpu9250_irqStatus)
                  0000aa1a    0000003a     sysbios.aem3 : BIOS.obj (.text:ti_sysbios_knl_Task_exit__E)
                  0000aa54    00000038     icall_api.obj (.text:GAPBondMgr_LinkEst)
                  0000aa8c    00000038     I2C.obj (.text:I2C_init)
                  0000aac4    00000038     icall.obj (.text:ICall_primGetMaxMSecs$24)
                  0000aafc    00000038     SensorI2C.obj (.text:SensorI2C_write)
                  0000ab34    00000038     SensorMpu9250.obj (.text:SensorMpu9250_gyroRead)
                  0000ab6c    00000038     sensortag_opt.obj (.text:SensorTagOpt_reset)
                  0000aba4    00000038     util.obj (.text:Util_restartClock)
                  0000abdc    00000038     battservice.obj (.text:battMeasure$38)
                  0000ac14    00000038     battservice.obj (.text:battNotifyLevel$38)
                  0000ac4c    00000038     peripheral.obj (.text:gapRole_HandleParamUpdateNoSuccess$50)
                  0000ac84    00000038     icall_api.obj (.text:linkDB_NumConns)
                  0000acbc    00000038     sysbios.aem3 : BIOS.obj (.text:ti_sysbios_family_arm_cc26xx_Timer_getCurrentTick__E)
                  0000acf4    00000038                  : BIOS.obj (.text:ti_sysbios_family_arm_m3_Hwi_Instance_finalize__E)
                  0000ad2c    00000038                  : BIOS.obj (.text:ti_sysbios_knl_Clock_Instance_init__E)
                  0000ad64    00000038     app_ble_pem3.oem3 (.text:ti_sysbios_knl_Clock_create)
                  0000ad9c    00000038     app_ble_pem3.oem3 (.text:ti_sysbios_knl_Swi_construct)
                  0000add4    00000038     app_ble_pem3.oem3 (.text:ti_sysbios_knl_Task_construct)
                  0000ae0c    00000038     sysbios.aem3 : BIOS.obj (.text:xdc_runtime_System_atexit__E)
                  0000ae44    00000036     UDMACC26XX.obj (.text:UDMACC26XX_close)
                  0000ae7a    00000036     RFCC26XX_singleMode.obj (.text:updateImplicitState$19)
                  0000aeb0    00000034     icall_api.obj (.text:GAPBondMgr_SetParameter)
                  0000aee4    00000034     peripheral.obj (.text:GAPRole_SendUpdateParam)
                  0000af18    00000034     icall_api.obj (.text:GAP_SetParamValue)
                  0000af4c    00000034     icall.obj (.text:ICall_primEntityId2ServiceId$24)
                  0000af80    00000034     icall.obj (.text:ICall_primFetchMsg$24)
                  0000afb4    00000034     icall.obj (.text:ICall_primRegisterISR$24)
                  0000afe8    00000034     icall.obj (.text:ICall_primRegisterISR_Ext$24)
                  0000b01c    00000034     icall.obj (.text:ICall_searchServiceEntity)
                  0000b050    00000034     ioservice.obj (.text:Io_setParameter)
                  0000b084    00000034     driverlib.lib : osc.obj (.text:NOROM_OSCHF_SwitchToRcOscTurnOffXosc)
                  0000b0b8    00000034                   : trng.obj (.text:NOROM_TRNGConfigure)
                  0000b0ec    00000034     PINCC26XX.obj (.text:PIN_setOutputValue)
                  0000b120    00000034     drivers_cc26xxware.aem3 : PowerCC26XX.oem3 (.text:PowerCC26XX_isStableXOSC_HF)
                  0000b154    00000034     RFCC26XX_singleMode.obj (.text:Q_push$19)
                  0000b188    00000034     registerservice.obj (.text:Register_getParameter)
                  0000b1bc    00000034     SensorBmp280.obj (.text:SensorBmp280_init)
                  0000b1f0    00000034     SensorMpu9250.obj (.text:SensorMpu9250_enable)
                  0000b224    00000034     sensortag_keys.obj (.text:SensorTagKeys_processKeyLeft)
                  0000b258    00000034     sensortag_keys.obj (.text:SensorTagKeys_processKeyRight)
                  0000b28c    00000034     sensortag_keys.obj (.text:SensorTagKeys_processRelay)
                  0000b2c0    00000034     icall_api.obj (.text:osal_snv_read)
                  0000b2f4    00000034     icall_api.obj (.text:osal_snv_write)
                  0000b328    00000034     icall_api.obj (.text:profileAddService$27)
                  0000b35c    00000034     sysbios.aem3 : BIOS.obj (.text:ti_sysbios_family_arm_cc26xx_Timer_initDevice__I)
                  0000b390    00000034     app_ble_pem3.oem3 (.text:ti_sysbios_knl_Clock_construct)
                  0000b3c4    00000034     app_ble_pem3.oem3 (.text:ti_sysbios_knl_Semaphore_create)
                  0000b3f8    00000034     sysbios.aem3 : BIOS.obj (.text:ti_sysbios_knl_Swi_restore__E)
                  0000b42c    00000034                  : BIOS.obj (.text:ti_sysbios_knl_Task_blockI__E)
                  0000b460    00000032     icall_api.obj (.text:gapSendParamsCmd$27)
                  0000b492    00000032     icall_api.obj (.text:gapSendPtrParamsCmd$27)
                  0000b4c4    00000032     icall_api.obj (.text:matchGapSetGetParamCS$27)
                  0000b4f6    00000032     icall_api.obj (.text:matchGattCmdStatus$27)
                  0000b528    00000032     icall_api.obj (.text:matchUtilNvCS$27)
                  0000b55a    00000032     sysbios.aem3 : BIOS.obj (.text:ti_sysbios_family_arm_cc26xx_Timer_setNextTick__E)
                  0000b58c    00000030     ExtFlash.obj (.text:ExtFlash_close)
                  0000b5bc    00000030     icall_cc2650.obj (.text:ICallPlatform_pwrNotify$25)
                  0000b5ec    00000030     icall.obj (.text:ICall_msecs2Ticks$24)
                  0000b61c    00000030     icall.obj (.text:ICall_searchTask$24)
                  0000b64c    00000030     movementservice.obj (.text:Movement_getParameter)
                  0000b67c    00000030     driverlib.lib : setup.obj (.text:NOROM_SetupSetAonRtcSubSecInc)
                  0000b6ac    00000030     PINCC26XX.obj (.text:PIN_setInterrupt)
                  0000b6dc    00000030     drivers_cc26xxware.aem3 : PowerCC26XX.oem3 (.text:Power_releaseConstraint)
                  0000b70c    00000030                             : PowerCC26XX.oem3 (.text:Power_setConstraint)
                  0000b73c    00000030     SensorMpu9250.obj (.text:SensorMpu9250_powerOn)
                  0000b76c    00000030     ExtFlash.obj (.text:Spi_open$28)
                  0000b79c    00000030     ExtFlash.obj (.text:Spi_read$28)
                  0000b7cc    00000030     ExtFlash.obj (.text:Spi_write$28)
                  0000b7fc    00000030     oad.obj (.text:crc16$47)
                  0000b82c    00000030     sensortag_factoryreset.obj (.text:crc16$5)
                  0000b85c    00000030     oad_target_external_flash.obj (.text:saveImageInfo)
                  0000b88c    00000030     SensorMpu9250.obj (.text:sensorMpu9250SelectAxes$32)
                  0000b8bc    00000030     app_ble_pem3.oem3 (.text:ti_sysbios_BIOS_atExitFunc__I)
                  0000b8ec    00000030     app_ble_pem3.oem3 (.text:ti_sysbios_BIOS_startFunc__I)
                  0000b91c    00000030     sysbios.aem3 : BIOS.obj (.text:ti_sysbios_family_arm_cc26xx_Timer_setThreshold__I)
                  0000b94c    00000030     app_ble_pem3.oem3 (.text:ti_sysbios_gates_GateHwi_Object__create__S)
                  0000b97c    00000030     app_ble_pem3.oem3 (.text:ti_sysbios_gates_GateMutex_Object__create__S)
                  0000b9ac    00000030     sysbios.aem3 : BIOS.obj (.text:ti_sysbios_gates_GateMutex_enter__E)
                  0000b9dc    00000030     app_ble_pem3.oem3 (.text:ti_sysbios_knl_Semaphore_construct)
                  0000ba0c    00000030     sysbios.aem3 : BIOS.obj (.text:ti_sysbios_knl_Task_processVitalTaskFlag__I)
                  0000ba3c    00000030     app_ble_pem3.oem3 (.text:xdc_runtime_HeapMin_Object__create__S)
                  0000ba6c    00000030     sysbios.aem3 : BIOS.obj (.text:xdc_runtime_HeapMin_free__E)
                  0000ba9c    00000030                  : BIOS.obj (.text:xdc_runtime_System_processAtExit__E)
                  0000bacc    0000002e     icall_cc2650.obj (.text:ICallPlatform_pwrDispenseImpl$25)
                  0000bafa    0000002e     icall_cc2650.obj (.text:ICallPlatform_pwrRequireImpl$25)
                  0000bb28    0000002e     sensortag.obj (.text:ICall_fetchServiceMsg$0)
                  0000bb56    0000002e     peripheral.obj (.text:ICall_fetchServiceMsg$50)
                  0000bb84    0000002e     icall.obj (.text:ICall_msgDequeue$24)
                  0000bbb2    0000002e     simplekeys.obj (.text:SK_writeAttrCB$52)
                  0000bbe0    0000002e     SensorOpt3001.obj (.text:SensorOpt3001_enable)
                  0000bc0e    0000002e     main.obj (.text:main)
                  0000bc3c    0000002e     icall_api.obj (.text:matchProfileAddServiceCS$27)
                  0000bc6a    0000002e     sysbios.aem3 : BIOS.obj (.text:ti_sysbios_family_arm_m3_TaskSupport_start__E)
                  0000bc98    0000002c     ExtFlash.obj (.text:ExtFlash_writeEnable$28)
                  0000bcc4    0000002c     icall_api.obj (.text:GAPBondMgr_Register)
                  0000bcf0    0000002c     icall.obj (.text:ICall_heapFree)
                  0000bd1c    0000002c     barometerservice.obj (.text:ICall_malloc$37)
                  0000bd48    0000002c     battservice.obj (.text:ICall_malloc$38)
                  0000bd74    0000002c     ccservice.obj (.text:ICall_malloc$39)
                  0000bda0    0000002c     humidityservice.obj (.text:ICall_malloc$43)
                  0000bdcc    0000002c     ioservice.obj (.text:ICall_malloc$44)
                  0000bdf8    0000002c     irtempservice.obj (.text:ICall_malloc$45)
                  0000be24    0000002c     movementservice.obj (.text:ICall_malloc$46)
                  0000be50    0000002c     oad.obj (.text:ICall_malloc$47)
                  0000be7c    0000002c     opticservice.obj (.text:ICall_malloc$49)
                  0000bea8    0000002c     simplekeys.obj (.text:ICall_malloc$52)
                  0000bed4    0000002c     icall.obj (.text:ICall_msgEnqueue$24)
                  0000bf00    0000002c     icall.obj (.text:ICall_primAllocMsg$24)
                  0000bf2c    0000002c     icall.obj (.text:ICall_primFetchServiceMsg$24)
                  0000bf58    0000002c     icall_api.obj (.text:ICall_sendServiceMsg$27)
                  0000bf84    0000002c     driverlib.lib : ddi.obj (.text:NOROM_DDI32RegWrite)
                  0000bfb0    0000002c                   : setup.obj (.text:NOROM_SetupGetTrimForRadcExtCfg)
                  0000bfdc    0000002c     PINCC26XX.obj (.text:PINCC26XX_setMux)
                  0000c008    0000002c     PINCC26XX.obj (.text:PIN_setConfig)
                  0000c034    0000002c     SensorHdc1000.obj (.text:SensorHdc1000_init)
                  0000c060    0000002c     SensorHdc1000.obj (.text:SensorHdc1000_start)
                  0000c08c    0000002c     SensorI2C.obj (.text:SensorI2C_writeReg)
                  0000c0b8    0000002c     SensorMpu9250.obj (.text:SensorMpu9250_init)
                  0000c0e4    0000002c     sensortag_bar.obj (.text:SensorTagBar_init)
                  0000c110    0000002c     sensortag_batt.obj (.text:SensorTagBatt_init)
                  0000c13c    0000002c     sensortag_hum.obj (.text:SensorTagHum_init)
                  0000c168    0000002c     sensortag_mov.obj (.text:SensorTagMov_reset)
                  0000c194    0000002c     ExtFlash.obj (.text:extFlashPowerStandby$28)
                  0000c1c0    0000002c     RFCC26XX_singleMode.obj (.text:getCmd$19)
                  0000c1ec    0000002c     sysbios.aem3 : BIOS.obj (.text:ti_sysbios_hal_Hwi_initStack)
                  0000c218    0000002c                  : BIOS.obj (.text:ti_sysbios_knl_Clock_getTicksUntilInterrupt__E)
                  0000c244    0000002c     app_ble_pem3.oem3 (.text:ti_sysbios_knl_Queue_construct)
                  0000c270    0000002c     sysbios.aem3 : BIOS.obj (.text:ti_sysbios_knl_Semaphore_pendTimeout__I)
                  0000c29c    0000002c                  : BIOS.obj (.text:ti_sysbios_knl_Task_unblockI__E)
                  0000c2c8    0000002c     st_util.obj (.text:utilExtractUuid16)
                  0000c2f4    0000002a     icall_api.obj (.text:ICall_waitMatch$27)
                  0000c31e    0000002a     TRNGCC26XX.obj (.text:TRNGCC26XX_isParamValid)
                  0000c348    0000002a     util.obj (.text:Util_enqueueMsg)
                  0000c372    0000002a     icall_api.obj (.text:matchProfileCS$27)
                  0000c39c    00000028     barometerservice.obj (.text:Barometer_addService)
                  0000c3c4    00000028     battservice.obj (.text:Batt_AddService)
                  0000c3ec    00000028     ccservice.obj (.text:CcService_addService)
                  0000c414    00000028     ccservice.obj (.text:CcService_setParameter)
                  0000c43c    00000028     gattservapp_util.obj (.text:GATTServApp_WriteCharCfg)
                  0000c464    00000028     humidityservice.obj (.text:Humidity_addService)
                  0000c48c    00000028     icall.obj (.text:ICall_init)
                  0000c4b4    00000028     icall.obj (.text:ICall_msgPrepend$24)
                  0000c4dc    00000028     sensortag.obj (.text:ICall_registerApp$0)
                  0000c504    00000028     sensortag_tmp.obj (.text:ICall_registerApp$13)
                  0000c52c    00000028     sensortag_bar.obj (.text:ICall_registerApp$1)
                  0000c554    00000028     peripheral.obj (.text:ICall_registerApp$50)
                  0000c57c    00000028     sensortag_hum.obj (.text:ICall_registerApp$6)
                  0000c5a4    00000028     irtempservice.obj (.text:IRTemp_addService)
                  0000c5cc    00000028     ioservice.obj (.text:Io_addService)
                  0000c5f4    00000028     movementservice.obj (.text:Movement_addService)
                  0000c61c    00000028     driverlib.lib : aon_batmon.obj (.text:NOROM_AONBatMonTemperatureGetDegC)
                  0000c644    00000028     opticservice.obj (.text:Optic_addService)
                  0000c66c    00000028     drivers_cc26xxware.aem3 : PowerCC26XX.oem3 (.text:PowerCC26XX_switchXOSC_HF)
                  0000c694    00000028                             : PowerCC26XX.oem3 (.text:Power_registerNotify)
                  0000c6bc    00000028     simplekeys.obj (.text:SK_AddService)
                  0000c6e4    00000028     simplekeys.obj (.text:SK_SetParameter)
                  0000c70c    00000028     SPICC26XXDMA.obj (.text:SPICC26XXDMA_flushFifos$21)
                  0000c734    00000028     driverlib.lib : adi.obj (.text:SafeHapiVoid)
                  0000c75c    00000028     SensorBmp280.obj (.text:SensorBmp280_enable)
                  0000c784    00000028     sensortag_bar.obj (.text:SensorTagBar_reset)
                  0000c7ac    00000028     sensortag_buzzer.obj (.text:SensorTagBuzzer_close)
                  0000c7d4    00000028     sensortag_conn_ctrl.obj (.text:SensorTagConnControl_paramUpdateCB)
                  0000c7fc    00000028     sensortag_keys.obj (.text:SensorTagKeys_init)
                  0000c824    00000028     sensortag_oad.obj (.text:SensorTagOad_init)
                  0000c84c    00000028     sensortag_tmp.obj (.text:SensorTagTmp_init)
                  0000c874    00000028     sensortag_tmp.obj (.text:SensorTagTmp_reset)
                  0000c89c    00000028     sensortag.obj (.text:SensorTag_enqueueMsg$0)
                  0000c8c4    00000028     sensortag.obj (.text:SensorTag_resetAllModules$0)
                  0000c8ec    00000028     TRNGCC26XX.obj (.text:TRNGCC26XX_init)
                  0000c914    00000028     RFCC26XX_singleMode.obj (.text:clkPowerUpFxn$19)
                  0000c93c    00000028     gattservapp_util.obj (.text:gattServApp_FindCharCfgItem$42)
                  0000c964    00000028     sysbios.aem3 : BIOS.obj (.text:ti_sysbios_family_arm_cc26xx_Timer_getMaxTicks__E)
                  0000c98c    00000028                  : BIOS.obj (.text:ti_sysbios_knl_Clock_addI__E)
                  0000c9b4    00000028                  : BIOS.obj (.text:ti_sysbios_knl_Task_restore__E)
                  0000c9dc    00000026     drivers_cc26xxware.aem3 : List.oem3 (.text:List_put)
                  0000ca02    00000026     sysbios.aem3 : BIOS.obj (.text:ti_sysbios_hal_Hwi_Instance_init__E)
                  0000ca28    00000024     barometerservice.obj (.text:Barometer_getParameter)
                  0000ca4c    00000024     icall_api.obj (.text:GAPBondMgr_LinkTerm)
                  0000ca70    00000024     I2C.obj (.text:I2C_open)
                  0000ca94    00000024     icall_api.obj (.text:ICall_getLocalMsgEntityId$27)
                  0000cab8    00000024     icall_api.obj (.text:ICall_threadServes$27)
                  0000cadc    00000024     PINCC26XX.obj (.text:PINCC26XX_getPinCount)
                  0000cb00    00000024     SPI.obj (.text:SPI_open)
                  0000cb24    00000024     SensorMpu9250.obj (.text:SensorMpu9250_powerOff)
                  0000cb48    00000024     sensortag_hum.obj (.text:SensorTagHum_reset)
                  0000cb6c    00000024     sensortag_opt.obj (.text:SensorTagOpt_processSensorEvent)
                  0000cb90    00000024     sensortag_register.obj (.text:SensorTagRegister_update)
                  0000cbb4    00000024     oad_target_external_flash.obj (.text:getImageFlag)
                  0000cbd8    00000024     drivers_cc26xxware.aem3 : PowerCC26XX_calibrateRCOSC.oem3 (.text:getTdcSemaphore)
                  0000cbfc    00000024     RFCC26XX_singleMode.obj (.text:hwiFxnCpe0PowerFsm$19)
                  0000cc20    00000024     app_ble_pem3.oem3 (.text:ti_sysbios_BIOS_registerRTSLock__I)
                  0000cc44    00000024     app_ble_pem3.oem3 (.text:ti_sysbios_BIOS_removeRTSLock__I)
                  0000cc68    00000024     sysbios.aem3 : BIOS.obj (.text:ti_sysbios_family_arm_cc26xx_Timer_Module_startup__E)
                  0000cc8c    00000024                  : BIOS.obj (.text:ti_sysbios_family_arm_cc26xx_Timer_startup__E)
                  0000ccb0    00000024                  : BIOS.obj (.text:ti_sysbios_knl_Semaphore_Instance_init__E)
                  0000ccd4    00000024                  : BIOS.obj (.text:ti_sysbios_knl_Swi_Module_startup__E)
                  0000ccf8    00000022     icall.obj (.text:ICall_dispatch$24)
                  0000cd1a    00000022     sensortag.obj (.text:ICall_malloc$0)
                  0000cd3c    00000022     sensortag_oad.obj (.text:ICall_malloc$10)
                  0000cd5e    00000022     util.obj (.text:ICall_malloc$14)
                  0000cd80    00000022     rtsv7M3_T_le_eabi.lib : memcmp.obj (.text)
                  0000cda2    00000022     sysbios.aem3 : BIOS.obj (.text:ti_sysbios_family_arm_cc26xx_Timer_postInit__I)
                  0000cdc4    00000020     gattservapp_util.obj (.text:GATTServApp_InitCharCfg)
                  0000cde4    00000020     humidityservice.obj (.text:Humidity_getParameter)
                  0000ce04    00000020     icall_api.obj (.text:ICall_allocMsg$27)
                  0000ce24    00000020     icall_api.obj (.text:ICall_getEntityId$27)
                  0000ce44    00000020     devinfoservice.obj (.text:ICall_malloc$40)
                  0000ce64    00000020     icall.obj (.text:ICall_primService$24)
                  0000ce84    00000020     icall.obj (.text:ICall_searchService$24)
                  0000cea4    00000020     irtempservice.obj (.text:IRTemp_getParameter)
                  0000cec4    00000020     driverlib.lib : rfc.obj (.text:NOROM_RFCDoorbellSendTo)
                  0000cee4    00000020                   : rfc.obj (.text:NOROM_RFCRfTrimRead)
                  0000cf04    00000020                   : setup.obj (.text:NOROM_SetupGetTrimForXoscHfCtl)
                  0000cf24    00000020     opticservice.obj (.text:Optic_getParameter)
                  0000cf44    00000020     drivers_cc26xxware.aem3 : PowerCC26XX.oem3 (.text:Power_unregisterNotify)
                  0000cf64    00000020     sensortag_batt.obj (.text:SensorTagBatt_reset)
                  0000cf84    00000020     sensortag_io.obj (.text:SensorTagIO_init)
                  0000cfa4    00000020     sensortag_mov.obj (.text:SensorTagMov_processInterrupt$9)
                  0000cfc4    00000020     sensortag_opt.obj (.text:SensorTagOpt_clockHandler$11)
                  0000cfe4    00000020     UDMACC26XX.obj (.text:UDMACC26XX_initHw$23)
                  0000d004    00000020     RFCC26XX_singleMode.obj (.text:allocCmd$19)
                  0000d024    00000020     sensortag_mov.obj (.text:initCharacteristicValue$9)
                  0000d044    00000020     app_ble_pem3.oem3 (.text:ti_sysbios_BIOS_rtsLock__I)
                  0000d064    00000020     sysbios.aem3 : BIOS.obj (.text:ti_sysbios_family_arm_cc26xx_Timer_dynamicStub__E)
                  0000d084    00000020                  : m3_Hwi_asm.obj (.text:ti_sysbios_family_arm_m3_Hwi_excHandlerAsm__I)
                  0000d0a4    00000020                  : BIOS.obj (.text:ti_sysbios_family_arm_m3_Hwi_excHandler__I)
                  0000d0c4    00000020                  : BIOS.obj (.text:ti_sysbios_knl_Clock_Module_startup__E)
                  0000d0e4    00000020                  : BIOS.obj (.text:ti_sysbios_knl_Clock_getTicks__E)
                  0000d104    00000020                  : BIOS.obj (.text:ti_sysbios_knl_Clock_stop__E)
                  0000d124    00000020                  : BIOS.obj (.text:ti_sysbios_knl_Idle_run__E)
                  0000d144    00000020     app_ble_pem3.oem3 (.text:ti_sysbios_knl_Semaphore_Object__destruct__S)
                  0000d164    00000020     sysbios.aem3 : BIOS.obj (.text:ti_sysbios_knl_Task_restoreHwi__E)
                  0000d184    0000001e     icall.obj (.text:ICall_primSendServiceMsg$24)
                  0000d1a2    0000001e     PINCC26XX.obj (.text:PIN_close)
                  0000d1c0    0000001e     drivers_cc26xxware.aem3 : PowerCC26XX.oem3 (.text:Power_getTransitionLatency)
                  0000d1de    0000001e     sysbios.aem3 : m3_Hwi_asm_switch.obj (.text:ti_sysbios_family_xxx_Hwi_switchAndRunFunc)
                  0000d1fc    0000001e     icall_api.obj (.text:waitMatchCS$27)
                  0000d21a    00000002     sysbios.aem3 : BIOS.obj (.text:ti_sysbios_knl_Clock_triggerFunc__I)
                  0000d21c    0000001c     battservice.obj (.text:Batt_MeasLevel)
                  0000d238    0000001c     icall_api.obj (.text:GATT_bm_alloc)
                  0000d254    0000001c     icall_api.obj (.text:GATT_bm_free)
                  0000d270    0000001c     icall.obj (.text:ICall_initPrim$24)
                  0000d28c    0000001c     sensortag.obj (.text:ICall_wait$0)
                  0000d2a8    0000001c     peripheral.obj (.text:ICall_wait$50)
                  0000d2c4    0000001c     driverlib.lib : osc.obj (.text:NOROM_OSCClockSourceGet)
                  0000d2e0    0000001c                   : setup.obj (.text:NOROM_SetupGetTrimForAmpcompTh2)
                  0000d2fc    0000001c                   : setup.obj (.text:NOROM_SetupGetTrimForRcOscLfRtuneCtuneTrim)
                  0000d318    0000001c     PINCC26XX.obj (.text:PINCC26XX_setIoCfgMux$18)
                  0000d334    0000001c     PINCC26XX.obj (.text:PIN_hwi$18)
                  0000d350    0000001c     RFCC26XX_singleMode.obj (.text:RF_runDirectCmd)
                  0000d36c    0000001c     RFCC26XX_singleMode.obj (.text:RF_runImmediateCmd)
                  0000d388    0000001c     SPI.obj (.text:SPI_Params_init)
                  0000d3a4    0000001c     sensortag_batt.obj (.text:SensorTagBatt_processCharChangeEvt)
                  0000d3c0    0000001c     sensortag.obj (.text:SensorTag_processAppMsg$0)
                  0000d3dc    0000001c     TRNGCC26XX.obj (.text:TRNGCC26XX_open)
                  0000d3f8    0000001c     icall_api.obj (.text:getStatusValueFromErrNo$27)
                  0000d414    0000001c     TRNGCC26XX.obj (.text:openTRNG)
                  0000d430    0000001c     app_ble_pem3.oem3 (.text:ti_sysbios_family_arm_m3_Hwi_Object__destruct__S)
                  0000d44c    0000001c     sysbios.aem3 : BIOS.obj (.text:ti_sysbios_family_arm_m3_Hwi_setPriority__E)
                  0000d468    0000001c                  : BIOS.obj (.text:ti_sysbios_gates_GateMutex_Instance_init__E)
                  0000d484    0000001c     app_ble_pem3.oem3 (.text:ti_sysbios_hal_Hwi_HwiProxy_create)
                  0000d4a0    0000001c     sysbios.aem3 : BIOS.obj (.text:ti_sysbios_knl_Clock_scheduleNextTick__E)
                  0000d4bc    0000001c     app_ble_pem3.oem3 (.text:ti_sysbios_knl_Queue_Object__destruct__S)
                  0000d4d8    0000001c     sysbios.aem3 : BIOS.obj (.text:ti_sysbios_knl_Queue_get__E)
                  0000d4f4    0000001c                  : BIOS.obj (.text:ti_sysbios_knl_Queue_put__E)
                  0000d510    0000001c     app_ble_pem3.oem3 (.text:ti_sysbios_knl_Swi_Object__destruct__S)
                  0000d52c    0000001c     sysbios.aem3 : BIOS.obj (.text:ti_sysbios_knl_Task_enter__I)
                  0000d548    0000001c                  : BIOS.obj (.text:xdc_runtime_Error_raiseX__E)
                  0000d564    0000001c                  : BIOS.obj (.text:xdc_runtime_Memory_valloc__E)
                  0000d580    0000001c                  : BIOS.obj (.text:xdc_runtime_System_abort__E)
                  0000d59c    0000001a     icall_api.obj (.text:GATT_Notification)
                  0000d5b6    0000001a     icall.obj (.text:ICall_enterCSImpl)
                  0000d5d0    0000001a     icall.obj (.text:ICall_primSetTimerMSecs$24)
                  0000d5ea    0000001a     drivers_cc26xxware.aem3 : List.oem3 (.text:List_remove)
                  0000d604    0000001a     util.obj (.text:Util_dequeueMsg)
                  0000d61e    0000001a     ExtFlash.obj (.text:extFlashPowerDown$28)
                  0000d638    0000001a     icall_api.obj (.text:matchGattIndNotiCS$27)
                  0000d652    0000001a     sysbios.aem3 : m3_Hwi_asm.obj (.text:ti_sysbios_family_arm_m3_Hwi_pendSV__I)
                  0000d66c    0000001a                  : BIOS.obj (.text:ti_sysbios_knl_Task_sleepTimeout__I)
                  0000d686    00000002                  : BIOS.obj (.text:ti_sysbios_knl_Swi_Instance_finalize__E)
                  0000d688    00000018     barometerservice.obj (.text:Barometer_registerAppCBs)
                  0000d6a0    00000018     battservice.obj (.text:Batt_SetParameter)
                  0000d6b8    00000018     oad.obj (.text:CheckImageDownloadCount$47)
                  0000d6d0    00000018     peripheral.obj (.text:GAPRole_StartDevice)
                  0000d6e8    00000018     peripheral.obj (.text:GAPRole_TerminateConnection)
                  0000d700    00000018     humidityservice.obj (.text:Humidity_registerAppCBs)
                  0000d718    00000018     I2C.obj (.text:I2C_Params_init)
                  0000d730    00000018     icall_cc2650.obj (.text:ICallPlatform_pwrDispense)
                  0000d748    00000018     icall_cc2650.obj (.text:ICallPlatform_pwrRequire)
                  0000d760    00000018     sensortag.obj (.text:ICall_free$0)
                  0000d778    00000018     sensortag_oad.obj (.text:ICall_free$10)
                  0000d790    00000018     util.obj (.text:ICall_free$14)
                  0000d7a8    00000018     devinfoservice.obj (.text:ICall_free$40)
                  0000d7c0    00000018     oad.obj (.text:ICall_free$47)
                  0000d7d8    00000018     sensortag.obj (.text:ICall_freeMsg$0)
                  0000d7f0    00000018     icall.obj (.text:ICall_freeMsg$24)
                  0000d808    00000018     icall_api.obj (.text:ICall_freeMsg$27)
                  0000d820    00000018     peripheral.obj (.text:ICall_freeMsg$50)
                  0000d838    00000018     icall.obj (.text:ICall_primMalloc$24)
                  0000d850    00000018     irtempservice.obj (.text:IRTemp_registerAppCBs)
                  0000d868    00000018     movementservice.obj (.text:Movement_registerAppCBs)
                  0000d880    00000018     driverlib.lib : aon_rtc.obj (.text:NOROM_AONRTCCurrentCompareValueGet)
                  0000d898    00000018                   : chipinfo.obj (.text:NOROM_ChipInfo_GetPackageType)
                  0000d8b0    00000018                   : osc.obj (.text:NOROM_OSCHF_TurnOnXosc)
                  0000d8c8    00000018                   : rfc.obj (.text:NOROM_RFCCpeIntGetAndClear)
                  0000d8e0    00000018                   : setup.obj (.text:NOROM_SetupGetTrimForAdcShModeEn)
                  0000d8f8    00000018                   : setup.obj (.text:NOROM_SetupGetTrimForAdcShVbufEn)
                  0000d910    00000018                   : setup.obj (.text:NOROM_SetupGetTrimForAmpcompTh1)
                  0000d928    00000018                   : setup.obj (.text:NOROM_SetupGetTrimForDblrLoopFilterResetVoltage)
                  0000d940    00000018                   : setup.obj (.text:NOROM_SetupGetTrimForRcOscLfIBiasTrim)
                  0000d958    00000018                   : setup.obj (.text:NOROM_SetupGetTrimForXoscLfRegulatorAndCmirrwrRatio)
                  0000d970    00000018     oad_target_external_flash.obj (.text:OADTarget_close)
                  0000d988    00000018     oad_target_external_flash.obj (.text:OADTarget_open)
                  0000d9a0    00000018     oad.obj (.text:OAD_register)
                  0000d9b8    00000018     opticservice.obj (.text:Optic_registerAppCBs)
                  0000d9d0    00000018     PINCC26XX.obj (.text:PIN_getConfig)
                  0000d9e8    00000018     drivers_cc26xxware.aem3 : PowerCC26XX.oem3 (.text:Power_idleFunc)
                  0000da00    00000018     RFCC26XX_singleMode.obj (.text:Q_pop$19)
                  0000da18    00000018     registerservice.obj (.text:Register_registerAppCBs)
                  0000da30    00000018     sensortag_batt.obj (.text:SensorTagBatt_clockHandler$2)
                  0000da48    00000018     sensortag_mov.obj (.text:SensorTagMov_clockHandler$9)
                  0000da60    00000018     sensortag.obj (.text:SensorTag_callback$0)
                  0000da78    00000018     sensortag.obj (.text:SensorTag_clockHandler$0)
                  0000da90    00000018     sensortag.obj (.text:SensorTag_updateAdvertisingData)
                  0000daa8    00000018     ExtFlash.obj (.text:Spi_close$28)
                  0000dac0    00000018     ExtFlash.obj (.text:Spi_flash$28)
                  0000dad8    00000018     drivers_cc26xxware.aem3 : PowerCC26XX.oem3 (.text:configureRFCoreClocks)
                  0000daf0    00000018     peripheral.obj (.text:gapRole_setEvent$50)
                  0000db08    00000018     sensortag_opt.obj (.text:initCharacteristicValue$11)
                  0000db20    00000018     sensortag_tmp.obj (.text:initCharacteristicValue$13)
                  0000db38    00000018     sensortag_bar.obj (.text:initCharacteristicValue$1)
                  0000db50    00000018     sensortag_hum.obj (.text:initCharacteristicValue$6)
                  0000db68    00000018     rtsv7M3_T_le_eabi.lib : args_main.obj (.text)
                  0000db80    00000018                           : ll_mul_t2.obj (.text)
                  0000db98    00000018     RFCC26XX_singleMode.obj (.text:swiFxnFsm$19)
                  0000dbb0    00000018     app_ble_pem3.oem3 (.text:ti_sysbios_BIOS_rtsUnlock__I)
                  0000dbc8    00000018     app_ble_pem3.oem3 (.text:ti_sysbios_family_arm_cc26xx_Timer_Module__startupDone__F)
                  0000dbe0    00000018     app_ble_pem3.oem3 (.text:ti_sysbios_family_arm_m3_Hwi_Module__startupDone__F)
                  0000dbf8    00000018     sysbios.aem3 : BIOS.obj (.text:ti_sysbios_family_arm_m3_Hwi_plug__E)
                  0000dc10    00000018                  : BIOS.obj (.text:ti_sysbios_gates_GateMutex_leave__E)
                  0000dc28    00000018                  : BIOS.obj (.text:ti_sysbios_knl_Swi_or__E)
                  0000dc40    00000018                  : BIOS.obj (.text:ti_sysbios_knl_Task_unblock__E)
                  0000dc58    00000018                  : BIOS.obj (.text:xdc_runtime_Core_destructObject__I)
                  0000dc70    00000018                  : BIOS.obj (.text:xdc_runtime_Error_check__E)
                  0000dc88    00000018                  : BIOS.obj (.text:xdc_runtime_System_exit__E)
                  0000dca0    00000016     main.obj (.text:AssertHandler)
                  0000dcb6    00000016     icall.obj (.text:ICall_abort$24)
                  0000dccc    00000016     icall.obj (.text:ICall_leaveCSImpl)
                  0000dce2    00000016     icall.obj (.text:ICall_primStopTimer$24)
                  0000dcf8    00000016     ble_user_config.obj (.text:driverTable_fnSpinlock)
                  0000dd0e    00000016     app_ble_pem3.oem3 (.text:ti_sysbios_BIOS_exitFunc__I)
                  0000dd24    00000016     sysbios.aem3 : BIOS.obj (.text:ti_sysbios_knl_Clock_start__E)
                  0000dd3a    00000002                  : BIOS.obj (.text:xdc_runtime_Error_policySpin__E)
                  0000dd3c    00000014     battservice.obj (.text:Batt_Register)
                  0000dd50    00000014     ccservice.obj (.text:CcService_registerAppCBs)
                  0000dd64    00000014     devinfoservice.obj (.text:DevInfo_AddService)
                  0000dd78    00000014     ExtFlash.obj (.text:ExtFlash_powerDown$28)
                  0000dd8c    00000014     ioservice.obj (.text:Io_getParameter)
                  0000dda0    00000014     ioservice.obj (.text:Io_registerAppCBs)
                  0000ddb4    00000014     driverlib.lib : aon_rtc.obj (.text:NOROM_AONRTCCurrent64BitValueGet)
                  0000ddc8    00000014                   : chipinfo.obj (.text:NOROM_ThisCodeIsBuiltForCC26xxHwRev22AndLater_HaltIfViolated)
                  0000dddc    00000014     oad_target_external_flash.obj (.text:OADTarget_writeFlash)
                  0000ddf0    00000014     PINCC26XX.obj (.text:PINCC26XX_getInputValue$18)
                  0000de04    00000014     PINCC26XX.obj (.text:PINCC26XX_getOutputValue$18)
                  0000de18    00000014     RFCC26XX_singleMode.obj (.text:RF_Params_init)
                  0000de2c    00000014     registerservice.obj (.text:Register_addService)
                  0000de40    00000014     SensorMpu9250.obj (.text:SensorMpu9250_Callback$32)
                  0000de54    00000014     SensorMpu9250.obj (.text:SensorMpu9250_powerIsOn)
                  0000de68    00000014     SensorMpu9250.obj (.text:SensorMpu9250_registerCallback)
                  0000de7c    00000014     sensortag_batt.obj (.text:SensorTagBatt_processSensorEvent)
                  0000de90    00000014     sensortag_keys.obj (.text:SensorTagKeys_reset)
                  0000dea4    00000014     SensorUtil.obj (.text:SensorUtil_convertToLe)
                  0000deb8    00000014     ExtFlash.obj (.text:extFlashDeselect$28)
                  0000decc    00000014     ExtFlash.obj (.text:extFlashSelect$28)
                  0000dee0    00000014     rtsv7M3_T_le_eabi.lib : _lock.obj (.text)
                  0000def4    00000014                           : strlen.obj (.text)
                  0000df08    00000014     icall_api.obj (.text:setICallCmdEvtHdr$27)
                  0000df1c    00000014     app_ble_pem3.oem3 (.text:ti_sysbios_family_arm_m3_Hwi_Object__get__S)
                  0000df30    00000014     sysbios.aem3 : BIOS.obj (.text:ti_sysbios_family_arm_m3_Hwi_switchFromBootStack__E)
                  0000df44    00000014     app_ble_pem3.oem3 (.text:ti_sysbios_knl_Clock_doTick__I)
                  0000df58    00000014     app_ble_pem3.oem3 (.text:ti_sysbios_knl_Swi_Object__get__S)
                  0000df6c    00000012     ExtFlash.obj (.text:ExtFlash_test)
                  0000df7e    00000012     gattservapp_util.obj (.text:GATTServApp_FindAttr)
                  0000df90    00000012     RFCC26XX_singleMode.obj (.text:RF_getCmdOp)
                  0000dfa2    00000012     sysbios.aem3 : BIOS.obj (.text:ti_sysbios_hal_Hwi_Module_startup__E)
                  0000dfb4    00000012     app_ble_pem3.oem3 (.text:xdc_runtime_Startup_exec__I)
                  0000dfc6    00000002     sysbios.aem3 : BIOS.obj (.text:xdc_runtime_SysCallback_defaultAbort)
                  0000dfc8    00000010     ccservice.obj (.text:CcService_getParameter)
                  0000dfd8    00000010     RFCC26XX_singleMode.obj (.text:FsmDispatch$19)
                  0000dfe8    00000010     peripheral.obj (.text:GAPRole_RegisterAppCBs)
                  0000dff8    00000010     icall_api.obj (.text:GAP_EndDiscoverable)
                  0000e008    00000010     gattservapp_util.obj (.text:GATTServApp_ReadCharCfg)
                  0000e018    00000010     icall_cc2650.obj (.text:ICallPlatform_pwrGetXOSCStartupTime)
                  0000e028    00000010     icall.obj (.text:ICall_primGetTickPeriod$24)
                  0000e038    00000010     icall.obj (.text:ICall_taskEntry$24)
                  0000e048    00000010     driverlib.lib : rfc.obj (.text:NOROM_RFCRfTrimSet)
                  0000e058    00000010                   : setup.obj (.text:NOROM_SetupGetTrimForXoscHfFastStart)
                  0000e068    00000010                   : setup.obj (.text:NOROM_SetupGetTrimForXoscHfIbiastherm)
                  0000e078    00000010     oad_target_external_flash.obj (.text:OADTarget_getCrc)
                  0000e088    00000010     oad_target_external_flash.obj (.text:OADTarget_setCrc)
                  0000e098    00000010     oad_target_external_flash.obj (.text:OADTarget_systemReset)
                  0000e0a8    00000010     ble_user_config.obj (.text:RegisterAssertCback)
                  0000e0b8    00000010     sensortag_register.obj (.text:SensorTagRegister_init)
                  0000e0c8    00000010     util.obj (.text:Util_isActive)
                  0000e0d8    00000010     I2CCC26XX.obj (.text:i2cPostNotify$17)
                  0000e0e8    00000010     sysbios.aem3 : BIOS.obj (.text:ti_sysbios_BIOS_exit__E)
                  0000e0f8    00000010                  : BIOS.obj (.text:ti_sysbios_BIOS_getCpuFreq__E)
                  0000e108    00000010                  : BIOS.obj (.text:ti_sysbios_BIOS_setThreadType__E)
                  0000e118    00000010                  : BIOS.obj (.text:ti_sysbios_BIOS_start__E)
                  0000e128    00000010                  : BIOS.obj (.text:ti_sysbios_family_arm_m3_Hwi_post__E)
                  0000e138    00000010                  : m3_TaskSupport_asm.obj (.text:ti_sysbios_family_arm_m3_TaskSupport_glue)
                  0000e148    00000010                  : m3_TaskSupport_asm.obj (.text:ti_sysbios_family_arm_m3_TaskSupport_swap__E)
                  0000e158    00000010     app_ble_pem3.oem3 (.text:ti_sysbios_hal_Hwi_HwiProxy_Object__create__S)
                  0000e168    00000010     sysbios.aem3 : BIOS.obj (.text:ti_sysbios_knl_Semaphore_Instance_finalize__E)
                  0000e178    00000010                  : BIOS.obj (.text:ti_sysbios_knl_Swi_disable__E)
                  0000e188    00000010                  : BIOS.obj (.text:ti_sysbios_knl_Swi_enabled__E)
                  0000e198    00000010     app_ble_pem3.oem3 (.text:ti_sysbios_knl_Task_Object__get__S)
                  0000e1a8    00000010     sysbios.aem3 : BIOS.obj (.text:ti_sysbios_knl_Task_disable__E)
                  0000e1b8    00000010                  : BIOS.obj (.text:xdc_runtime_Gate_leaveSystem__E)
                  0000e1c8    00000010                  : BIOS.obj (.text:xdc_runtime_SysCallback_abort__E)
                  0000e1d8    00000010                  : BIOS.obj (.text:xdc_runtime_SysCallback_exit__E)
                  0000e1e8    0000000e     icall_api.obj (.text:GATT_Indication)
                  0000e1f6    0000000e     icall_cc2650.obj (.text:ICallPlatform_pwrGetTransitionState)
                  0000e204    0000000e     icall_cc2650.obj (.text:ICallPlatform_pwrIsStableXOSCHF)
                  0000e212    0000000e     icall.obj (.text:ICall_primDisableMInt$24)
                  0000e220    0000000e     icall.obj (.text:ICall_primEnableMInt$24)
                  0000e22e    0000000e     icall.obj (.text:ICall_primFreeMsg$24)
                  0000e23c    0000000e     icall.obj (.text:ICall_primGetTicks$24)
                  0000e24a    0000000e     driverlib.lib : setup.obj (.text:NOROM_SetupSignExtendVddrTrimValue)
                  0000e258    0000000e                   : vims.obj (.text:NOROM_VIMSModeGet)
                  0000e266    0000000e     oad_target_external_flash.obj (.text:OADTarget_imageAddress)
                  0000e274    0000000e     SPICC26XXDMA.obj (.text:SPICC26XXDMA_init)
                  0000e282    0000000e     SensorI2C.obj (.text:SensorI2C_readReg)
                  0000e290    0000000e     util.obj (.text:Util_constructQueue)
                  0000e29e    0000000e     rtsv7M3_T_le_eabi.lib : copy_decompress_none.obj (.text:decompress:none)
                  0000e2ac    0000000e     icall_api.obj (.text:matchGSARegisterServiceCS$27)
                  0000e2ba    0000000e     icall_api.obj (.text:matchGapLinkEstCS$27)
                  0000e2c8    0000000e     icall_api.obj (.text:matchLinkDBNumConnsCS$27)
                  0000e2d6    0000000e     icall_api.obj (.text:setDispatchCmdEvtHdr$27)
                  0000e2e4    0000000e     sysbios.aem3 : BIOS.obj (.text:ti_sysbios_knl_Queue_empty__E)
                  0000e2f2    0000000e                  : BIOS.obj (.text:ti_sysbios_knl_Queue_remove__E)
                  0000e300    0000000e                  : BIOS.obj (.text:xdc_runtime_HeapMin_Instance_init__E)
                  0000e30e    00000002                  : BIOS.obj (.text:xdc_runtime_SysCallback_defaultExit)
                  0000e310    0000000c     RFCC26XX_singleMode.obj (.text:FsmNextState$19)
                  0000e31c    0000000c     icall_api.obj (.text:GAP_MakeDiscoverable)
                  0000e328    0000000c     icall_api.obj (.text:GAP_TerminateAuth)
                  0000e334    0000000c     icall_api.obj (.text:GAP_UpdateLinkParamReq)
                  0000e340    0000000c     icall_api.obj (.text:GAP_UpdateLinkParamReqReply)
                  0000e34c    0000000c     icall_api.obj (.text:GGS_SetParameter)
                  0000e358    0000000c     icall.obj (.text:ICall_clockFunc$24)
                  0000e364    0000000c     icall.obj (.text:ICall_primDisableInt$24)
                  0000e370    0000000c     icall.obj (.text:ICall_primEnableInt$24)
                  0000e37c    0000000c     icall.obj (.text:ICall_primFree$24)
                  0000e388    0000000c     icall.obj (.text:ICall_primSignal$24)
                  0000e394    0000000c     driverlib.lib : cpu.obj (.text:NOROM_CPUcpsid)
                  0000e3a0    0000000c                   : cpu.obj (.text:NOROM_CPUcpsie)
                  0000e3ac    0000000c     drivers_cc26xxware.aem3 : PowerCC26XX.oem3 (.text:Power_getConstraintMask)
                  0000e3b8    0000000c                             : PowerCC26XX.oem3 (.text:Power_getDependencyCount)
                  0000e3c4    0000000c                             : PowerCC26XX.oem3 (.text:Power_getTransitionState)
                  0000e3d0    0000000c     SensorI2C.obj (.text:SensorI2C_deselect)
                  0000e3dc    0000000c     sensortag_conn_ctrl.obj (.text:SensorTagConnectionControl_init)
                  0000e3e8    0000000c     sensortag.obj (.text:SensorTag_processGATTMsg$0)
                  0000e3f4    0000000c     sensortag.obj (.text:SensorTag_processStackMsg$0)
                  0000e400    0000000c     sensortag.obj (.text:SensorTag_testResult)
                  0000e40c    0000000c     rtsv7M3_T_le_eabi.lib : copy_zero_init.obj (.text:decompress:ZI)
                  0000e418    0000000c     icall_api.obj (.text:matchProfileSetParamCS$27)
                  0000e424    0000000c     SPICC26XXDMA.obj (.text:spiPostNotify$21)
                  0000e430    0000000c     sysbios.aem3 : BIOS.obj (.text:ti_sysbios_BIOS_getThreadType__E)
                  0000e43c    0000000c     app_ble_pem3.oem3 (.text:ti_sysbios_family_arm_m3_Hwi_Params__init__S)
                  0000e448    0000000c     sysbios.aem3 : BIOS.obj (.text:ti_sysbios_family_arm_m3_Hwi_disableFxn__E)
                  0000e454    0000000c                  : BIOS.obj (.text:ti_sysbios_family_arm_m3_Hwi_enableFxn__E)
                  0000e460    0000000c                  : BIOS.obj (.text:ti_sysbios_family_arm_m3_TaskSupport_getStackAlignment__E)
                  0000e46c    0000000c                  : BIOS.obj (.text:ti_sysbios_gates_GateHwi_enter__E)
                  0000e478    0000000c     app_ble_pem3.oem3 (.text:ti_sysbios_hal_Hwi_Params__init__S)
                  0000e484    0000000c     app_ble_pem3.oem3 (.text:ti_sysbios_knl_Clock_Params__init__S)
                  0000e490    0000000c     app_ble_pem3.oem3 (.text:ti_sysbios_knl_Queue_Object__get__S)
                  0000e49c    0000000c     sysbios.aem3 : BIOS.obj (.text:ti_sysbios_knl_Queue_dequeue__E)
                  0000e4a8    0000000c                  : BIOS.obj (.text:ti_sysbios_knl_Queue_enqueue__E)
                  0000e4b4    0000000c     app_ble_pem3.oem3 (.text:ti_sysbios_knl_Semaphore_Params__init__S)
                  0000e4c0    0000000c     app_ble_pem3.oem3 (.text:ti_sysbios_knl_Swi_Params__init__S)
                  0000e4cc    0000000c     sysbios.aem3 : BIOS.obj (.text:ti_sysbios_knl_Swi_getTrigger__E)
                  0000e4d8    0000000c     app_ble_pem3.oem3 (.text:ti_sysbios_knl_Task_Params__init__S)
                  0000e4e4    0000000c     sysbios.aem3 : BIOS.obj (.text:ti_sysbios_knl_Task_self__E)
                  0000e4f0    0000000c                  : BIOS.obj (.text:xdc_runtime_Gate_enterSystem__E)
                  0000e4fc    0000000c                  : BIOS.obj (.text:xdc_runtime_HeapMin_getStats__E)
                  0000e508    0000000c                  : BIOS.obj (.text:xdc_runtime_Memory_calloc__E)
                  0000e514    0000000c                  : BIOS.obj (.text:xdc_runtime_Memory_getMaxDefaultTypeAlign__E)
                  0000e520    0000000c                  : BIOS.obj (.text:xdc_runtime_Startup_rtsDone__E)
                  0000e52c    0000000a     I2CCC26XX.obj (.text:I2CCC26XX_init)
                  0000e536    0000000a     I2C.obj (.text:I2C_close)
                  0000e540    0000000a     I2C.obj (.text:I2C_transfer)
                  0000e54a    0000000a     icall_cc2650.obj (.text:ICallPlatform_pwrSwitchXOSCHF)
                  0000e554    0000000a     icall.obj (.text:ICall_primE2S$24)
                  0000e55e    0000000a     drivers_cc26xxware.aem3 : List.oem3 (.text:List_empty)
                  0000e568    0000000a     oad_target_external_flash.obj (.text:OADTarget_readFlash)
                  0000e572    0000000a     SPI.obj (.text:SPI_close)
                  0000e57c    0000000a     SPI.obj (.text:SPI_transfer)
                  0000e586    0000000a     sensortag.obj (.text:SensorTag_charValueChangeCB)
                  0000e590    0000000a     sensortag.obj (.text:SensorTag_stateChangeCB$0)
                  0000e59a    0000000a     UDMACC26XX.obj (.text:UDMACC26XX_hwiIntFxn)
                  0000e5a4    0000000a     app_ble_pem3.oem3 (.text:xdc_runtime_IHeap_alloc)
                  0000e5ae    00000008     I2CCC26XX.obj (.text:I2CCC26XX_blockingCallback$17)
                  0000e5b6    00000008     RFCC26XX_singleMode.obj (.text:RF_flushCmd)
[...]
0000f2ec  xdc_runtime_Startup_sfxnTab__C                              
0000f2f0  xdc_runtime_SysCallback_abortFxn__C                         
0000f2f4  xdc_runtime_SysCallback_exitFxn__C                          
0000f2f8  xdc_runtime_System_Module__gateObj__C                       
0000f2fc  xdc_runtime_System_abortFxn__C                              
0000f300  xdc_runtime_System_exitFxn__C                               
0000f304  xdc_runtime_System_maxAtexitHandlers__C                     
0000f308  xdc_runtime_Text_nodeTab__A                                 
0000f30c  ti_sysbios_family_arm_m3_Hwi_Module__id__C                  
0000f30e  xdc_runtime_HeapMin_Module__id__C                           
0000f310  xdc_runtime_HeapMin_freeError__C                            
0000f312  xdc_runtime_Memory_Module__id__C                            
0000f314  xdc_runtime_Text_charTab__A                                 
0000f318  __TI_static_base__                                          
0000fe98  __TI_Handler_Table_Base                                     
0000fea4  __TI_Handler_Table_Limit                                    
0000fed0  __TI_CINIT_Base                                             
0000ff00  __TI_CINIT_Limit                                            
10014c00  A1_rw                                                       
10014c00  __checksum_begin_CommonROM                                  
10014c01  COMMON_ROM_BASE_ADDR                                        
10014c04  P1_ro                                                       
10014c05  SCALARMUL_init                                              
10014ced  SCALARMUL_core                                              
10015019  SCALARMUL_final                                             
100150e5  SCALARMUL                                                   
10015101  SAVEPOINT                                                   
10015141  GETBIT                                                      
10015155  GETDIGIT                                                    
100151a5  GETDIGITL2R                                                 
10015215  SelectReg                                                   
10015229  ATOMICPATTERN                                               
100154f5  JACADD                                                      
1001568d  INVERT                                                      
10015821  SQUAREMULTIPLYWORD                                          
1001588c  LUTOPCODE                                                   
10015894  LUTOPSIGN                                                   
100158ac  LUTC                                                        
100158c4  LUTSE                                                       
100158dc  LUTINCI                                                     
100158f4  LUTJ                                                        
1001596c  LUTSTATE                                                    
100159a9  IMPORTLENGTH                                                
100159ad  IMPORTMODULUS                                               
100159d1  IMPORTOPERAND                                               
10015a11  EXPORTOPERAND                                               
10015a35  IMPORTDATA                                                  
10015a51  SETOPERAND                                                  
10015a6d  COPY                                                        
10015a85  ZERO                                                        
10015a91  SETWORD                                                     
10015a9d  mSET                                                        
10015bcd  zSET                                                        
10015bd5  mINVK                                                       
10015d19  zADD                                                        
10015d5d  zSUB                                                        
10015de9  zMACC32                                                     
10015e69  zSUB32                                                      
10015eb5  zADD32                                                      
10015f0d  zMULT32                                                     
10015f81  mMULT                                                       
10016551  mADD                                                        
1001664d  mSUB                                                        
10016749  mOUT                                                        
10016975  ssp_KeyInit_Sw                                              
10016979  sspAesEncrypt_Sw                                            
10016985  sspKeyExpansion_Sw                                          
10016a99  sspAesEncryptKeyExp_Sw                                      
10016af5  sspAesEncryptBasic_Sw                                       
10016b79  RoundKey_Sw                                                 
10016c29  AddRoundKeySubBytes_Sw                                      
10016c45  ShiftRows_Sw                                                
10016c79  MixColumns_Sw                                               
10016d05  FFMult_Sw                                                   
10016d29  sspAesDecrypt_Sw                                            
10016da1  InvAddRoundKey_Sw                                           
10016dc9  InvRoundKey_Sw                                              
10016e8d  InvSubBytes_Sw                                              
10016ea1  InvShiftRows_Sw                                             
10016ed5  InvMixColumns_Sw                                            
10016f58  FFMult2                                                     
10017058  FFMult3                                                     
10017158  RCon                                                        
10017164  Sbox                                                        
10017264  InvSbox                                                     
10017365  SSP_CCM_Auth_Sw                                             
100174fd  SSP_CCM_Encrypt_Sw                                          
100175ed  SSP_CTR_Encrypt_Sw                                          
1001767d  SSP_CCM_Decrypt_Sw                                          
10017771  SSP_CTR_Decrypt_Sw                                          
10017839  SSP_CCM_InvAuth_Sw                                          
10017895  SSP_CCM_Auth_Encrypt_Sw                                     
100178f5  SSP_CCM_InvAuth_Decrypt_Sw                                  
10017959  ECC_allocWorkzone                                           
10017961  ECC_setWin                                                  
10017969  ECDSA_sign                                                  
10017b01  ECDSA_verif                                                 
10017dbd  eccRom_genKeys                                              
10017ded  eccRom_genSharedSecret                                      
10017e39  SHA256_updateW                                              
10017e75  SHA256_round                                                
10017ef1  SHA256_nextState                                            
10017f49  SHA256_saveBuffer                                           
10017ffd  SHA256_init                                                 
10018019  SHA256_process                                              
10018089  SHA256_final                                                
10018129  SHA256_full                                                 
100182ad  RFHAL_InitRfHal                                             
10018315  RFHAL_AllocRatChan                                          
1001833d  RFHAL_FreeRatChan                                           
10018369  RFHAL_MapRatChansToInt                                      
10018391  RFHAL_RegisterRatChanCallback                               
100183b9  RFHAL_InitDataQueue                                         
100183c5  RFHAL_QueueRFDataEntries                                    
10018415  RFHAL_AddTxDataEntry                                        
10018485  RFHAL_FreeNextTxDataEntry                                   
100184a9  RFHAL_AllocDataEntryQueue                                   
100184c5  RFHAL_FreeDataEntryQueue                                    
100184cd  RFHAL_GetNextDataEntry                                      
100184d1  RFHAL_GetTempDataEntry                                      
100184d5  RFHAL_NextDataEntryDone                                     
100184f9  RFHAL_AllocDataEntry                                        
10018549  RFHAL_FreeDataEntry                                         
10018551  RFHAL_BuildRingBuffer                                       
100185e1  RFHAL_BuildDataEntryRingBuffer                              
10018669  RFHAL_BuildLinkedBuffer                                     
10018755  MB_Init                                                     
10018799  MB_EnableInts                                               
100187f5  MB_DisableInts                                              
10018825  MB_ClearInts                                                
10018835  MB_EnableHWInts                                             
10018865  MB_SendCommand                                              
100188a5  MB_SendCommandSynch                                         
10018935  MB_ReadMailboxStatus                                        
1001893d  MB_RegisterIsrCback                                         
10018945  MB_FwDebugDump                                              
10018949  mbCmdAckIsr                                                 
1001895d  mbCpe0Isr                                                   
10018985  mbCpe1Isr                                                   
100189e5  mbHwIsr                                                     
10018a19  AesCcm_authEncrypt_Sw                                       
10018a35  AesCcm_decryptAuth_Sw                                       
10018a99  Aes_encrypt_Sw                                              
10018ac5  Aes_decrypt_Sw                                              
10018b09  AesCcm_getNumBlocks_Sw                                      
10018b0c  NIST_Curve_P256_p                                           
10018b30  NIST_Curve_P256_r                                           
10018b54  NIST_Curve_P256_a                                           
10018b78  NIST_Curve_P256_b                                           
10018b9c  NIST_Curve_P256_Gx                                          
10018bc0  NIST_Curve_P256_Gy                                          
10018ced  __exit                                                      
10018d6c  Fill1                                                       
10019ffc  A3_rw                                                       
10019ffd  __checksum_end_CommonROM                                    
10019ffe  A2_rw                                                       
10019ffe  P1_ro_2                                                     
10019ffe  __checksum_CommonROM                                        
20000000  ti_sysbios_family_arm_m3_Hwi_ramVectors                     
20000520  gapProfileState                                             
20000521  selfEntityMain                                              
20000528  sem                                                         
2000052c  hGpioPin                                                    
20000548  pinGpioState                                                
200008d8  linkDBNumConns                                              
200009ec  gapRoleTask                                                 
20000a3c  gapRoleTaskStack                                            
20001944  ti_sysbios_family_arm_cc26xx_Timer_Module__root__V          
2000194c  ti_sysbios_family_arm_cc26xx_Timer_Module__state__V         
20001954  ti_sysbios_family_arm_m3_Hwi_Module__root__V                
2000195c  ti_sysbios_family_arm_m3_Hwi_Object__table__V               
20001974  ti_sysbios_family_arm_m3_Hwi_Module_State_0_excActive__A    
20001978  ti_sysbios_family_arm_m3_Hwi_Module_State_0_excContext__A   
2000197c  ti_sysbios_family_arm_m3_Hwi_Module_State_0_excStack__A     
20001980  ti_sysbios_gates_GateHwi_Module__root__V                    
20001988  ti_sysbios_gates_GateHwi_Object__table__V                   
2000198c  ti_sysbios_gates_GateMutex_Module__root__V                  
20001994  ti_sysbios_gates_GateMutex_Object__table__V                 
200019b0  ti_sysbios_hal_Hwi_Module__root__V                          
200019b8  ti_sysbios_knl_Clock_Module__root__V                        
200019c0  ti_sysbios_knl_Clock_Object__table__V                       
200019e0  ti_sysbios_knl_Queue_Module__root__V                        
200019e8  ti_sysbios_knl_Semaphore_Module__root__V                    
200019f0  ti_sysbios_knl_Swi_Module__root__V                          
200019f8  ti_sysbios_knl_Swi_Module__state__V                         
20001a14  ti_sysbios_knl_Task_Module__root__V                         
20001a1c  ti_sysbios_knl_Task_Module_State_0_idleTask__A              
20001a20  xdc_runtime_Error_Module__state__V                          
20001a24  xdc_runtime_HeapMin_Module__root__V                         
20001a2c  xdc_runtime_HeapMin_Object__table__V                        
20001a3c  xdc_runtime_Memory_Module__state__V                         
20001a40  xdc_runtime_Registry_Module__state__V                       
20001a48  xdc_runtime_Startup_Module__state__V                        
20001a50  xdc_runtime_System_Module__state__V                         
20001a58  xdc_runtime_Text_Module__state__V                           
20001a60  __xdc__init__addr                                           
20001a64  PowerCC26XX_module                                          
20001b74  ICall_dispatcher                                            
20001b7c  ICall_enterCriticalSection                                  
20001b80  ICall_leaveCriticalSection                                  
20001b98  HEAPMGR_SIZE                                                
20002264  rfRegTbl                                                    
20002300  ti_sysbios_knl_Task_Object__table__V                        
20002350  ti_sysbios_family_arm_cc26xx_Timer_Object__table__V         
20002398  ti_sysbios_knl_Task_Module__state__V                        
20002410  ti_sysbios_family_arm_m3_Hwi_Module__state__V               
20002474  ti_sysbios_knl_Swi_Module_State_0_readyQ__A                 
200024a4  ti_sysbios_knl_Swi_Object__table__V                         
200024d4  ti_sysbios_knl_Task_Module_State_0_readyQ__A                
20002504  user0Cfg                                                    
2000258c  ti_sysbios_knl_Clock_Module__state__V                       
200025b8  ti_sysbios_BIOS_Module__state__V                            
20002608  lastAppOpcodeSent                                           
2000260c  pfnBMAlloc                                                  
20002610  pfnBMFree                                                   
2000261c  _lock                                                       
20002620  _unlock                                                     
20002624  __TI_cleanup_ptr                                            
20002628  __TI_dtors_ptr                                              
20002638  appAssertCback                                              
2000263c  main_func_sp                                                
20002650  xdc_runtime_HeapMin_Instance_State_0_buf__A                 
20002cd8  ti_sysbios_knl_Task_Instance_State_0_stack__A               
20002ed8  spiCC26XXDMAObjects                                         
20003090  PIN_NumPins                                                 
20003124  PIN_HandleTable                                             
200032b0  i2cCC26xxObjects                                            
20003390  ti_sysbios_family_arm_m3_Hwi_dispatchTable                  
200034d0  udmaObjects                                                 
20003534  trngCC26XXObjects                                           
20003539  driverlib_release_0_46593                                   
2000353f  heapStart                                                   
20004228  __stack                                                     
20004228  heapEnd                                                     
20004428  __STACK_END                                                 
20004428  __STACK_TOP                                                 
20004f2c  A4_rw                                                       
20004f2c  COMMON_RAM_BASE_ADDR                                        
20004f40  P2_rw                                                       
20004f40  P2_s0                                                       
20004f40  eccRom_windowSize                                           
20004f44  eccRom_workzone                                             
20004f48  eccRom_param_p                                              
20004f4c  eccRom_param_r                                              
20004f50  eccRom_param_a                                              
20004f54  inScalar                                                    
20004f58  inPointX                                                    
20004f5c  inPointY                                                    
20004f60  outPointX                                                   
20004f64  outPointY                                                   
20004f68  SCAL                                                        
20004f6c  EXPX                                                        
20004f70  EXPY                                                        
20004f74  EXPZ                                                        
20004f78  EXPW                                                        
20004f7c  ACCX                                                        
20004f80  ACCY                                                        
20004f84  ACCZ                                                        
20004f88  TMP1                                                        
20004f8c  TMP2                                                        
20004f90  TMP3                                                        
20004f94  TMP4                                                        
20004f98  TMP5                                                        
20004f9c  TMP6                                                        
20004fa0  eccRom_param_Gx                                             
20004fa4  eccRom_param_Gy                                             
20004fa8  eccRom_param_b                                              
20004fac  P2_zi                                                       
20004fac  ratChanInfo                                                 
20004fcc  fwInfoCmd                                                   
20004fd8  MSBMOD                                                      
20004fdc  aux64                                                       
20004fe4  MOD                                                         
20004fe8  LEN                                                         
20004ffc  pSspAesEncrypt_Sw                                           
e000e000  ti_sysbios_family_arm_m3_Hwi_nvic                           
ffffffff  __binit__                                                   
ffffffff  __c_args__                                                  
ffffffff  binit                                                       
UNDEFED   SHT$$INIT_ARRAY$$Base                                       
UNDEFED   SHT$$INIT_ARRAY$$Limit                                      

[1075 symbols]
